Component: ARM Compiler 6.10.1 Tool: armlink [5d142800]

==============================================================================

Section Cross References

    main.o(.text) refers (Special) to _printf_d.o(.ARM.Collect$$_printf_percent$$00000009) for _printf_d
    main.o(.text) refers (Special) to _printf_f.o(.ARM.Collect$$_printf_percent$$00000003) for _printf_f
    main.o(.text) refers (Special) to printf1.o(x$fpl$printf1) for _printf_fp_dec
    main.o(.text) refers (Special) to _printf_dec.o(.text) for _printf_int_dec
    main.o(.text) refers (Special) to _printf_percent.o(.ARM.Collect$$_printf_percent$$00000000) for _printf_percent
    main.o(.text) refers (Special) to _printf_pad.o(.text) for _printf_pre_padding
    main.o(.text.main) refers (Special) to _printf_d.o(.ARM.Collect$$_printf_percent$$00000009) for _printf_d
    main.o(.text.main) refers (Special) to _printf_f.o(.ARM.Collect$$_printf_percent$$00000003) for _printf_f
    main.o(.text.main) refers (Special) to printf1.o(x$fpl$printf1) for _printf_fp_dec
    main.o(.text.main) refers (Special) to _printf_dec.o(.text) for _printf_int_dec
    main.o(.text.main) refers (Special) to _printf_percent.o(.ARM.Collect$$_printf_percent$$00000000) for _printf_percent
    main.o(.text.main) refers (Special) to _printf_pad.o(.text) for _printf_pre_padding
    main.o(.text.main) refers to system_stm32f10x.o(.text.SystemInit) for SystemInit
    main.o(.text.main) refers to sys.o(.text.Stm32_Clock_Init) for Stm32_Clock_Init
    main.o(.text.main) refers to delay.o(.text.delay_init) for delay_init
    main.o(.text.main) refers to sys.o(.text.JTAG_Set) for JTAG_Set
    main.o(.text.main) refers to main.o(.bss.RCC_CLK) for RCC_CLK
    main.o(.text.main) refers to stm32f10x_rcc.o(.text.RCC_GetClocksFreq) for RCC_GetClocksFreq
    main.o(.text.main) refers to misc.o(.text.NVIC_PriorityGroupConfig) for NVIC_PriorityGroupConfig
    main.o(.text.main) refers to drv_led.o(.text._Z12init_drv_LEDv) for init_drv_LED()
    main.o(.text.main) refers to drv_beep.o(.text._Z9BEEP_Initv) for BEEP_Init()
    main.o(.text.main) refers to mpu6050.o(.text.MPU_Init) for MPU_Init
    main.o(.text.main) refers to inv_mpu.o(.text.mpu_dmp_init) for mpu_dmp_init
    main.o(.text.main) refers to commulink.o(.text._Z14init_Commulinkv) for init_Commulink()
    main.o(.text.main) refers to drv_lcd.o(.text._Z12init_drv_LCDv) for init_drv_LCD()
    main.o(.text.main) refers to gui.o(.text._Z8init_GUIv) for init_GUI()
    main.o(.text.main) refers to drv_key.o(.text._Z12init_drv_Keyv) for init_drv_Key()
    main.o(.text.main) refers to adc.o(.text.Adc_Init) for Adc_Init
    main.o(.text.main) refers to drv_uart1.o(.text.init_drv_Uart1) for init_drv_Uart1
    main.o(.text.main) refers to drv_encoder.o(.text._Z21drv_Encoder_Init_TIM3v) for drv_Encoder_Init_TIM3()
    main.o(.text.main) refers to drv_encoder.o(.text._Z21drv_Encoder_Init_TIM4v) for drv_Encoder_Init_TIM4()
    main.o(.text.main) refers to drv_pwmout.o(.text._Z15init_drv_PWMOutv) for init_drv_PWMOut()
    main.o(.text.main) refers to drv_pwmout.o(.text._Z14init_drv_Motorv) for init_drv_Motor()
    main.o(.text.main) refers to stm32f10x_rcc.o(.text.RCC_APB1PeriphClockCmd) for RCC_APB1PeriphClockCmd
    main.o(.text.main) refers to stm32f10x_tim.o(.text.TIM_TimeBaseInit) for TIM_TimeBaseInit
    main.o(.text.main) refers to stm32f10x_tim.o(.text.TIM_ITConfig) for TIM_ITConfig
    main.o(.text.main) refers to misc.o(.text.NVIC_Init) for NVIC_Init
    main.o(.text.main) refers to stm32f10x_tim.o(.text.TIM_Cmd) for TIM_Cmd
    main.o(.text.main) refers to drv_hcsr04.o(.text._Z10hcsr04Initv) for hcsr04Init()
    main.o(.text.main) refers to drv_uart3.o(.text.init_drv_Uart3) for init_drv_Uart3
    main.o(.text.main) refers to main.o(.bss.str) for str
    main.o(.text.main) refers to control.o(.bss.position_PID) for position_PID
    main.o(.text.main) refers to drv_uart1.o(.bss.data_array) for data_array
    main.o(.text.main) refers to control.o(.bss.distance_PID) for distance_PID
    main.o(.text.main) refers to control.o(.bss.speed_PID) for speed_PID
    main.o(.text.main) refers to dflt_clz.o(x$fpl$dflt) for __aeabi_i2d
    main.o(.text.main) refers to ddiv.o(x$fpl$ddiv) for __aeabi_ddiv
    main.o(.text.main) refers to d2f.o(x$fpl$d2f) for __aeabi_d2f
    main.o(.text.main) refers to main.o(.data.targer_speed) for targer_speed
    main.o(.text.main) refers to adc.o(.text.Get_Adc_Average) for Get_Adc_Average
    main.o(.text.main) refers to f2d.o(x$fpl$f2d) for __aeabi_f2d
    main.o(.text.main) refers to dmul.o(x$fpl$dmul) for __aeabi_dmul
    main.o(.text.main) refers to main.o(.bss.VDDA) for VDDA
    main.o(.text.main) refers to main.o(.bss.mode) for mode
    main.o(.text.main) refers to main.o(.rodata.str1.1) for .L.str
    main.o(.text.main) refers to noretval__2sprintf.o(.text) for __2sprintf
[...]
    TIM_ITConfig                             0x08003751   Thumb Code    16  stm32f10x_tim.o(.text.TIM_ITConfig)
    TIM_OC1Init                              0x08003761   Thumb Code   114  stm32f10x_tim.o(.text.TIM_OC1Init)
    TIM_OC1PreloadConfig                     0x080037d5   Thumb Code    12  stm32f10x_tim.o(.text.TIM_OC1PreloadConfig)
    TIM_OC2Init                              0x080037e1   Thumb Code   122  stm32f10x_tim.o(.text.TIM_OC2Init)
    TIM_OC2PreloadConfig                     0x0800385d   Thumb Code    14  stm32f10x_tim.o(.text.TIM_OC2PreloadConfig)
    TIM_OC3Init                              0x0800386d   Thumb Code   122  stm32f10x_tim.o(.text.TIM_OC3Init)
    TIM_OC3PreloadConfig                     0x080038e9   Thumb Code    12  stm32f10x_tim.o(.text.TIM_OC3PreloadConfig)
    TIM_OC4Init                              0x080038f5   Thumb Code    96  stm32f10x_tim.o(.text.TIM_OC4Init)
    TIM_OC4PreloadConfig                     0x08003955   Thumb Code    14  stm32f10x_tim.o(.text.TIM_OC4PreloadConfig)
    TIM_SetCounter                           0x08003965   Thumb Code     4  stm32f10x_tim.o(.text.TIM_SetCounter)
    TIM_TimeBaseInit                         0x08003969   Thumb Code   170  stm32f10x_tim.o(.text.TIM_TimeBaseInit)
    TIM_TimeBaseStructInit                   0x08003a15   Thumb Code    14  stm32f10x_tim.o(.text.TIM_TimeBaseStructInit)
    USART1_IRQHandler                        0x08003a25   Thumb Code  1138  drv_uart1.o(.text.USART1_IRQHandler)
    USART3_IRQHandler                        0x08003e99   Thumb Code   200  drv_uart3.o(.text.USART3_IRQHandler)
    USART_Cmd                                0x08003f61   Thumb Code    18  stm32f10x_usart.o(.text.USART_Cmd)
    USART_GetITStatus                        0x08003f75   Thumb Code    66  stm32f10x_usart.o(.text.USART_GetITStatus)
    USART_ITConfig                           0x08003fb9   Thumb Code    46  stm32f10x_usart.o(.text.USART_ITConfig)
    USART_Init                               0x08003fe9   Thumb Code   170  stm32f10x_usart.o(.text.USART_Init)
    USART_ReceiveData                        0x08004095   Thumb Code     8  stm32f10x_usart.o(.text.USART_ReceiveData)
    UsageFault_Handler                       0x0800409d   Thumb Code     2  stm32f10x_it.o(.text.UsageFault_Handler)
    Write_Byte                               0x080040a1   Thumb Code    70  mpu6050.o(.text.Write_Byte)
    Write_Len                                0x080040e9   Thumb Code   312  mpuiic.o(.text.Write_Len)
    L_SpeedPID(float)                        0x08004221   Thumb Code   158  control.o(.text._Z10L_SpeedPIDf)
    R_SpeedPID(float)                        0x080042c1   Thumb Code   158  control.o(.text._Z10R_SpeedPIDf)
    hcsr04Init()                             0x08004361   Thumb Code   202  drv_hcsr04.o(.text._Z10hcsr04Initv)
    DistancePID(float)                       0x0800442d   Thumb Code   112  control.o(.text._Z11DistancePIDf)
    LCD_WR_DATA(unsigned short)              0x0800449d   Thumb Code    20  drv_lcd.o(.text._Z11LCD_WR_DATAt)
    LCD_ShowChar(unsigned short, unsigned short, unsigned char, unsigned short, unsigned short, unsigned char, unsigned char) 0x080044b1   Thumb Code   334  gui.o(.text._Z12LCD_ShowChartthtthh)
    LCD_Writ_Bus(unsigned char)              0x08004601   Thumb Code   340  drv_lcd.o(.text._Z12LCD_Writ_Bush)
    Read_Encoder(unsigned char)              0x08004755   Thumb Code    42  drv_encoder.o(.text._Z12Read_Encoderh)
    init_drv_Key()                           0x08004781   Thumb Code    98  drv_key.o(.text._Z12init_drv_Keyv)
    init_drv_LCD()                           0x080047e5   Thumb Code   654  drv_lcd.o(.text._Z12init_drv_LCDv)
    init_drv_LED()                           0x08004a75   Thumb Code   234  drv_led.o(.text._Z12init_drv_LEDv)
    LCD_GPIO_Init()                          0x08004b61   Thumb Code   122  drv_lcd.o(.text._Z13LCD_GPIO_Initv)
    sendLedSignal(LEDSignal)                 0x08004bdd   Thumb Code     2  commulink.o(.text._Z13sendLedSignal9LEDSignal)
    LCD_ShowString(unsigned short, unsigned short, const char*, unsigned short, unsigned short, unsigned char, unsigned char) 0x08004be1   Thumb Code    68  gui.o(.text._Z14LCD_ShowStringttPKctthh)
    init_Commulink()                         0x08004c25   Thumb Code     2  commulink.o(.text._Z14init_Commulinkv)
    init_drv_Motor()                         0x08004c29   Thumb Code    96  drv_pwmout.o(.text._Z14init_drv_Motorv)
    LCD_Address_Set(unsigned short, unsigned short, unsigned short, unsigned short) 0x08004c89   Thumb Code   142  drv_lcd.o(.text._Z15LCD_Address_Settttt)
    init_drv_PWMOut()                        0x08004d19   Thumb Code   204  drv_pwmout.o(.text._Z15init_drv_PWMOutv)
    UltraSonic_valuetance()                  0x08004de5   Thumb Code    40  drv_hcsr04.o(.text._Z21UltraSonic_valuetancev)
    drv_Encoder_Init_TIM3()                  0x08004e0d   Thumb Code   160  drv_encoder.o(.text._Z21drv_Encoder_Init_TIM3v)
    drv_Encoder_Init_TIM4()                  0x08004ead   Thumb Code   158  drv_encoder.o(.text._Z21drv_Encoder_Init_TIM4v)
    L_PWMset(int)                            0x08004f4d   Thumb Code    80  drv_pwmout.o(.text._Z8L_PWMseti)
    R_PWMset(int)                            0x08004f9d   Thumb Code    88  drv_pwmout.o(.text._Z8R_PWMseti)
    init_GUI()                               0x08004ff5   Thumb Code  2156  gui.o(.text._Z8init_GUIv)
    BEEP_Init()                              0x08005861   Thumb Code    54  drv_beep.o(.text._Z9BEEP_Initv)
    TraceMove(int, float)                    0x08005899   Thumb Code   442  control.o(.text._Z9TraceMoveif)
    _sys_exit                                0x08005a55   Thumb Code     2  usart.o(.text._sys_exit)
    delay_init                               0x08005a59   Thumb Code    66  delay.o(.text.delay_init)
    delay_ms                                 0x08005a9d   Thumb Code    90  delay.o(.text.delay_ms)
    delay_us                                 0x08005af9   Thumb Code    90  delay.o(.text.delay_us)
    dmp_enable_feature                       0x08005b55   Thumb Code   682  inv_mpu_dmp_motion_driver.o(.text.dmp_enable_feature)
    dmp_load_motion_driver_firmware          0x08005e01   Thumb Code    22  inv_mpu_dmp_motion_driver.o(.text.dmp_load_motion_driver_firmware)
    dmp_read_fifo                            0x08005e19   Thumb Code   500  inv_mpu_dmp_motion_driver.o(.text.dmp_read_fifo)
    dmp_set_accel_bias                       0x0800600d   Thumb Code   208  inv_mpu_dmp_motion_driver.o(.text.dmp_set_accel_bias)
    dmp_set_fifo_rate                        0x080060dd   Thumb Code    86  inv_mpu_dmp_motion_driver.o(.text.dmp_set_fifo_rate)
    dmp_set_gyro_bias                        0x08006135   Thumb Code   228  inv_mpu_dmp_motion_driver.o(.text.dmp_set_gyro_bias)
    dmp_set_orientation                      0x08006219   Thumb Code   228  inv_mpu_dmp_motion_driver.o(.text.dmp_set_orientation)
    dmp_set_tap_thresh                       0x080062fd   Thumb Code   286  inv_mpu_dmp_motion_driver.o(.text.dmp_set_tap_thresh)
    fputc                                    0x0800641d   Thumb Code    46  usart.o(.text.fputc)
    init_drv_Uart1                           0x080067a1   Thumb Code   164  drv_uart1.o(.text.init_drv_Uart1)
    init_drv_Uart3                           0x08006845   Thumb Code   170  drv_uart3.o(.text.init_drv_Uart3)
    kalman_filter_init                       0x080068f1   Thumb Code    30  self_filter.o(.text.kalman_filter_init)
    kalman_filter_update                     0x08006911   Thumb Code   290  self_filter.o(.text.kalman_filter_update)
    main                                     0x08006a35   Thumb Code  1684  main.o(.text.main)
    mget_ms                                  0x080070c9   Thumb Code     2  inv_mpu.o(.text.mget_ms)
    mpu_configure_fifo                       0x080070cd   Thumb Code   192  inv_mpu.o(.text.mpu_configure_fifo)
    mpu_dmp_get_data                         0x0800718d   Thumb Code   474  inv_mpu.o(.text.mpu_dmp_get_data)
    mpu_dmp_init                             0x08007369   Thumb Code   234  inv_mpu.o(.text.mpu_dmp_init)
    mpu_get_accel_fsr                        0x08007455   Thumb Code    60  inv_mpu.o(.text.mpu_get_accel_fsr)
    mpu_get_accel_sens                       0x08007491   Thumb Code    90  inv_mpu.o(.text.mpu_get_accel_sens)
    mpu_init                                 0x080074ed   Thumb Code   548  inv_mpu.o(.text.mpu_init)
    mpu_load_firmware                        0x08007711   Thumb Code   334  inv_mpu.o(.text.mpu_load_firmware)
    mpu_lp_accel_mode                        0x08007861   Thumb Code   494  inv_mpu.o(.text.mpu_lp_accel_mode)
    mpu_read_fifo_stream                     0x08007a51   Thumb Code   170  inv_mpu.o(.text.mpu_read_fifo_stream)
    mpu_reset_fifo                           0x08007afd   Thumb Code   370  inv_mpu.o(.text.mpu_reset_fifo)
    mpu_run_self_test                        0x08007c71   Thumb Code  2376  inv_mpu.o(.text.mpu_run_self_test)
    mpu_set_bypass                           0x080085b9   Thumb Code   232  inv_mpu.o(.text.mpu_set_bypass)
    mpu_set_dmp_state                        0x080086a1   Thumb Code   238  inv_mpu.o(.text.mpu_set_dmp_state)
    mpu_set_sample_rate                      0x08008791   Thumb Code   224  inv_mpu.o(.text.mpu_set_sample_rate)
    mpu_set_sensors                          0x08008871   Thumb Code   246  inv_mpu.o(.text.mpu_set_sensors)
    mpu_write_mem                            0x08008969   Thumb Code   104  inv_mpu.o(.text.mpu_write_mem)
    run_self_test                            0x080089d1   Thumb Code   240  inv_mpu.o(.text.run_self_test)
    _btod_d2e                                0x08008ac1   Thumb Code    62  btod.o(CL$$btod_d2e)
    _d2e_denorm_low                          0x08008aff   Thumb Code    70  btod.o(CL$$btod_d2e_denorm_low)
    _d2e_norm_op1                            0x08008b45   Thumb Code    96  btod.o(CL$$btod_d2e_norm_op1)
    __btod_div_common                        0x08008ba5   Thumb Code   696  btod.o(CL$$btod_div_common)
    _e2e                                     0x08008edd   Thumb Code   220  btod.o(CL$$btod_e2e)
    _btod_ediv                               0x08008fb9   Thumb Code    42  btod.o(CL$$btod_ediv)
    _btod_emul                               0x08008fe3   Thumb Code    42  btod.o(CL$$btod_emul)
    __btod_mult_common                       0x0800900d   Thumb Code   580  btod.o(CL$$btod_mult_common)
    __ARM_fpclassify                         0x08009251   Thumb Code    40  fpclassify.o(i.__ARM_fpclassify)
    __kernel_poly                            0x08009279   Thumb Code   170  poly.o(i.__kernel_poly)
    __mathlib_dbl_infnan                     0x08009323   Thumb Code     6  dunder.o(i.__mathlib_dbl_infnan)
    __mathlib_dbl_infnan2                    0x08009329   Thumb Code     4  dunder.o(i.__mathlib_dbl_infnan2)
    __mathlib_dbl_invalid                    0x0800932d   Thumb Code    12  dunder.o(i.__mathlib_dbl_invalid)
    __mathlib_dbl_underflow                  0x08009339   Thumb Code    10  dunder.o(i.__mathlib_dbl_underflow)
    _is_digit                                0x08009349   Thumb Code    14  __printf_wp.o(i._is_digit)
    asin                                     0x08009359   Thumb Code   572  asin.o(i.asin)
    atan                                     0x080095c9   Thumb Code   474  atan.o(i.atan)
    atan2                                    0x080097e9   Thumb Code   374  atan2.o(i.atan2)
    sqrt                                     0x08009985   Thumb Code    76  sqrt.o(i.sqrt)
    _get_lc_numeric                          0x080099d1   Thumb Code    44  lc_numeric_c.o(locale$$code)
    _get_lc_ctype                            0x080099fd   Thumb Code    44  lc_ctype_c.o(locale$$code)
    __aeabi_d2f                              0x08009a29   Thumb Code     0  d2f.o(x$fpl$d2f)
    _d2f                                     0x08009a29   Thumb Code    98  d2f.o(x$fpl$d2f)
    __aeabi_dadd                             0x08009a8d   Thumb Code     0  daddsub_clz.o(x$fpl$dadd)
    _dadd                                    0x08009a8d   Thumb Code   332  daddsub_clz.o(x$fpl$dadd)
    __fpl_dcheck_NaN1                        0x08009bdd   Thumb Code    10  dcheck1.o(x$fpl$dcheck1)
    __fpl_dcmp_Inf                           0x08009bed   Thumb Code    24  dcmpi.o(x$fpl$dcmpinf)
    __aeabi_ddiv                             0x08009c05   Thumb Code     0  ddiv.o(x$fpl$ddiv)
    _ddiv                                    0x08009c05   Thumb Code   552  ddiv.o(x$fpl$ddiv)
    __aeabi_cdcmpeq                          0x08009eb5   Thumb Code     0  deqf.o(x$fpl$deqf)
    _dcmpeq                                  0x08009eb5   Thumb Code   120  deqf.o(x$fpl$deqf)
    __aeabi_d2iz                             0x08009f2d   Thumb Code     0  dfix.o(x$fpl$dfix)
    _dfix                                    0x08009f2d   Thumb Code    94  dfix.o(x$fpl$dfix)
    __aeabi_i2d                              0x08009f8b   Thumb Code     0  dflt_clz.o(x$fpl$dflt)
    _dflt                                    0x08009f8b   Thumb Code    46  dflt_clz.o(x$fpl$dflt)
    __aeabi_dmul                             0x08009fb9   Thumb Code     0  dmul.o(x$fpl$dmul)
    _dmul                                    0x08009fb9   Thumb Code   332  dmul.o(x$fpl$dmul)
    __fpl_dnaninf                            0x0800a10d   Thumb Code   156  dnaninf.o(x$fpl$dnaninf)
    __fpl_dretinf                            0x0800a1a9   Thumb Code    12  dretinf.o(x$fpl$dretinf)
    __aeabi_drsub                            0x0800a1b5   Thumb Code     0  daddsub_clz.o(x$fpl$drsb)
    _drsb                                    0x0800a1b5   Thumb Code    22  daddsub_clz.o(x$fpl$drsb)
    _dsqrt                                   0x0800a1cd   Thumb Code   456  dsqrt_noumaal.o(x$fpl$dsqrt)
    __aeabi_dsub                             0x0800a399   Thumb Code     0  daddsub_clz.o(x$fpl$dsub)
    _dsub                                    0x0800a399   Thumb Code   464  daddsub_clz.o(x$fpl$dsub)
    __aeabi_f2d                              0x0800a56d   Thumb Code     0  f2d.o(x$fpl$f2d)
    _f2d                                     0x0800a56d   Thumb Code    86  f2d.o(x$fpl$f2d)
    __aeabi_fadd                             0x0800a5c5   Thumb Code     0  faddsub_clz.o(x$fpl$fadd)
    _fadd                                    0x0800a5c5   Thumb Code   196  faddsub_clz.o(x$fpl$fadd)
    __aeabi_fcmpeq                           0x0800a689   Thumb Code     0  fcmp.o(x$fpl$fcmp)
    _feq                                     0x0800a689   Thumb Code    14  fcmp.o(x$fpl$fcmp)
    _fneq                                    0x0800a697   Thumb Code    14  fcmp.o(x$fpl$fcmp)
    __aeabi_fcmpgt                           0x0800a6a5   Thumb Code     0  fcmp.o(x$fpl$fcmp)
    _fgr                                     0x0800a6a5   Thumb Code    14  fcmp.o(x$fpl$fcmp)
    __aeabi_fcmpge                           0x0800a6b3   Thumb Code     0  fcmp.o(x$fpl$fcmp)
    _fgeq                                    0x0800a6b3   Thumb Code    14  fcmp.o(x$fpl$fcmp)
    __aeabi_fcmple                           0x0800a6c1   Thumb Code     0  fcmp.o(x$fpl$fcmp)
    _fleq                                    0x0800a6c1   Thumb Code    14  fcmp.o(x$fpl$fcmp)
    __aeabi_fcmplt                           0x0800a6cf   Thumb Code     0  fcmp.o(x$fpl$fcmp)
    _fls                                     0x0800a6cf   Thumb Code    14  fcmp.o(x$fpl$fcmp)
    __fpl_fcmp_Inf                           0x0800a6dd   Thumb Code    24  fcmpi.o(x$fpl$fcmpinf)
    __aeabi_fdiv                             0x0800a6f5   Thumb Code     0  fdiv.o(x$fpl$fdiv)
    _fdiv                                    0x0800a6f5   Thumb Code   384  fdiv.o(x$fpl$fdiv)
    __aeabi_cfcmpeq                          0x0800a879   Thumb Code     0  feqf.o(x$fpl$feqf)
    _fcmpeq                                  0x0800a879   Thumb Code   104  feqf.o(x$fpl$feqf)
    __aeabi_f2iz                             0x0800a8e1   Thumb Code     0  ffix.o(x$fpl$ffix)
    _ffix                                    0x0800a8e1   Thumb Code    54  ffix.o(x$fpl$ffix)
    __aeabi_f2uiz                            0x0800a919   Thumb Code     0  ffixu.o(x$fpl$ffixu)
    _ffixu                                   0x0800a919   Thumb Code    62  ffixu.o(x$fpl$ffixu)
    __aeabi_i2f                              0x0800a959   Thumb Code     0  fflt_clz.o(x$fpl$fflt)
    _fflt                                    0x0800a959   Thumb Code    48  fflt_clz.o(x$fpl$fflt)
    __aeabi_ui2f                             0x0800a989   Thumb Code     0  fflt_clz.o(x$fpl$ffltu)
    _ffltu                                   0x0800a989   Thumb Code    38  fflt_clz.o(x$fpl$ffltu)
    _fcmpge                                  0x0800a9b1   Thumb Code   104  fgeqf.o(x$fpl$fgeqf)
    __aeabi_cfcmple                          0x0800aa19   Thumb Code     0  fleqf.o(x$fpl$fleqf)
    _fcmple                                  0x0800aa19   Thumb Code   104  fleqf.o(x$fpl$fleqf)
    __fpl_fcmple_InfNaN                      0x0800aa6b   Thumb Code     0  fleqf.o(x$fpl$fleqf)
    __aeabi_fmul                             0x0800aa81   Thumb Code     0  fmul.o(x$fpl$fmul)
    _fmul                                    0x0800aa81   Thumb Code   258  fmul.o(x$fpl$fmul)
    __fpl_fnaninf                            0x0800ab83   Thumb Code   140  fnaninf.o(x$fpl$fnaninf)
    __fpl_fretinf                            0x0800ac0f   Thumb Code    10  fretinf.o(x$fpl$fretinf)
    __aeabi_fsub                             0x0800ac19   Thumb Code     0  faddsub_clz.o(x$fpl$fsub)
    _fsub                                    0x0800ac19   Thumb Code   234  faddsub_clz.o(x$fpl$fsub)
    _printf_fp_dec                           0x0800ad03   Thumb Code     4  printf1.o(x$fpl$printf1)
    __fpl_return_NaN                         0x0800ad07   Thumb Code   100  retnan.o(x$fpl$retnan)
    __ARM_scalbn                             0x0800ad6b   Thumb Code    92  scalbn.o(x$fpl$scalbn)
    __fpl_cmpreturn                          0x0800adc7   Thumb Code    48  trapv.o(x$fpl$trapveneer)
    __I$use$fp                               0x0800adf6   Number         0  usenofp.o(x$fpl$usenofp)
    __mathlib_zero                           0x0800af18   Data           8  qnan.o(.constdata)
    ascii_1206                               0x0800afc8   Data        1140  font.o(.rodata.ascii_1206)
    ascii_1608                               0x0800b43c   Data        1536  font.o(.rodata.ascii_1608)
    ascii_2412                               0x0800ba3c   Data        4560  font.o(.rodata.ascii_2412)
    ascii_3216                               0x0800cc0c   Data        6080  font.o(.rodata.ascii_3216)
    hw                                       0x0800efd4   Data          12  inv_mpu.o(.rodata.hw)
    reg                                      0x0800efe0   Data          27  inv_mpu.o(.rodata.reg)
    test                                     0x0800f06c   Data          40  inv_mpu.o(.rodata.test)
    Region$$Table$$Base                      0x0800f094   Number         0  anon$$obj.o(Region$$Table)
    Region$$Table$$Limit                     0x0800f0b4   Number         0  anon$$obj.o(Region$$Table)
    __ctype                                  0x0800f0dd   Data           0  lc_ctype_c.o(locale$$data)
    Flag_sudu                                0x20000000   Data           1  drv_uart1.o(.data.Flag_sudu)
    SystemCoreClock                          0x20000004   Data           4  system_stm32f10x.o(.data.SystemCoreClock)
    targer_speed                             0x20000034   Data           4  main.o(.data.targer_speed)
    __libspace_start                         0x20000038   Data          96  libspace.o(.bss)
    Accel_Angle_x                            0x20000098   Data           4  mpu6050.o(.bss.Accel_Angle_x)
    __temporary_stack_top$libspace           0x20000098   Data           0  libspace.o(.bss)
    Accel_Angle_y                            0x2000009c   Data           4  mpu6050.o(.bss.Accel_Angle_y)
    Accel_Angle_z                            0x200000a0   Data           4  mpu6050.o(.bss.Accel_Angle_z)
    Accel_X                                  0x200000a4   Data           4  mpu6050.o(.bss.Accel_X)
    Accel_Y                                  0x200000a8   Data           4  mpu6050.o(.bss.Accel_Y)
    Accel_Z                                  0x200000ac   Data           4  mpu6050.o(.bss.Accel_Z)
    Acceleration_Z                           0x200000b0   Data           4  mpu6050.o(.bss.Acceleration_Z)
    Angle_Balance                            0x200000b4   Data           4  mpu6050.o(.bss.Angle_Balance)
    Flag_Hou                                 0x200000b8   Data           1  drv_uart1.o(.bss.Flag_Hou)
    Flag_Left                                0x200000b9   Data           1  drv_uart1.o(.bss.Flag_Left)
    Flag_Qian                                0x200000ba   Data           1  drv_uart1.o(.bss.Flag_Qian)
    Flag_Right                               0x200000bb   Data           1  drv_uart1.o(.bss.Flag_Right)
    G_X                                      0x200000bc   Data           4  mpu6050.o(.bss.G_X)
    G_Y                                      0x200000c0   Data           4  mpu6050.o(.bss.G_Y)
    G_Z                                      0x200000c4   Data           4  mpu6050.o(.bss.G_Z)
    Gyro_Balance                             0x200000c8   Data           4  mpu6050.o(.bss.Gyro_Balance)
    Gyro_Turn                                0x200000cc   Data           4  mpu6050.o(.bss.Gyro_Turn)
    Gyro_X                                   0x200000d0   Data           4  mpu6050.o(.bss.Gyro_X)
    Gyro_Y                                   0x200000d4   Data           4  mpu6050.o(.bss.Gyro_Y)
    Gyro_Z                                   0x200000d8   Data           4  mpu6050.o(.bss.Gyro_Z)
    L_PWM                                    0x200000dc   Data           4  control.o(.bss.L_PWM)
    L_angle                                  0x200000e0   Data           4  main.o(.bss.L_angle)
    L_code                                   0x200000e4   Data           4  control.o(.bss.L_code)
    L_speed                                  0x200000e8   Data           4  control.o(.bss.L_speed)
    Pitch                                    0x200000ec   Data           4  mpu6050.o(.bss.Pitch)
    RCC_CLK                                  0x200000f0   Data          20  main.o(.bss.RCC_CLK)
    R_PWM                                    0x20000104   Data           4  control.o(.bss.R_PWM)
    R_angle                                  0x20000108   Data           4  main.o(.bss.R_angle)
    R_code                                   0x2000010c   Data           4  control.o(.bss.R_code)
    R_speed                                  0x20000110   Data           4  control.o(.bss.R_speed)
    Roll                                     0x20000114   Data           4  mpu6050.o(.bss.Roll)
    Temperature                              0x20000118   Data           4  mpu6050.o(.bss.Temperature)
    VDDA                                     0x2000011c   Data           4  main.o(.bss.VDDA)
    Yaw                                      0x20000120   Data           4  mpu6050.o(.bss.Yaw)
    __stdout                                 0x2000013c   Data          84  usart.o(.bss.__stdout)
    aacx                                     0x20000190   Data           2  mpu6050.o(.bss.aacx)
    aacy                                     0x20000192   Data           2  mpu6050.o(.bss.aacy)
    aacz                                     0x20000194   Data           2  mpu6050.o(.bss.aacz)
    accel                                    0x20000196   Data           6  mpu6050.o(.bss.accel)
    all_parameters                           0x2000019c   Data           1  drv_uart1.o(.bss.all_parameters)
    angle_z                                  0x200001a0   Data           4  main.o(.bss.angle_z)
    ave_predata                              0x200001a4   Data          12  mpu6050.o(.bss.ave_predata)
    blue_flag_stop                           0x200001b0   Data           4  drv_uart1.o(.bss.blue_flag_stop)
    blue_flag_wait                           0x200001b4   Data           4  drv_uart1.o(.bss.blue_flag_wait)
    buffer                                   0x200001b8   Data           7  drv_uart1.o(.bss.buffer)
    buffer_index                             0x200001c0   Data           4  drv_uart1.o(.bss.buffer_index)
    cnt                                      0x200001c4   Data           4  drv_hcsr04.o(.bss.cnt)
    data_array                               0x200001c8   Data          36  drv_uart1.o(.bss.data_array)
    data_index                               0x200001ec   Data           4  drv_uart1.o(.bss.data_index)
    distance_PID                             0x200001f0   Data          12  control.o(.bss.distance_PID)
    distance_speed                           0x200001fc   Data           4  main.o(.bss.distance_speed)
    end_index                                0x20000214   Data           4  drv_uart3.o(.bss.end_index)
    flag_stop                                0x2000021c   Data           4  main.o(.bss.flag_stop)
    flag_wait                                0x20000220   Data           4  main.o(.bss.flag_wait)
    gyro                                     0x20000224   Data           6  mpu6050.o(.bss.gyro)
    gyrox                                    0x2000022a   Data           2  mpu6050.o(.bss.gyrox)
    gyroy                                    0x2000022c   Data           2  mpu6050.o(.bss.gyroy)
    gyroz                                    0x2000022e   Data           2  mpu6050.o(.bss.gyroz)
    i                                        0x20000230   Data           4  main.o(.bss.i)
    in                                       0x20000234   Data           4  drv_uart1.o(.bss.in)
    inside_brackets                          0x20000238   Data           1  drv_uart1.o(.bss.inside_brackets)
    is_leader                                0x2000023c   Data           4  main.o(.bss.is_leader)
    kf_pitch                                 0x20000240   Data          36  mpu6050.o(.bss.kf_pitch)
    kf_roll                                  0x20000264   Data          36  mpu6050.o(.bss.kf_roll)
    length                                   0x20000288   Data           4  drv_hcsr04.o(.bss.length)
    lengths                                  0x2000028c   Data           4  drv_hcsr04.o(.bss.lengths)
    mode                                     0x20000290   Data           4  main.o(.bss.mode)
    openmv_data_array                        0x20000294   Data          20  drv_uart3.o(.bss.openmv_data_array)
    openmv_data_index                        0x200002a8   Data           4  drv_uart3.o(.bss.openmv_data_index)
    position_PID                             0x200002ac   Data          12  control.o(.bss.position_PID)
    predata                                  0x200002b8   Data          12  mpu6050.o(.bss.predata)
    read_index                               0x200002c4   Data           1  drv_uart1.o(.bss.read_index)
    rec                                      0x200002c5   Data          80  drv_uart1.o(.bss.rec)
    res                                      0x20000315   Data           1  mpu6050.o(.bss.res)
    speed_PID                                0x20000318   Data          12  control.o(.bss.speed_PID)
    start_flag                               0x20000324   Data           4  drv_uart3.o(.bss.start_flag)
    start_index                              0x20000328   Data           4  drv_uart3.o(.bss.start_index)
    stop_time                                0x2000032c   Data           4  main.o(.bss.stop_time)
    str                                      0x20000330   Data          50  main.o(.bss.str)
    sum                                      0x20000364   Data           4  drv_hcsr04.o(.bss.sum)
    time                                     0x20000368   Data           4  drv_hcsr04.o(.bss.time)
    turn180left                              0x2000036c   Data           4  drv_uart1.o(.bss.turn180left)
    turn180right                             0x20000370   Data           4  drv_uart1.o(.bss.turn180right)
    turn360left                              0x20000374   Data           4  drv_uart1.o(.bss.turn360left)
    turn360right                             0x20000378   Data           4  drv_uart1.o(.bss.turn360right)
    turn90left                               0x2000037c   Data           4  drv_uart1.o(.bss.turn90left)
    turn90right                              0x20000380   Data           4  drv_uart1.o(.bss.turn90right)
    uart3_receive                            0x20000384   Data           4  drv_uart3.o(.bss.uart3_receive)
    uart_receive                             0x20000388   Data           4  drv_uart1.o(.bss.uart_receive)
    update_single_value                      0x2000038c   Data           1  drv_uart1.o(.bss.update_single_value)
    wait_time                                0x20000390   Data           4  main.o(.bss.wait_time)



==============================================================================

Memory Map of the image

  Image Entry point : 0x080001fd

  Load Region LR_1 (Base: 0x08000000, Size: 0x0000f218, Max: 0xffffffff, ABSOLUTE)

    Execution Region ER_RO (Exec base: 0x08000000, Load base: 0x08000000, Size: 0x0000f1e0, Max: 0xffffffff, ABSOLUTE)

    Exec Addr    Load Addr    Size         Type   Attr      Idx    E Section Name        Object

    0x08000000   0x08000000   0x00000130   Data   RO          153    RESET               startup_stm32f10x_hd.o
    0x08000130   0x08000130   0x00000008   Code   RO         2144  * !!!main             c_wu.l(__main.o)
    0x08000138   0x08000138   0x00000034   Code   RO         2672    !!!scatter          c_wu.l(__scatter.o)
    0x0800016c   0x0800016c   0x0000001a   Code   RO         2674    !!handler_copy      c_wu.l(__scatter_copy.o)
    0x08000186   0x08000186   0x00000002   PAD
    0x08000188   0x08000188   0x0000001c   Code   RO         2676    !!handler_zi        c_wu.l(__scatter_zi.o)
    0x080001a4   0x080001a4   0x00000000   Code   RO         2133    .ARM.Collect$$_printf_percent$$00000000  c_wu.l(_printf_percent.o)
    0x080001a4   0x080001a4   0x00000006   Code   RO         2132    .ARM.Collect$$_printf_percent$$00000003  c_wu.l(_printf_f.o)
    0x080001aa   0x080001aa   0x00000006   Code   RO         2131    .ARM.Collect$$_printf_percent$$00000009  c_wu.l(_printf_d.o)
    0x080001b0   0x080001b0   0x00000006   Code   RO         2130    .ARM.Collect$$_printf_percent$$0000000C  c_wu.l(_printf_x.o)
    0x080001b6   0x080001b6   0x00000004   Code   RO         2288    .ARM.Collect$$_printf_percent$$00000017  c_wu.l(_printf_percent_end.o)
    0x080001ba   0x080001ba   0x00000002   Code   RO         2541    .ARM.Collect$$libinit$$00000000  c_wu.l(libinit.o)
    0x080001bc   0x080001bc   0x00000000   Code   RO         2543    .ARM.Collect$$libinit$$00000002  c_wu.l(libinit2.o)
    0x080001bc   0x080001bc   0x00000000   Code   RO         2545    .ARM.Collect$$libinit$$00000004  c_wu.l(libinit2.o)
    0x080001bc   0x080001bc   0x00000000   Code   RO         2548    .ARM.Collect$$libinit$$0000000A  c_wu.l(libinit2.o)
    0x080001bc   0x080001bc   0x00000000   Code   RO         2550    .ARM.Collect$$libinit$$0000000C  c_wu.l(libinit2.o)
    0x080001bc   0x080001bc   0x00000000   Code   RO         2552    .ARM.Collect$$libinit$$0000000E  c_wu.l(libinit2.o)
    0x080001bc   0x080001bc   0x00000006   Code   RO         2553    .ARM.Collect$$libinit$$0000000F  c_wu.l(libinit2.o)
    0x080001c2   0x080001c2   0x00000000   Code   RO         2555    .ARM.Collect$$libinit$$00000011  c_wu.l(libinit2.o)
    0x080001c2   0x080001c2   0x0000000c   Code   RO         2556    .ARM.Collect$$libinit$$00000012  c_wu.l(libinit2.o)
    0x080001ce   0x080001ce   0x00000000   Code   RO         2557    .ARM.Collect$$libinit$$00000013  c_wu.l(libinit2.o)
    0x080001ce   0x080001ce   0x00000000   Code   RO         2559    .ARM.Collect$$libinit$$00000015  c_wu.l(libinit2.o)
    0x080001ce   0x080001ce   0x0000000a   Code   RO         2560    .ARM.Collect$$libinit$$00000016  c_wu.l(libinit2.o)
    0x080001d8   0x080001d8   0x00000000   Code   RO         2561    .ARM.Collect$$libinit$$00000017  c_wu.l(libinit2.o)
    0x080001d8   0x080001d8   0x00000000   Code   RO         2563    .ARM.Collect$$libinit$$00000019  c_wu.l(libinit2.o)
    0x080001d8   0x080001d8   0x00000000   Code   RO         2565    .ARM.Collect$$libinit$$0000001B  c_wu.l(libinit2.o)
    0x080001d8   0x080001d8   0x00000000   Code   RO         2567    .ARM.Collect$$libinit$$0000001D  c_wu.l(libinit2.o)
    0x080001d8   0x080001d8   0x00000000   Code   RO         2569    .ARM.Collect$$libinit$$0000001F  c_wu.l(libinit2.o)
    0x080001d8   0x080001d8   0x00000000   Code   RO         2571    .ARM.Collect$$libinit$$00000021  c_wu.l(libinit2.o)
    0x080001d8   0x080001d8   0x00000000   Code   RO         2573    .ARM.Collect$$libinit$$00000023  c_wu.l(libinit2.o)
    0x080001d8   0x080001d8   0x00000000   Code   RO         2575    .ARM.Collect$$libinit$$00000025  c_wu.l(libinit2.o)
    0x080001d8   0x080001d8   0x00000000   Code   RO         2579    .ARM.Collect$$libinit$$0000002C  c_wu.l(libinit2.o)
    0x080001d8   0x080001d8   0x00000000   Code   RO         2581    .ARM.Collect$$libinit$$0000002E  c_wu.l(libinit2.o)
    0x080001d8   0x080001d8   0x00000000   Code   RO         2583    .ARM.Collect$$libinit$$00000030  c_wu.l(libinit2.o)
    0x080001d8   0x080001d8   0x00000000   Code   RO         2585    .ARM.Collect$$libinit$$00000032  c_wu.l(libinit2.o)
    0x080001d8   0x080001d8   0x00000002   Code   RO         2586    .ARM.Collect$$libinit$$00000033  c_wu.l(libinit2.o)
    0x080001da   0x080001da   0x00000002   Code   RO         2653    .ARM.Collect$$libshutdown$$00000000  c_wu.l(libshutdown.o)
    0x080001dc   0x080001dc   0x00000000   Code   RO         2655    .ARM.Collect$$libshutdown$$00000002  c_wu.l(libshutdown2.o)
    0x080001dc   0x080001dc   0x00000000   Code   RO         2657    .ARM.Collect$$libshutdown$$00000004  c_wu.l(libshutdown2.o)
    0x080001dc   0x080001dc   0x00000000   Code   RO         2660    .ARM.Collect$$libshutdown$$00000007  c_wu.l(libshutdown2.o)
    0x080001dc   0x080001dc   0x00000000   Code   RO         2663    .ARM.Collect$$libshutdown$$0000000A  c_wu.l(libshutdown2.o)
    0x080001dc   0x080001dc   0x00000000   Code   RO         2665    .ARM.Collect$$libshutdown$$0000000C  c_wu.l(libshutdown2.o)
    0x080001dc   0x080001dc   0x00000000   Code   RO         2668    .ARM.Collect$$libshutdown$$0000000F  c_wu.l(libshutdown2.o)
    0x080001dc   0x080001dc   0x00000002   Code   RO         2669    .ARM.Collect$$libshutdown$$00000010  c_wu.l(libshutdown2.o)
    0x080001de   0x080001de   0x00000000   Code   RO         2266    .ARM.Collect$$rtentry$$00000000  c_wu.l(__rtentry.o)
    0x080001de   0x080001de   0x00000000   Code   RO         2427    .ARM.Collect$$rtentry$$00000002  c_wu.l(__rtentry2.o)
    0x080001de   0x080001de   0x00000006   Code   RO         2439    .ARM.Collect$$rtentry$$00000004  c_wu.l(__rtentry4.o)
    0x080001e4   0x080001e4   0x00000000   Code   RO         2429    .ARM.Collect$$rtentry$$00000009  c_wu.l(__rtentry2.o)
    0x080001e4   0x080001e4   0x00000004   Code   RO         2430    .ARM.Collect$$rtentry$$0000000A  c_wu.l(__rtentry2.o)
    0x080001e8   0x080001e8   0x00000000   Code   RO         2432    .ARM.Collect$$rtentry$$0000000C  c_wu.l(__rtentry2.o)
    0x080001e8   0x080001e8   0x00000008   Code   RO         2433    .ARM.Collect$$rtentry$$0000000D  c_wu.l(__rtentry2.o)
    0x080001f0   0x080001f0   0x00000002   Code   RO         2589    .ARM.Collect$$rtexit$$00000000  c_wu.l(rtexit.o)
    0x080001f2   0x080001f2   0x00000000   Code   RO         2612    .ARM.Collect$$rtexit$$00000002  c_wu.l(rtexit2.o)
    0x080001f2   0x080001f2   0x00000004   Code   RO         2613    .ARM.Collect$$rtexit$$00000003  c_wu.l(rtexit2.o)
    0x080001f6   0x080001f6   0x00000006   Code   RO         2614    .ARM.Collect$$rtexit$$00000004  c_wu.l(rtexit2.o)
    0x080001fc   0x080001fc   0x00000040   Code   RO          154  * .text               startup_stm32f10x_hd.o
    0x0800023c   0x0800023c   0x00000002   Code   RO         2071    .text               c_wu.l(use_no_semi_2.o)
    0x0800023e   0x0800023e   0x00000048   Code   RO         2073    .text               c_wu.l(llsdiv.o)
    0x08000286   0x08000286   0x00000002   PAD
    0x08000288   0x08000288   0x00000018   Code   RO         2079    .text               c_wu.l(noretval__2printf.o)
    0x080002a0   0x080002a0   0x00000028   Code   RO         2081    .text               c_wu.l(noretval__2sprintf.o)
    0x080002c8   0x080002c8   0x0000004e   Code   RO         2085    .text               c_wu.l(_printf_pad.o)
    0x08000316   0x08000316   0x00000002   PAD
    0x08000318   0x08000318   0x00000078   Code   RO         2087    .text               c_wu.l(_printf_dec.o)
    0x08000390   0x08000390   0x00000058   Code   RO         2092    .text               c_wu.l(_printf_hex_int.o)
    0x080003e8   0x080003e8   0x00000138   Code   RO         2122    .text               c_wu.l(__printf_flags_wp.o)
    0x08000520   0x08000520   0x0000001a   Code   RO         2134    .text               c_wu.l(atoi.o)
    0x0800053a   0x0800053a   0x00000002   PAD
    0x0800053c   0x0800053c   0x0000002c   Code   RO         2136    .text               c_wu.l(puts.o)
    0x08000568   0x08000568   0x00000058   Code   RO         2138    .text               c_wu.l(memcmp.o)
    0x080005c0   0x080005c0   0x0000004e   Code   RO         2140    .text               c_wu.l(rt_memclr_w.o)
    0x0800060e   0x0800060e   0x00000006   Code   RO         2142    .text               c_wu.l(heapauxi.o)
    0x08000614   0x08000614   0x00000002   Code   RO         2264    .text               c_wu.l(use_no_semi.o)
    0x08000616   0x08000616   0x00000002   PAD
    0x08000618   0x08000618   0x00000008   Code   RO         2270    .text               c_wu.l(rt_errno_addr_intlibspace.o)
    0x08000620   0x08000620   0x000000ee   Code   RO         2272    .text               c_wu.l(lludivv7m.o)
    0x0800070e   0x0800070e   0x00000016   Code   RO         2274    .text               c_wu.l(_rserrno.o)
    0x08000724   0x08000724   0x000000b2   Code   RO         2276    .text               c_wu.l(_printf_intcommon.o)
    0x080007d6   0x080007d6   0x0000041c   Code   RO         2278    .text               c_wu.l(_printf_fp_dec.o)
    0x08000bf2   0x08000bf2   0x00000002   PAD
    0x08000bf4   0x08000bf4   0x00000030   Code   RO         2282    .text               c_wu.l(_printf_char_common.o)
    0x08000c24   0x08000c24   0x0000000a   Code   RO         2284    .text               c_wu.l(_sputc.o)
    0x08000c2e   0x08000c2e   0x00000002   PAD
    0x08000c30   0x08000c30   0x00000024   Code   RO         2286    .text               c_wu.l(_printf_char_file.o)
    0x08000c54   0x08000c54   0x00000070   Code   RO         2289    .text               c_wu.l(strtol.o)
    0x08000cc4   0x08000cc4   0x00000008   Code   RO         2423    .text               c_wu.l(libspace.o)
    0x08000ccc   0x08000ccc   0x00000010   Code   RO         2441    .text               c_wu.l(rt_ctype_table.o)
    0x08000cdc   0x08000cdc   0x00000008   Code   RO         2450    .text               c_wu.l(rt_locale_intlibspace.o)
    0x08000ce4   0x08000ce4   0x0000008a   Code   RO         2452    .text               c_wu.l(lludiv10.o)
    0x08000d6e   0x08000d6e   0x00000002   PAD
    0x08000d70   0x08000d70   0x00000080   Code   RO         2454    .text               c_wu.l(_printf_fp_infnan.o)
    0x08000df0   0x08000df0   0x0000009e   Code   RO         2458    .text               c_wu.l(_strtoul.o)
    0x08000e8e   0x08000e8e   0x00000002   PAD
    0x08000e90   0x08000e90   0x000000e4   Code   RO         2460    .text               c_wu.l(bigflt0.o)
    0x08000f74   0x08000f74   0x00000008   Code   RO         2487    .text               c_wu.l(ferror.o)
    0x08000f7c   0x08000f7c   0x0000004a   Code   RO         2513    .text               c_wu.l(sys_stackheap_outer.o)
    0x08000fc6   0x08000fc6   0x0000001c   Code   RO         2519    .text               c_wu.l(_chval.o)
    0x08000fe2   0x08000fe2   0x00000012   Code   RO         2526    .text               c_wu.l(exit.o)
    0x08000ff4   0x08000ff4   0x00000080   Code   RO         2534    .text               c_wu.l(strcmpv7m.o)
    0x08001074   0x08001074   0x00000012   Code   RO          188    .text.ADC_Cmd       stm32f10x_adc.o
    0x08001086   0x08001086   0x00000002   PAD
    0x08001088   0x08001088   0x00000060   Code   RO          182    .text.ADC_DeInit    stm32f10x_adc.o
    0x080010e8   0x080010e8   0x00000008   Code   RO          200    .text.ADC_GetCalibrationStatus  stm32f10x_adc.o
    0x080010f0   0x080010f0   0x00000006   Code   RO          214    .text.ADC_GetConversionValue  stm32f10x_adc.o
    0x080010f6   0x080010f6   0x00000002   PAD
    0x080010f8   0x080010f8   0x0000000a   Code   RO          246    .text.ADC_GetFlagStatus  stm32f10x_adc.o
    0x08001102   0x08001102   0x00000002   PAD
    0x08001104   0x08001104   0x00000008   Code   RO          196    .text.ADC_GetResetCalibrationStatus  stm32f10x_adc.o
    0x0800110c   0x0800110c   0x00000052   Code   RO          184    .text.ADC_Init      stm32f10x_adc.o
    0x0800115e   0x0800115e   0x00000002   PAD
    0x08001160   0x08001160   0x00000066   Code   RO          210    .text.ADC_RegularChannelConfig  stm32f10x_adc.o
    0x080011c6   0x080011c6   0x00000002   PAD
    0x080011c8   0x080011c8   0x0000000a   Code   RO          194    .text.ADC_ResetCalibration  stm32f10x_adc.o
    0x080011d2   0x080011d2   0x00000002   PAD
    0x080011d4   0x080011d4   0x00000012   Code   RO          202    .text.ADC_SoftwareStartConvCmd  stm32f10x_adc.o
    0x080011e6   0x080011e6   0x00000002   PAD
    0x080011e8   0x080011e8   0x0000000a   Code   RO          198    .text.ADC_StartCalibration  stm32f10x_adc.o
    0x080011f2   0x080011f2   0x00000002   PAD
    0x080011f4   0x080011f4   0x00000082   Code   RO         1819    .text.Adc_Init      adc.o
    0x08001276   0x08001276   0x00000002   PAD
    0x08001278   0x08001278   0x00000002   Code   RO           47    .text.BusFault_Handler  stm32f10x_it.o
    0x0800127a   0x0800127a   0x00000002   PAD
    0x0800127c   0x0800127c   0x00000002   Code   RO           51    .text.DebugMon_Handler  stm32f10x_it.o
    0x0800127e   0x0800127e   0x00000002   PAD
    0x08001280   0x08001280   0x0000005a   Code   RO         1425    .text.EXTI0_IRQHandler  drv_key.o
    0x080012da   0x080012da   0x00000002   PAD
    0x080012dc   0x080012dc   0x000000de   Code   RO         1938    .text.EXTI9_5_IRQHandler  drv_hcsr04.o
    0x080013ba   0x080013ba   0x00000002   PAD
    0x080013bc   0x080013bc   0x0000000c   Code   RO          520    .text.EXTI_ClearITPendingBit  stm32f10x_exti.o
    0x080013c8   0x080013c8   0x0000001c   Code   RO          518    .text.EXTI_GetITStatus  stm32f10x_exti.o
    0x080013e4   0x080013e4   0x00000060   Code   RO          508    .text.EXTI_Init     stm32f10x_exti.o
    0x08001444   0x08001444   0x00000034   Code   RO          681    .text.GPIO_EXTILineConfig  stm32f10x_gpio.o
    0x08001478   0x08001478   0x000002de   Code   RO          653    .text.GPIO_Init     stm32f10x_gpio.o
    0x08001756   0x08001756   0x00000002   PAD
    0x08001758   0x08001758   0x0000006e   Code   RO          679    .text.GPIO_PinRemapConfig  stm32f10x_gpio.o
    0x080017c6   0x080017c6   0x00000002   PAD
    0x080017c8   0x080017c8   0x0000000a   Code   RO          657    .text.GPIO_ReadInputDataBit  stm32f10x_gpio.o
    0x080017d2   0x080017d2   0x00000002   PAD
    0x080017d4   0x080017d4   0x00000004   Code   RO          667    .text.GPIO_ResetBits  stm32f10x_gpio.o
    0x080017d8   0x080017d8   0x00000004   Code   RO          665    .text.GPIO_SetBits  stm32f10x_gpio.o
    0x080017dc   0x080017dc   0x0000007a   Code   RO         1823    .text.Get_Adc_Average  adc.o
    0x08001856   0x08001856   0x00000002   PAD
    0x08001858   0x08001858   0x000004fa   Code   RO         1526    .text.Get_Angle     mpu6050.o
    0x08001d52   0x08001d52   0x00000002   PAD
    0x08001d54   0x08001d54   0x00000002   Code   RO           43    .text.HardFault_Handler  stm32f10x_it.o
    0x08001d56   0x08001d56   0x00000002   PAD
    0x08001d58   0x08001d58   0x00000006   Code   RO         1467    .text.IIC_Delay     mpuiic.o
    0x08001d5e   0x08001d5e   0x00000002   PAD
    0x08001d60   0x08001d60   0x0000002e   Code   RO         1481    .text.IIC_Init      mpuiic.o
    0x08001d8e   0x08001d8e   0x00000002   PAD
    0x08001d90   0x08001d90   0x00000190   Code   RO         1477    .text.IIC_Read_Byte  mpuiic.o
    0x08001f20   0x08001f20   0x00000110   Code   RO         1473    .text.IIC_Send_Byte  mpuiic.o
    0x08002030   0x08002030   0x0000003c   Code   RO         1471    .text.IIC_Start     mpuiic.o
    0x0800206c   0x0800206c   0x0000003e   Code   RO         1479    .text.IIC_Stop      mpuiic.o
    0x080020aa   0x080020aa   0x00000002   PAD
    0x080020ac   0x080020ac   0x00000096   Code   RO         1475    .text.IIC_Wait_Ack  mpuiic.o
    0x08002142   0x08002142   0x00000002   PAD
    0x08002144   0x08002144   0x00000028   Code   RO          109    .text.JTAG_Set      sys.o
    0x0800216c   0x0800216c   0x000000c8   Code   RO         1520    .text.MPU_Get_Temperature  mpu6050.o
    0x08002234   0x08002234   0x0000020e   Code   RO         1506    .text.MPU_Init      mpu6050.o
    0x08002442   0x08002442   0x00000002   PAD
    0x08002444   0x08002444   0x00000002   Code   RO           45    .text.MemManage_Handler  stm32f10x_it.o
    0x08002446   0x08002446   0x00000002   PAD
    0x08002448   0x08002448   0x00000002   Code   RO           41    .text.NMI_Handler   stm32f10x_it.o
    0x0800244a   0x0800244a   0x00000002   PAD
    0x0800244c   0x0800244c   0x00000060   Code   RO          163    .text.NVIC_Init     misc.o
    0x080024ac   0x080024ac   0x00000014   Code   RO          161    .text.NVIC_PriorityGroupConfig  misc.o
    0x080024c0   0x080024c0   0x00000014   Code   RO          855    .text.RCC_ADCCLKConfig  stm32f10x_rcc.o
    0x080024d4   0x080024d4   0x00000018   Code   RO          871    .text.RCC_APB1PeriphClockCmd  stm32f10x_rcc.o
    0x080024ec   0x080024ec   0x00000018   Code   RO          875    .text.RCC_APB1PeriphResetCmd  stm32f10x_rcc.o
    0x08002504   0x08002504   0x00000018   Code   RO          869    .text.RCC_APB2PeriphClockCmd  stm32f10x_rcc.o
    0x0800251c   0x0800251c   0x00000018   Code   RO          873    .text.RCC_APB2PeriphResetCmd  stm32f10x_rcc.o
    0x08002534   0x08002534   0x000000b0   Code   RO          865    .text.RCC_GetClocksFreq  stm32f10x_rcc.o
    0x080025e4   0x080025e4   0x00000148   Code   RO         1489    .text.Read_Len      mpuiic.o
    0x0800272c   0x0800272c   0x00000110   Code   RO          117    .text.Stm32_Clock_Init  sys.o
    0x0800283c   0x0800283c   0x0000001a   Code   RO          169    .text.SysTick_CLKSourceConfig  misc.o
    0x08002856   0x08002856   0x00000002   PAD
    0x08002858   0x08002858   0x00000156   Code   RO           63    .text.SystemInit    system_stm32f10x.o
    0x080029ae   0x080029ae   0x00000002   PAD
    0x080029b0   0x080029b0   0x000007e4   Code   RO            6    .text.TIM2_IRQHandler  main.o
    0x08003194   0x08003194   0x00000014   Code   RO         1805    .text.TIM3_IRQHandler  drv_encoder.o
    0x080031a8   0x080031a8   0x00000014   Code   RO         1803    .text.TIM4_IRQHandler  drv_encoder.o
    0x080031bc   0x080031bc   0x00000024   Code   RO         1936    .text.TIM5_IRQHandler  drv_hcsr04.o
    0x080031e0   0x080031e0   0x00000012   Code   RO         1143    .text.TIM_ARRPreloadConfig  stm32f10x_tim.o
    0x080031f2   0x080031f2   0x00000002   PAD
    0x080031f4   0x080031f4   0x00000006   Code   RO         1237    .text.TIM_ClearFlag  stm32f10x_tim.o
    0x080031fa   0x080031fa   0x00000002   PAD
    0x080031fc   0x080031fc   0x00000006   Code   RO         1241    .text.TIM_ClearITPendingBit  stm32f10x_tim.o
    0x08003202   0x08003202   0x00000002   PAD
    0x08003204   0x08003204   0x00000012   Code   RO         1103    .text.TIM_Cmd       stm32f10x_tim.o
    0x08003216   0x08003216   0x00000002   PAD
    0x08003218   0x08003218   0x00000018   Code   RO         1105    .text.TIM_CtrlPWMOutputs  stm32f10x_tim.o
    0x08003230   0x08003230   0x00000230   Code   RO         1069    .text.TIM_DeInit    stm32f10x_tim.o
    0x08003460   0x08003460   0x00000038   Code   RO         1133    .text.TIM_EncoderInterfaceConfig  stm32f10x_tim.o
    0x08003498   0x08003498   0x00000004   Code   RO         1231    .text.TIM_GetCounter  stm32f10x_tim.o
    0x0800349c   0x0800349c   0x00000014   Code   RO         1239    .text.TIM_GetITStatus  stm32f10x_tim.o
    0x080034b0   0x080034b0   0x00000292   Code   RO         1081    .text.TIM_ICInit    stm32f10x_tim.o
    0x08003742   0x08003742   0x00000002   PAD
    0x08003744   0x08003744   0x0000000c   Code   RO         1099    .text.TIM_ICStructInit  stm32f10x_tim.o
    0x08003750   0x08003750   0x00000010   Code   RO         1107    .text.TIM_ITConfig  stm32f10x_tim.o
    0x08003760   0x08003760   0x00000072   Code   RO         1073    .text.TIM_OC1Init   stm32f10x_tim.o
    0x080037d2   0x080037d2   0x00000002   PAD
    0x080037d4   0x080037d4   0x0000000c   Code   RO         1151    .text.TIM_OC1PreloadConfig  stm32f10x_tim.o
    0x080037e0   0x080037e0   0x0000007a   Code   RO         1075    .text.TIM_OC2Init   stm32f10x_tim.o
    0x0800385a   0x0800385a   0x00000002   PAD
    0x0800385c   0x0800385c   0x0000000e   Code   RO         1153    .text.TIM_OC2PreloadConfig  stm32f10x_tim.o
    0x0800386a   0x0800386a   0x00000002   PAD
    0x0800386c   0x0800386c   0x0000007a   Code   RO         1077    .text.TIM_OC3Init   stm32f10x_tim.o
    0x080038e6   0x080038e6   0x00000002   PAD
    0x080038e8   0x080038e8   0x0000000c   Code   RO         1155    .text.TIM_OC3PreloadConfig  stm32f10x_tim.o
    0x080038f4   0x080038f4   0x00000060   Code   RO         1079    .text.TIM_OC4Init   stm32f10x_tim.o
    0x08003954   0x08003954   0x0000000e   Code   RO         1157    .text.TIM_OC4PreloadConfig  stm32f10x_tim.o
    0x08003962   0x08003962   0x00000002   PAD
    0x08003964   0x08003964   0x00000004   Code   RO         1209    .text.TIM_SetCounter  stm32f10x_tim.o
    0x08003968   0x08003968   0x000000aa   Code   RO         1071    .text.TIM_TimeBaseInit  stm32f10x_tim.o
    0x08003a12   0x08003a12   0x00000002   PAD
    0x08003a14   0x08003a14   0x0000000e   Code   RO         1095    .text.TIM_TimeBaseStructInit  stm32f10x_tim.o
    0x08003a22   0x08003a22   0x00000002   PAD
    0x08003a24   0x08003a24   0x00000472   Code   RO         1838    .text.USART1_IRQHandler  drv_uart1.o
    0x08003e96   0x08003e96   0x00000002   PAD
    0x08003e98   0x08003e98   0x000000c8   Code   RO         1960    .text.USART3_IRQHandler  drv_uart3.o
    0x08003f60   0x08003f60   0x00000012   Code   RO         1264    .text.USART_Cmd     stm32f10x_usart.o
    0x08003f72   0x08003f72   0x00000002   PAD
    0x08003f74   0x08003f74   0x00000042   Code   RO         1308    .text.USART_GetITStatus  stm32f10x_usart.o
    0x08003fb6   0x08003fb6   0x00000002   PAD
    0x08003fb8   0x08003fb8   0x0000002e   Code   RO         1266    .text.USART_ITConfig  stm32f10x_usart.o
    0x08003fe6   0x08003fe6   0x00000002   PAD
    0x08003fe8   0x08003fe8   0x000000aa   Code   RO         1256    .text.USART_Init    stm32f10x_usart.o
    0x08004092   0x08004092   0x00000002   PAD
    0x08004094   0x08004094   0x00000008   Code   RO         1282    .text.USART_ReceiveData  stm32f10x_usart.o
    0x0800409c   0x0800409c   0x00000002   Code   RO           49    .text.UsageFault_Handler  stm32f10x_it.o
    0x0800409e   0x0800409e   0x00000002   PAD
    0x080040a0   0x080040a0   0x00000046   Code   RO         1502    .text.Write_Byte    mpu6050.o
    0x080040e6   0x080040e6   0x00000002   PAD
    0x080040e8   0x080040e8   0x00000138   Code   RO         1487    .text.Write_Len     mpuiic.o
    0x08004220   0x08004220   0x0000009e   Code   RO         1894    .text._Z10L_SpeedPIDf  control.o
    0x080042be   0x080042be   0x00000002   PAD
    0x080042c0   0x080042c0   0x0000009e   Code   RO         1896    .text._Z10R_SpeedPIDf  control.o
    0x0800435e   0x0800435e   0x00000002   PAD
    0x08004360   0x08004360   0x000000ca   Code   RO         1932    .text._Z10hcsr04Initv  drv_hcsr04.o
    0x0800442a   0x0800442a   0x00000002   PAD
    0x0800442c   0x0800442c   0x00000070   Code   RO         1898    .text._Z11DistancePIDf  control.o
    0x0800449c   0x0800449c   0x00000014   Code   RO         1394    .text._Z11LCD_WR_DATAt  drv_lcd.o
    0x080044b0   0x080044b0   0x0000014e   Code   RO         2023    .text._Z12LCD_ShowChartthtthh  gui.o
    0x080045fe   0x080045fe   0x00000002   PAD
    0x08004600   0x08004600   0x00000154   Code   RO         1390    .text._Z12LCD_Writ_Bush  drv_lcd.o
    0x08004754   0x08004754   0x0000002a   Code   RO         1801    .text._Z12Read_Encoderh  drv_encoder.o
    0x0800477e   0x0800477e   0x00000002   PAD
    0x08004780   0x08004780   0x00000062   Code   RO         1423    .text._Z12init_drv_Keyv  drv_key.o
    0x080047e2   0x080047e2   0x00000002   PAD
    0x080047e4   0x080047e4   0x0000028e   Code   RO         1400    .text._Z12init_drv_LCDv  drv_lcd.o
    0x08004a72   0x08004a72   0x00000002   PAD
    0x08004a74   0x08004a74   0x000000ea   Code   RO         1360    .text._Z12init_drv_LEDv  drv_led.o
    0x08004b5e   0x08004b5e   0x00000002   PAD
    0x08004b60   0x08004b60   0x0000007a   Code   RO         1388    .text._Z13LCD_GPIO_Initv  drv_lcd.o
    0x08004bda   0x08004bda   0x00000002   PAD
    0x08004bdc   0x08004bdc   0x00000002   Code   RO         2052    .text._Z13sendLedSignal9LEDSignal  commulink.o
    0x08004bde   0x08004bde   0x00000002   PAD
    0x08004be0   0x08004be0   0x00000044   Code   RO         2025    .text._Z14LCD_ShowStringttPKctthh  gui.o
    0x08004c24   0x08004c24   0x00000002   Code   RO         2058    .text._Z14init_Commulinkv  commulink.o
    0x08004c26   0x08004c26   0x00000002   PAD
    0x08004c28   0x08004c28   0x00000060   Code   RO         1782    .text._Z14init_drv_Motorv  drv_pwmout.o
    0x08004c88   0x08004c88   0x0000008e   Code   RO         1398    .text._Z15LCD_Address_Settttt  drv_lcd.o
    0x08004d16   0x08004d16   0x00000002   PAD
    0x08004d18   0x08004d18   0x000000cc   Code   RO         1784    .text._Z15init_drv_PWMOutv  drv_pwmout.o
    0x08004de4   0x08004de4   0x00000028   Code   RO         1934    .text._Z21UltraSonic_valuetancev  drv_hcsr04.o
    0x08004e0c   0x08004e0c   0x000000a0   Code   RO         1797    .text._Z21drv_Encoder_Init_TIM3v  drv_encoder.o
    0x08004eac   0x08004eac   0x0000009e   Code   RO         1799    .text._Z21drv_Encoder_Init_TIM4v  drv_encoder.o
    0x08004f4a   0x08004f4a   0x00000002   PAD
    0x08004f4c   0x08004f4c   0x00000050   Code   RO         1778    .text._Z8L_PWMseti  drv_pwmout.o
    0x08004f9c   0x08004f9c   0x00000058   Code   RO         1780    .text._Z8R_PWMseti  drv_pwmout.o
    0x08004ff4   0x08004ff4   0x0000086c   Code   RO         2035    .text._Z8init_GUIv  gui.o
    0x08005860   0x08005860   0x00000036   Code   RO         1879    .text._Z9BEEP_Initv  drv_beep.o
    0x08005896   0x08005896   0x00000002   PAD
    0x08005898   0x08005898   0x000001ba   Code   RO         1904    .text._Z9TraceMoveif  control.o
    0x08005a52   0x08005a52   0x00000002   PAD
    0x08005a54   0x08005a54   0x00000002   Code   RO          136    .text._sys_exit     usart.o
    0x08005a56   0x08005a56   0x00000002   PAD
    0x08005a58   0x08005a58   0x00000042   Code   RO           80    .text.delay_init    delay.o
    0x08005a9a   0x08005a9a   0x00000002   PAD
    0x08005a9c   0x08005a9c   0x0000005a   Code   RO           84    .text.delay_ms      delay.o
    0x08005af6   0x08005af6   0x00000002   PAD
    0x08005af8   0x08005af8   0x0000005a   Code   RO           82    .text.delay_us      delay.o
    0x08005b52   0x08005b52   0x00000002   PAD
    0x08005b54   0x08005b54   0x000002aa   Code   RO         1616    .text.dmp_enable_feature  inv_mpu_dmp_motion_driver.o
    0x08005dfe   0x08005dfe   0x00000002   PAD
    0x08005e00   0x08005e00   0x00000016   Code   RO         1580    .text.dmp_load_motion_driver_firmware  inv_mpu_dmp_motion_driver.o
    0x08005e16   0x08005e16   0x00000002   PAD
    0x08005e18   0x08005e18   0x000001f4   Code   RO         1628    .text.dmp_read_fifo  inv_mpu_dmp_motion_driver.o
    0x0800600c   0x0800600c   0x000000d0   Code   RO         1586    .text.dmp_set_accel_bias  inv_mpu_dmp_motion_driver.o
    0x080060dc   0x080060dc   0x00000056   Code   RO         1588    .text.dmp_set_fifo_rate  inv_mpu_dmp_motion_driver.o
    0x08006132   0x08006132   0x00000002   PAD
    0x08006134   0x08006134   0x000000e4   Code   RO         1584    .text.dmp_set_gyro_bias  inv_mpu_dmp_motion_driver.o
    0x08006218   0x08006218   0x000000e4   Code   RO         1582    .text.dmp_set_orientation  inv_mpu_dmp_motion_driver.o
    0x080062fc   0x080062fc   0x0000011e   Code   RO         1592    .text.dmp_set_tap_thresh  inv_mpu_dmp_motion_driver.o
    0x0800641a   0x0800641a   0x00000002   PAD
    0x0800641c   0x0800641c   0x0000002e   Code   RO          138    .text.fputc         usart.o
    0x0800644a   0x0800644a   0x00000002   PAD
    0x0800644c   0x0800644c   0x00000354   Code   RO         1728    .text.get_st_biases  inv_mpu.o
    0x080067a0   0x080067a0   0x000000a4   Code   RO         1836    .text.init_drv_Uart1  drv_uart1.o
    0x08006844   0x08006844   0x000000aa   Code   RO         1958    .text.init_drv_Uart3  drv_uart3.o
    0x080068ee   0x080068ee   0x00000002   PAD
    0x080068f0   0x080068f0   0x0000001e   Code   RO         1448    .text.kalman_filter_init  self_filter.o
    0x0800690e   0x0800690e   0x00000002   PAD
    0x08006910   0x08006910   0x00000122   Code   RO         1450    .text.kalman_filter_update  self_filter.o
    0x08006a32   0x08006a32   0x00000002   PAD
    0x08006a34   0x08006a34   0x00000694   Code   RO            2    .text.main          main.o
    0x080070c8   0x080070c8   0x00000002   Code   RO         1686    .text.mget_ms       inv_mpu.o
    0x080070ca   0x080070ca   0x00000002   PAD
    0x080070cc   0x080070cc   0x000000c0   Code   RO         1674    .text.mpu_configure_fifo  inv_mpu.o
    0x0800718c   0x0800718c   0x000001da   Code   RO         1754    .text.mpu_dmp_get_data  inv_mpu.o
    0x08007366   0x08007366   0x00000002   PAD
    0x08007368   0x08007368   0x000000ea   Code   RO         1752    .text.mpu_dmp_init  inv_mpu.o
    0x08007452   0x08007452   0x00000002   PAD
    0x08007454   0x08007454   0x0000003c   Code   RO         1698    .text.mpu_get_accel_fsr  inv_mpu.o
    0x08007490   0x08007490   0x0000005a   Code   RO         1710    .text.mpu_get_accel_sens  inv_mpu.o
    0x080074ea   0x080074ea   0x00000002   PAD
    0x080074ec   0x080074ec   0x00000224   Code   RO         1664    .text.mpu_init      inv_mpu.o
    0x08007710   0x08007710   0x0000014e   Code   RO         1734    .text.mpu_load_firmware  inv_mpu.o
    0x0800785e   0x0800785e   0x00000002   PAD
    0x08007860   0x08007860   0x000001ee   Code   RO         1680    .text.mpu_lp_accel_mode  inv_mpu.o
    0x08007a4e   0x08007a4e   0x00000002   PAD
    0x08007a50   0x08007a50   0x000000aa   Code   RO         1720    .text.mpu_read_fifo_stream  inv_mpu.o
    0x08007afa   0x08007afa   0x00000002   PAD
    0x08007afc   0x08007afc   0x00000172   Code   RO         1694    .text.mpu_reset_fifo  inv_mpu.o
    0x08007c6e   0x08007c6e   0x00000002   PAD
    0x08007c70   0x08007c70   0x00000948   Code   RO         1724    .text.mpu_run_self_test  inv_mpu.o
    0x080085b8   0x080085b8   0x000000e8   Code   RO         1676    .text.mpu_set_bypass  inv_mpu.o
    0x080086a0   0x080086a0   0x000000ee   Code   RO         1726    .text.mpu_set_dmp_state  inv_mpu.o
    0x0800878e   0x0800878e   0x00000002   PAD
    0x08008790   0x08008790   0x000000e0   Code   RO         1672    .text.mpu_set_sample_rate  inv_mpu.o
    0x08008870   0x08008870   0x000000f6   Code   RO         1678    .text.mpu_set_sensors  inv_mpu.o
    0x08008966   0x08008966   0x00000002   PAD
    0x08008968   0x08008968   0x00000068   Code   RO         1730    .text.mpu_write_mem  inv_mpu.o
    0x080089d0   0x080089d0   0x000000f0   Code   RO         1746    .text.run_self_test  inv_mpu.o
    0x08008ac0   0x08008ac0   0x0000003e   Code   RO         2463    CL$$btod_d2e        c_wu.l(btod.o)
    0x08008afe   0x08008afe   0x00000046   Code   RO         2465    CL$$btod_d2e_denorm_low  c_wu.l(btod.o)
    0x08008b44   0x08008b44   0x00000060   Code   RO         2464    CL$$btod_d2e_norm_op1  c_wu.l(btod.o)
    0x08008ba4   0x08008ba4   0x00000338   Code   RO         2473    CL$$btod_div_common  c_wu.l(btod.o)
    0x08008edc   0x08008edc   0x000000dc   Code   RO         2470    CL$$btod_e2e        c_wu.l(btod.o)
    0x08008fb8   0x08008fb8   0x0000002a   Code   RO         2467    CL$$btod_ediv       c_wu.l(btod.o)
    0x08008fe2   0x08008fe2   0x0000002a   Code   RO         2466    CL$$btod_emul       c_wu.l(btod.o)
    0x0800900c   0x0800900c   0x00000244   Code   RO         2472    CL$$btod_mult_common  c_wu.l(btod.o)
    0x08009250   0x08009250   0x00000028   Code   RO         2410    i.__ARM_fpclassify  m_ws.l(fpclassify.o)
    0x08009278   0x08009278   0x000000aa   Code   RO         2412    i.__kernel_poly     m_ws.l(poly.o)
    0x08009322   0x08009322   0x00000006   Code   RO         2397    i.__mathlib_dbl_infnan  m_ws.l(dunder.o)
    0x08009328   0x08009328   0x00000004   Code   RO         2398    i.__mathlib_dbl_infnan2  m_ws.l(dunder.o)
    0x0800932c   0x0800932c   0x0000000c   Code   RO         2399    i.__mathlib_dbl_invalid  m_ws.l(dunder.o)
    0x08009338   0x08009338   0x00000010   Code   RO         2402    i.__mathlib_dbl_underflow  m_ws.l(dunder.o)
    0x08009348   0x08009348   0x0000000e   Code   RO         2120    i._is_digit         c_wu.l(__printf_wp.o)
    0x08009356   0x08009356   0x00000002   PAD
    0x08009358   0x08009358   0x00000270   Code   RO         2243    i.asin              m_ws.l(asin.o)
    0x080095c8   0x080095c8   0x00000220   Code   RO         2387    i.atan              m_ws.l(atan.o)
    0x080097e8   0x080097e8   0x0000019c   Code   RO         2253    i.atan2             m_ws.l(atan2.o)
    0x08009984   0x08009984   0x0000004c   Code   RO         2416    i.sqrt              m_ws.l(sqrt.o)
    0x080099d0   0x080099d0   0x0000002c   Code   RO         2492    locale$$code        c_wu.l(lc_numeric_c.o)
    0x080099fc   0x080099fc   0x0000002c   Code   RO         2524    locale$$code        c_wu.l(lc_ctype_c.o)
    0x08009a28   0x08009a28   0x00000062   Code   RO         2146    x$fpl$d2f           fz_ws.l(d2f.o)
    0x08009a8a   0x08009a8a   0x00000002   PAD
    0x08009a8c   0x08009a8c   0x00000150   Code   RO         2148    x$fpl$dadd          fz_ws.l(daddsub_clz.o)
    0x08009bdc   0x08009bdc   0x00000010   Code   RO         2500    x$fpl$dcheck1       fz_ws.l(dcheck1.o)
    0x08009bec   0x08009bec   0x00000018   Code   RO         2502    x$fpl$dcmpinf       fz_ws.l(dcmpi.o)
    0x08009c04   0x08009c04   0x000002b0   Code   RO         2155    x$fpl$ddiv          fz_ws.l(ddiv.o)
    0x08009eb4   0x08009eb4   0x00000078   Code   RO         2293    x$fpl$deqf          fz_ws.l(deqf.o)
    0x08009f2c   0x08009f2c   0x0000005e   Code   RO         2158    x$fpl$dfix          fz_ws.l(dfix.o)
    0x08009f8a   0x08009f8a   0x0000002e   Code   RO         2167    x$fpl$dflt          fz_ws.l(dflt_clz.o)
    0x08009fb8   0x08009fb8   0x00000154   Code   RO         2172    x$fpl$dmul          fz_ws.l(dmul.o)
    0x0800a10c   0x0800a10c   0x0000009c   Code   RO         2295    x$fpl$dnaninf       fz_ws.l(dnaninf.o)
    0x0800a1a8   0x0800a1a8   0x0000000c   Code   RO         2297    x$fpl$dretinf       fz_ws.l(dretinf.o)
    0x0800a1b4   0x0800a1b4   0x00000016   Code   RO         2149    x$fpl$drsb          fz_ws.l(daddsub_clz.o)
    0x0800a1ca   0x0800a1ca   0x00000002   PAD
    0x0800a1cc   0x0800a1cc   0x000001cc   Code   RO         2506    x$fpl$dsqrt         fz_ws.l(dsqrt_noumaal.o)
    0x0800a398   0x0800a398   0x000001d4   Code   RO         2150    x$fpl$dsub          fz_ws.l(daddsub_clz.o)
    0x0800a56c   0x0800a56c   0x00000056   Code   RO         2174    x$fpl$f2d           fz_ws.l(f2d.o)
    0x0800a5c2   0x0800a5c2   0x00000002   PAD
    0x0800a5c4   0x0800a5c4   0x000000c4   Code   RO         2176    x$fpl$fadd          fz_ws.l(faddsub_clz.o)
    0x0800a688   0x0800a688   0x00000054   Code   RO         2182    x$fpl$fcmp          fz_ws.l(fcmp.o)
    0x0800a6dc   0x0800a6dc   0x00000018   Code   RO         2508    x$fpl$fcmpinf       fz_ws.l(fcmpi.o)
    0x0800a6f4   0x0800a6f4   0x00000184   Code   RO         2185    x$fpl$fdiv          fz_ws.l(fdiv.o)
    0x0800a878   0x0800a878   0x00000068   Code   RO         2299    x$fpl$feqf          fz_ws.l(feqf.o)
    0x0800a8e0   0x0800a8e0   0x00000036   Code   RO         2188    x$fpl$ffix          fz_ws.l(ffix.o)
    0x0800a916   0x0800a916   0x00000002   PAD
    0x0800a918   0x0800a918   0x0000003e   Code   RO         2192    x$fpl$ffixu         fz_ws.l(ffixu.o)
    0x0800a956   0x0800a956   0x00000002   PAD
    0x0800a958   0x0800a958   0x00000030   Code   RO         2197    x$fpl$fflt          fz_ws.l(fflt_clz.o)
    0x0800a988   0x0800a988   0x00000026   Code   RO         2196    x$fpl$ffltu         fz_ws.l(fflt_clz.o)
    0x0800a9ae   0x0800a9ae   0x00000002   PAD
    0x0800a9b0   0x0800a9b0   0x00000068   Code   RO         2301    x$fpl$fgeqf         fz_ws.l(fgeqf.o)
    0x0800aa18   0x0800aa18   0x00000068   Code   RO         2303    x$fpl$fleqf         fz_ws.l(fleqf.o)
    0x0800aa80   0x0800aa80   0x00000102   Code   RO         2202    x$fpl$fmul          fz_ws.l(fmul.o)
    0x0800ab82   0x0800ab82   0x0000008c   Code   RO         2305    x$fpl$fnaninf       fz_ws.l(fnaninf.o)
    0x0800ac0e   0x0800ac0e   0x0000000a   Code   RO         2307    x$fpl$fretinf       fz_ws.l(fretinf.o)
    0x0800ac18   0x0800ac18   0x000000ea   Code   RO         2178    x$fpl$fsub          fz_ws.l(faddsub_clz.o)
    0x0800ad02   0x0800ad02   0x00000004   Code   RO         2204    x$fpl$printf1       fz_ws.l(printf1.o)
    0x0800ad06   0x0800ad06   0x00000064   Code   RO         2587    x$fpl$retnan        fz_ws.l(retnan.o)
    0x0800ad6a   0x0800ad6a   0x0000005c   Code   RO         2309    x$fpl$scalbn        fz_ws.l(scalbn.o)
    0x0800adc6   0x0800adc6   0x00000030   Code   RO         2605    x$fpl$trapveneer    fz_ws.l(trapv.o)
    0x0800adf6   0x0800adf6   0x00000000   Code   RO         2311    x$fpl$usenofp       fz_ws.l(usenofp.o)
    0x0800adf6   0x0800adf6   0x00000028   Data   RO         2093    .constdata          c_wu.l(_printf_hex_int.o)
    0x0800ae1e   0x0800ae1e   0x00000011   Data   RO         2123    .constdata          c_wu.l(__printf_flags_wp.o)
    0x0800ae2f   0x0800ae2f   0x00000001   PAD
    0x0800ae30   0x0800ae30   0x00000050   Data   RO         2244    .constdata          m_ws.l(asin.o)
    0x0800ae80   0x0800ae80   0x00000098   Data   RO         2388    .constdata          m_ws.l(atan.o)
    0x0800af18   0x0800af18   0x00000008   Data   RO         2414    .constdata          m_ws.l(qnan.o)
    0x0800af20   0x0800af20   0x00000094   Data   RO         2461    .constdata          c_wu.l(bigflt0.o)
    0x0800afb4   0x0800afb4   0x00000004   Data   RO          890    .rodata.ADCPrescTable  stm32f10x_rcc.o
    0x0800afb8   0x0800afb8   0x00000010   Data   RO          889    .rodata.APBAHBPrescTable  stm32f10x_rcc.o
    0x0800afc8   0x0800afc8   0x00000474   Data   RO         2000    .rodata.ascii_1206  font.o
    0x0800b43c   0x0800b43c   0x00000600   Data   RO         2001    .rodata.ascii_1608  font.o
    0x0800ba3c   0x0800ba3c   0x000011d0   Data   RO         2002    .rodata.ascii_2412  font.o
    0x0800cc0c   0x0800cc0c   0x000017c0   Data   RO         2003    .rodata.ascii_3216  font.o
    0x0800e3cc   0x0800e3cc   0x00000bf6   Data   RO         1634    .rodata.dmp_memory  inv_mpu_dmp_motion_driver.o
    0x0800efc2   0x0800efc2   0x0000000c   Data   RO         1637    .rodata.dmp_set_fifo_rate.regs_end  inv_mpu_dmp_motion_driver.o
    0x0800efce   0x0800efce   0x00000003   Data   RO         1636    .rodata.dmp_set_orientation.accel_axes  inv_mpu_dmp_motion_driver.o
    0x0800efd1   0x0800efd1   0x00000003   Data   RO         1635    .rodata.dmp_set_orientation.gyro_axes  inv_mpu_dmp_motion_driver.o
    0x0800efd4   0x0800efd4   0x0000000c   Data   RO         1757    .rodata.hw          inv_mpu.o
    0x0800efe0   0x0800efe0   0x0000001b   Data   RO         1756    .rodata.reg         inv_mpu.o
    0x0800effb   0x0800effb   0x0000001b   Data   RO           28    .rodata.str1.1      main.o
    0x0800f016   0x0800f016   0x0000000a   PAD
    0x0800f020   0x0800f020   0x0000004c   Data   RO         1760    .rodata.str1.16     inv_mpu.o
    0x0800f06c   0x0800f06c   0x00000028   Data   RO         1758    .rodata.test        inv_mpu.o
    0x0800f094   0x0800f094   0x00000020   Data   RO         2670    Region$$Table       anon$$obj.o
    0x0800f0b4   0x0800f0b4   0x0000001c   Data   RO         2491    locale$$data        c_wu.l(lc_numeric_c.o)
    0x0800f0d0   0x0800f0d0   0x00000110   Data   RO         2523    locale$$data        c_wu.l(lc_ctype_c.o)


    Execution Region ER_RW (Exec base: 0x20000000, Load base: 0x0800f1e0, Size: 0x00000038, Max: 0xffffffff, ABSOLUTE)

    Exec Addr    Load Addr    Size         Type   Attr      Idx    E Section Name        Object

    0x20000000   0x0800f1e0   0x00000001   Data   RW         1844    .data.Flag_sudu     drv_uart1.o
    0x20000001   0x0800f1e1   0x00000003   PAD
    0x20000004   0x0800f1e4   0x00000004   Data   RW           67    .data.SystemCoreClock  system_stm32f10x.o
    0x20000008   0x0800f1e8   0x0000002c   Data   RW         1759    .data.st            inv_mpu.o
    0x20000034   0x0800f214   0x00000004   Data   RW           27    .data.targer_speed  main.o


    Execution Region ER_ZI (Exec base: 0x20000038, Load base: 0x0800f218, Size: 0x00000960, Max: 0xffffffff, ABSOLUTE)

    Exec Addr    Load Addr    Size         Type   Attr      Idx    E Section Name        Object

    0x20000038        -       0x00000060   Zero   RW         2424    .bss                c_wu.l(libspace.o)
    0x20000098        -       0x00000004   Zero   RW         1558    .bss.Accel_Angle_x  mpu6050.o
    0x2000009c        -       0x00000004   Zero   RW         1559    .bss.Accel_Angle_y  mpu6050.o
    0x200000a0        -       0x00000004   Zero   RW         1560    .bss.Accel_Angle_z  mpu6050.o
    0x200000a4        -       0x00000004   Zero   RW         1552    .bss.Accel_X        mpu6050.o
    0x200000a8        -       0x00000004   Zero   RW         1553    .bss.Accel_Y        mpu6050.o
    0x200000ac        -       0x00000004   Zero   RW         1554    .bss.Accel_Z        mpu6050.o
    0x200000b0        -       0x00000004   Zero   RW         1551    .bss.Acceleration_Z  mpu6050.o
    0x200000b4        -       0x00000004   Zero   RW         1546    .bss.Angle_Balance  mpu6050.o
    0x200000b8        -       0x00000001   Zero   RW         1841    .bss.Flag_Hou       drv_uart1.o
    0x200000b9        -       0x00000001   Zero   RW         1842    .bss.Flag_Left      drv_uart1.o
    0x200000ba        -       0x00000001   Zero   RW         1840    .bss.Flag_Qian      drv_uart1.o
    0x200000bb        -       0x00000001   Zero   RW         1843    .bss.Flag_Right     drv_uart1.o
    0x200000bc        -       0x00000004   Zero   RW         1561    .bss.G_X            mpu6050.o
    0x200000c0        -       0x00000004   Zero   RW         1562    .bss.G_Y            mpu6050.o
    0x200000c4        -       0x00000004   Zero   RW         1563    .bss.G_Z            mpu6050.o
    0x200000c8        -       0x00000004   Zero   RW         1548    .bss.Gyro_Balance   mpu6050.o
    0x200000cc        -       0x00000004   Zero   RW         1549    .bss.Gyro_Turn      mpu6050.o
    0x200000d0        -       0x00000004   Zero   RW         1555    .bss.Gyro_X         mpu6050.o
    0x200000d4        -       0x00000004   Zero   RW         1556    .bss.Gyro_Y         mpu6050.o
    0x200000d8        -       0x00000004   Zero   RW         1557    .bss.Gyro_Z         mpu6050.o
    0x200000dc        -       0x00000004   Zero   RW         1911    .bss.L_PWM          control.o
    0x200000e0        -       0x00000004   Zero   RW           15    .bss.L_angle        main.o
    0x200000e4        -       0x00000004   Zero   RW         1909    .bss.L_code         control.o
    0x200000e8        -       0x00000004   Zero   RW         1913    .bss.L_speed        control.o
    0x200000ec        -       0x00000004   Zero   RW         1533    .bss.Pitch          mpu6050.o
    0x200000f0        -       0x00000014   Zero   RW            8    .bss.RCC_CLK        main.o
    0x20000104        -       0x00000004   Zero   RW         1912    .bss.R_PWM          control.o
    0x20000108        -       0x00000004   Zero   RW           16    .bss.R_angle        main.o
    0x2000010c        -       0x00000004   Zero   RW         1910    .bss.R_code         control.o
    0x20000110        -       0x00000004   Zero   RW         1914    .bss.R_speed        control.o
    0x20000114        -       0x00000004   Zero   RW         1534    .bss.Roll           mpu6050.o
    0x20000118        -       0x00000004   Zero   RW         1539    .bss.Temperature    mpu6050.o
    0x2000011c        -       0x00000004   Zero   RW           11    .bss.VDDA           main.o
    0x20000120        -       0x00000004   Zero   RW         1535    .bss.Yaw            mpu6050.o
    0x20000124        -       0x00000004   Zero   RW         1917    .bss._ZZ10L_SpeedPIDfE13Integral_bias  control.o
    0x20000128        -       0x00000004   Zero   RW         1918    .bss._ZZ10L_SpeedPIDfE9Last_Bias  control.o
    0x2000012c        -       0x00000004   Zero   RW         1919    .bss._ZZ10R_SpeedPIDfE13Integral_bias  control.o
    0x20000130        -       0x00000004   Zero   RW         1920    .bss._ZZ10R_SpeedPIDfE9Last_Bias  control.o
    0x20000134        -       0x00000004   Zero   RW         1915    .bss._ZZ11PositionPIDfE13Integral_bias  control.o
    0x20000138        -       0x00000004   Zero   RW         1916    .bss._ZZ11PositionPIDfE9Last_Bias  control.o
    0x2000013c        -       0x00000054   Zero   RW          140    .bss.__stdout       usart.o
    0x20000190        -       0x00000002   Zero   RW         1540    .bss.aacx           mpu6050.o
    0x20000192        -       0x00000002   Zero   RW         1541    .bss.aacy           mpu6050.o
    0x20000194        -       0x00000002   Zero   RW         1542    .bss.aacz           mpu6050.o
    0x20000196        -       0x00000006   Zero   RW         1550    .bss.accel          mpu6050.o
    0x2000019c        -       0x00000001   Zero   RW         1860    .bss.all_parameters  drv_uart1.o
    0x2000019d   0x0800f218   0x00000003   PAD
    0x200001a0        -       0x00000004   Zero   RW           26    .bss.angle_z        main.o
    0x200001a4        -       0x0000000c   Zero   RW         1530    .bss.ave_predata    mpu6050.o
    0x200001b0        -       0x00000004   Zero   RW         1856    .bss.blue_flag_stop  drv_uart1.o
    0x200001b4        -       0x00000004   Zero   RW         1857    .bss.blue_flag_wait  drv_uart1.o
    0x200001b8        -       0x00000007   Zero   RW         1855    .bss.buffer         drv_uart1.o
    0x200001bf   0x0800f218   0x00000001   PAD
    0x200001c0        -       0x00000004   Zero   RW         1858    .bss.buffer_index   drv_uart1.o
    0x200001c4        -       0x00000004   Zero   RW         1946    .bss.cnt            drv_hcsr04.o
    0x200001c8        -       0x00000024   Zero   RW         1852    .bss.data_array     drv_uart1.o
    0x200001ec        -       0x00000004   Zero   RW         1853    .bss.data_index     drv_uart1.o
    0x200001f0        -       0x0000000c   Zero   RW         1908    .bss.distance_PID   control.o
    0x200001fc        -       0x00000004   Zero   RW           17    .bss.distance_speed  main.o
    0x20000200        -       0x00000004   Zero   RW         1641    .bss.dmp.0          inv_mpu_dmp_motion_driver.o
    0x20000204        -       0x00000004   Zero   RW         1642    .bss.dmp.1          inv_mpu_dmp_motion_driver.o
    0x20000208        -       0x00000002   Zero   RW         1643    .bss.dmp.2          inv_mpu_dmp_motion_driver.o
    0x2000020a   0x0800f218   0x00000002   PAD
    0x2000020c        -       0x00000002   Zero   RW         1644    .bss.dmp.3          inv_mpu_dmp_motion_driver.o
    0x2000020e   0x0800f218   0x00000002   PAD
    0x20000210        -       0x00000002   Zero   RW         1645    .bss.dmp.4          inv_mpu_dmp_motion_driver.o
    0x20000212        -       0x00000001   Zero   RW         1646    .bss.dmp.5          inv_mpu_dmp_motion_driver.o
    0x20000213   0x0800f218   0x00000001   PAD
    0x20000214        -       0x00000004   Zero   RW         1967    .bss.end_index      drv_uart3.o
    0x20000218        -       0x00000002   Zero   RW           87    .bss.fac_ms         delay.o
    0x2000021a        -       0x00000001   Zero   RW           86    .bss.fac_us         delay.o
    0x2000021b   0x0800f218   0x00000001   PAD
    0x2000021c        -       0x00000004   Zero   RW           22    .bss.flag_stop      main.o
    0x20000220        -       0x00000004   Zero   RW           23    .bss.flag_wait      main.o
    0x20000224        -       0x00000006   Zero   RW         1547    .bss.gyro           mpu6050.o
    0x2000022a        -       0x00000002   Zero   RW         1543    .bss.gyrox          mpu6050.o
    0x2000022c        -       0x00000002   Zero   RW         1544    .bss.gyroy          mpu6050.o
    0x2000022e        -       0x00000002   Zero   RW         1545    .bss.gyroz          mpu6050.o
    0x20000230        -       0x00000004   Zero   RW           20    .bss.i              main.o
    0x20000234        -       0x00000004   Zero   RW         1863    .bss.in             drv_uart1.o
    0x20000238        -       0x00000001   Zero   RW         1854    .bss.inside_brackets  drv_uart1.o
    0x20000239   0x0800f218   0x00000003   PAD
    0x2000023c        -       0x00000004   Zero   RW           10    .bss.is_leader      main.o
    0x20000240        -       0x00000024   Zero   RW         1532    .bss.kf_pitch       mpu6050.o
    0x20000264        -       0x00000024   Zero   RW         1531    .bss.kf_roll        mpu6050.o
    0x20000288        -       0x00000004   Zero   RW         1943    .bss.length         drv_hcsr04.o
    0x2000028c        -       0x00000004   Zero   RW         1944    .bss.lengths        drv_hcsr04.o
    0x20000290        -       0x00000004   Zero   RW            9    .bss.mode           main.o
    0x20000294        -       0x00000014   Zero   RW         1962    .bss.openmv_data_array  drv_uart3.o
    0x200002a8        -       0x00000004   Zero   RW         1963    .bss.openmv_data_index  drv_uart3.o
    0x200002ac        -       0x0000000c   Zero   RW         1906    .bss.position_PID   control.o
    0x200002b8        -       0x0000000c   Zero   RW         1529    .bss.predata        mpu6050.o
    0x200002c4        -       0x00000001   Zero   RW         1861    .bss.read_index     drv_uart1.o
    0x200002c5        -       0x00000050   Zero   RW         1862    .bss.rec            drv_uart1.o
    0x20000315        -       0x00000001   Zero   RW         1528    .bss.res            mpu6050.o
    0x20000316   0x0800f218   0x00000002   PAD
    0x20000318        -       0x0000000c   Zero   RW         1907    .bss.speed_PID      control.o
    0x20000324        -       0x00000004   Zero   RW         1966    .bss.start_flag     drv_uart3.o
    0x20000328        -       0x00000004   Zero   RW         1965    .bss.start_index    drv_uart3.o
    0x2000032c        -       0x00000004   Zero   RW           25    .bss.stop_time      main.o
    0x20000330        -       0x00000032   Zero   RW           14    .bss.str            main.o
    0x20000362   0x0800f218   0x00000002   PAD
    0x20000364        -       0x00000004   Zero   RW         1945    .bss.sum            drv_hcsr04.o
    0x20000368        -       0x00000004   Zero   RW         1942    .bss.time           drv_hcsr04.o
    0x2000036c        -       0x00000004   Zero   RW         1848    .bss.turn180left    drv_uart1.o
    0x20000370        -       0x00000004   Zero   RW         1849    .bss.turn180right   drv_uart1.o
    0x20000374        -       0x00000004   Zero   RW         1850    .bss.turn360left    drv_uart1.o
    0x20000378        -       0x00000004   Zero   RW         1851    .bss.turn360right   drv_uart1.o
    0x2000037c        -       0x00000004   Zero   RW         1846    .bss.turn90left     drv_uart1.o
    0x20000380        -       0x00000004   Zero   RW         1847    .bss.turn90right    drv_uart1.o
    0x20000384        -       0x00000004   Zero   RW         1964    .bss.uart3_receive  drv_uart3.o
    0x20000388        -       0x00000004   Zero   RW         1845    .bss.uart_receive   drv_uart1.o
    0x2000038c        -       0x00000001   Zero   RW         1859    .bss.update_single_value  drv_uart1.o
    0x2000038d   0x0800f218   0x00000003   PAD
    0x20000390        -       0x00000004   Zero   RW           24    .bss.wait_time      main.o
    0x20000394   0x0800f218   0x00000004   PAD
    0x20000398        -       0x00000200   Zero   RW          152    HEAP                startup_stm32f10x_hd.o
    0x20000598        -       0x00000400   Zero   RW          151    STACK               startup_stm32f10x_hd.o


==============================================================================

Image component sizes


      Code (inc. data)   RO Data    RW Data    ZI Data      Debug   Object Name

       252          0          0          0          0       3278   adc.o
         4          0          0          0          0      15902   commulink.o
       870          0          0          0         84      11941   control.o
       246          0          0          0          3       1629   delay.o
        54          0          0          0          0       3966   drv_beep.o
       400          0          0          0          0      10815   drv_encoder.o
       500          0          0          0         20      11877   drv_hcsr04.o
       188          0          0          0          0      12714   drv_key.o
      1278          0          0          0          0       7782   drv_lcd.o
       234          0          0          0          0      12423   drv_led.o
       468          0          0          0          0      11796   drv_pwmout.o
      1302        120          0          1        179      15836   drv_uart1.o
       370          0          0          0         40      14244   drv_uart3.o
         0          0      13316          0          0       7691   font.o
      2558          6          0          0          0      25902   gui.o
      7480        158        155         44          0      27093   inv_mpu.o
      2240          8       3080          0         15      10971   inv_mpu_dmp_motion_driver.o
      3704         16         27          4        118      13453   main.o
       142          0          0          0          0       3234   misc.o
      2070          0          0          0        201       7691   mpu6050.o
      1636          0          0          0          0       5642   mpuiic.o
       320          0          0          0          0       2271   self_filter.o
        64         26        304          0       1536        800   startup_stm32f10x_hd.o
       368          0          0          0          0       9979   stm32f10x_adc.o
       136          0          0          0          0       2912   stm32f10x_exti.o
       914          0          0          0          0       8475   stm32f10x_gpio.o
        12          0          0          0          0        917   stm32f10x_it.o
       292          0         20          0          0       8155   stm32f10x_rcc.o
      2092          0          0          0          0      23550   stm32f10x_tim.o
       308          0          0          0          0       8044   stm32f10x_usart.o
       312          0          0          0          0       5543   sys.o
       342          0          0          4          0       2910   system_stm32f10x.o
        48          0          0          0         84       1767   usart.o

    ----------------------------------------------------------------------
     31372        334      16944         56       2304     311203   Object Totals
         0          0         32          0          0          0   (incl. Generated)
       168          0         10          3         24          0   (incl. Padding)

    ----------------------------------------------------------------------

      Code (inc. data)   RO Data    RW Data    ZI Data      Debug   Library Member Name

         8          0          0          0          0         68   __main.o
       312          4         17          0          0         92   __printf_flags_wp.o
        14          0          0          0          0         68   __printf_wp.o
         0          0          0          0          0          0   __rtentry.o
        12          0          0          0          0          0   __rtentry2.o
         6          0          0          0          0          0   __rtentry4.o
        52          8          0          0          0          0   __scatter.o
        26          0          0          0          0          0   __scatter_copy.o
        28          0          0          0          0          0   __scatter_zi.o
        28          0          0          0          0         68   _chval.o
        48          6          0          0          0         96   _printf_char_common.o
        36          4          0          0          0         80   _printf_char_file.o
         6          0          0          0          0          0   _printf_d.o
       120         16          0          0          0         92   _printf_dec.o
         6          0          0          0          0          0   _printf_f.o
      1052          0          0          0          0        148   _printf_fp_dec.o
       128         16          0          0          0         84   _printf_fp_infnan.o
        88          4         40          0          0         88   _printf_hex_int.o
       178          0          0          0          0         88   _printf_intcommon.o
        78          0          0          0          0        108   _printf_pad.o
         0          0          0          0          0          0   _printf_percent.o
         4          0          0          0          0          0   _printf_percent_end.o
         6          0          0          0          0          0   _printf_x.o
        22          0          0          0          0        100   _rserrno.o
        10          0          0          0          0         68   _sputc.o
       158          0          0          0          0         92   _strtoul.o
        26          0          0          0          0         80   atoi.o
       228          4        148          0          0         96   bigflt0.o
      1936        128          0          0          0        672   btod.o
        18          0          0          0          0         80   exit.o
         8          0          0          0          0         68   ferror.o
         6          0          0          0          0        152   heapauxi.o
        44         10        272          0          0         76   lc_ctype_c.o
        44         10         28          0          0         76   lc_numeric_c.o
         2          0          0          0          0          0   libinit.o
        30          0          0          0          0          0   libinit2.o
         2          0          0          0          0          0   libshutdown.o
         2          0          0          0          0          0   libshutdown2.o
         8          4          0          0         96         68   libspace.o
        72          0          0          0          0         76   llsdiv.o
       138          0          0          0          0         80   lludiv10.o
       238          0          0          0          0        100   lludivv7m.o
        88          0          0          0          0         76   memcmp.o
        24          4          0          0          0         84   noretval__2printf.o
        40          6          0          0          0         84   noretval__2sprintf.o
        44          4          0          0          0         84   puts.o
        16          4          0          0          0         76   rt_ctype_table.o
         8          4          0          0          0         68   rt_errno_addr_intlibspace.o
         8          4          0          0          0         68   rt_locale_intlibspace.o
        78          0          0          0          0         80   rt_memclr_w.o
         2          0          0          0          0          0   rtexit.o
        10          0          0          0          0          0   rtexit2.o
       128          0          0          0          0         68   strcmpv7m.o
       112          0          0          0          0         88   strtol.o
        74          0          0          0          0         80   sys_stackheap_outer.o
         2          0          0          0          0         68   use_no_semi.o
         2          0          0          0          0         68   use_no_semi_2.o
        98          4          0          0          0         92   d2f.o
       826         16          0          0          0        356   daddsub_clz.o
        16          4          0          0          0         68   dcheck1.o
        24          0          0          0          0         68   dcmpi.o
       688        140          0          0          0        216   ddiv.o
       120          4          0          0          0         92   deqf.o
        94          4          0          0          0         92   dfix.o
        46          0          0          0          0         68   dflt_clz.o
       340         12          0          0          0        104   dmul.o
       156          4          0          0          0         92   dnaninf.o
        12          0          0          0          0         68   dretinf.o
       460         56          0          0          0        120   dsqrt_noumaal.o
        86          4          0          0          0         84   f2d.o
       430          8          0          0          0        168   faddsub_clz.o
        84          0          0          0          0        196   fcmp.o
        24          0          0          0          0         68   fcmpi.o
       388         76          0          0          0         96   fdiv.o
       104          4          0          0          0         84   feqf.o
        54          4          0          0          0         84   ffix.o
        62          4          0          0          0         84   ffixu.o
        86          0          0          0          0        136   fflt_clz.o
       104          4          0          0          0         84   fgeqf.o
       104          4          0          0          0         84   fleqf.o
       258          4          0          0          0         84   fmul.o
       140          4          0          0          0         84   fnaninf.o
        10          0          0          0          0         68   fretinf.o
         4          0          0          0          0         68   printf1.o
       100          0          0          0          0         68   retnan.o
        92          0          0          0          0         68   scalbn.o
        48          0          0          0          0         68   trapv.o
         0          0          0          0          0          0   usenofp.o
       624         52         80          0          0        168   asin.o
       544         70        152          0          0        124   atan.o
       412         38          0          0          0        144   atan2.o
        38          6          0          0          0        272   dunder.o
        40          0          0          0          0         68   fpclassify.o
       170          0          0          0          0         96   poly.o
         0          0          8          0          0          0   qnan.o
        76          0          0          0          0         84   sqrt.o

    ----------------------------------------------------------------------
     12858        766        746          0         96       8024   Library Totals
        32          0          1          0          0          0   (incl. Padding)

    ----------------------------------------------------------------------

      Code (inc. data)   RO Data    RW Data    ZI Data      Debug   Library Name

      5864        240        505          0         96       3956   c_wu.l
      5058        360          0          0          0       3112   fz_ws.l
      1904        166        240          0          0        956   m_ws.l

    ----------------------------------------------------------------------
     12858        766        746          0         96       8024   Library Totals

    ----------------------------------------------------------------------

==============================================================================


      Code (inc. data)   RO Data    RW Data    ZI Data      Debug   

     44230       1100      17690         56       2400     314271   Grand Totals
     44230       1100      17690         56       2400     314271   ELF Image Totals
     44230       1100      17690         56          0          0   ROM Totals

==============================================================================

    Total RO  Size (Code + RO Data)                61920 (  60.47kB)
    Total RW  Size (RW Data + ZI Data)              2456 (   2.40kB)
    Total ROM Size (Code + RO Data + RW Data)      61976 (  60.52kB)

==============================================================================

