Component: ARM Compiler 6.10.1 Tool: armlink [5d142800]

==============================================================================

Section Cross References

    main.o(.text) refers (Special) to _printf_d.o(.ARM.Collect$$_printf_percent$$00000009) for _printf_d
    main.o(.text) refers (Special) to _printf_f.o(.ARM.Collect$$_printf_percent$$00000003) for _printf_f
    main.o(.text) refers (Special) to printf1.o(x$fpl$printf1) for _printf_fp_dec
    main.o(.text) refers (Special) to _printf_dec.o(.text) for _printf_int_dec
    main.o(.text) refers (Special) to _printf_percent.o(.ARM.Collect$$_printf_percent$$00000000) for _printf_percent
    main.o(.text) refers (Special) to _printf_pad.o(.text) for _printf_pre_padding
    main.o(.text.main) refers (Special) to _printf_d.o(.ARM.Collect$$_printf_percent$$00000009) for _printf_d
    main.o(.text.main) refers (Special) to _printf_f.o(.ARM.Collect$$_printf_percent$$00000003) for _printf_f
    main.o(.text.main) refers (Special) to printf1.o(x$fpl$printf1) for _printf_fp_dec
    main.o(.text.main) refers (Special) to _printf_dec.o(.text) for _printf_int_dec
    main.o(.text.main) refers (Special) to _printf_percent.o(.ARM.Collect$$_printf_percent$$00000000) for _printf_percent
    main.o(.text.main) refers (Special) to _printf_pad.o(.text) for _printf_pre_padding
    main.o(.text.main) refers to system_stm32f10x.o(.text.SystemInit) for SystemInit
    main.o(.text.main) refers to sys.o(.text.Stm32_Clock_Init) for Stm32_Clock_Init
    main.o(.text.main) refers to delay.o(.text.delay_init) for delay_init
    main.o(.text.main) refers to sys.o(.text.JTAG_Set) for JTAG_Set
    main.o(.text.main) refers to main.o(.bss.RCC_CLK) for RCC_CLK
    main.o(.text.main) refers to stm32f10x_rcc.o(.text.RCC_GetClocksFreq) for RCC_GetClocksFreq
    main.o(.text.main) refers to misc.o(.text.NVIC_PriorityGroupConfig) for NVIC_PriorityGroupConfig
    main.o(.text.main) refers to drv_led.o(.text._Z12init_drv_LEDv) for init_drv_LED()
    main.o(.text.main) refers to mpu6050.o(.text.MPU_Init) for MPU_Init
    main.o(.text.main) refers to drv_beep.o(.text._Z9BEEP_Initv) for BEEP_Init()
    main.o(.text.main) refers to drv_beep.o(.text._Z4Playv) for Play()
    main.o(.text.main) refers to commulink.o(.text._Z14init_Commulinkv) for init_Commulink()
    main.o(.text.main) refers to drv_lcd.o(.text._Z12init_drv_LCDv) for init_drv_LCD()
    main.o(.text.main) refers to gui.o(.text._Z8init_GUIv) for init_GUI()
    main.o(.text.main) refers to drv_key.o(.text._Z12init_drv_Keyv) for init_drv_Key()
    main.o(.text.main) refers to adc.o(.text.Adc_Init) for Adc_Init
    main.o(.text.main) refers to drv_uart1.o(.text.init_drv_Uart1) for init_drv_Uart1
    main.o(.text.main) refers to drv_encoder.o(.text._Z21drv_Encoder_Init_TIM3v) for drv_Encoder_Init_TIM3()
    main.o(.text.main) refers to drv_encoder.o(.text._Z21drv_Encoder_Init_TIM4v) for drv_Encoder_Init_TIM4()
    main.o(.text.main) refers to drv_pwmout.o(.text._Z15init_drv_PWMOutv) for init_drv_PWMOut()
    main.o(.text.main) refers to drv_pwmout.o(.text._Z14init_drv_Motorv) for init_drv_Motor()
    main.o(.text.main) refers to stm32f10x_rcc.o(.text.RCC_APB1PeriphClockCmd) for RCC_APB1PeriphClockCmd
    main.o(.text.main) refers to stm32f10x_tim.o(.text.TIM_TimeBaseInit) for TIM_TimeBaseInit
    main.o(.text.main) refers to stm32f10x_tim.o(.text.TIM_ITConfig) for TIM_ITConfig
    main.o(.text.main) refers to misc.o(.text.NVIC_Init) for NVIC_Init
    main.o(.text.main) refers to stm32f10x_tim.o(.text.TIM_Cmd) for TIM_Cmd
    main.o(.text.main) refers to drv_hcsr04.o(.text._Z10hcsr04Initv) for hcsr04Init()
    main.o(.text.main) refers to main.o(.data.Balance_Kp) for Balance_Kp
    main.o(.text.main) refers to drv_uart1.o(.bss.data_array) for data_array
    main.o(.text.main) refers to main.o(.data.Balance_Kd) for Balance_Kd
    main.o(.text.main) refers to main.o(.data.Velocity_Kp) for Velocity_Kp
    main.o(.text.main) refers to main.o(.data.Middle_angle) for Middle_angle
    main.o(.text.main) refers to fmul.o(x$fpl$fmul) for __aeabi_fmul
    main.o(.text.main) refers to faddsub_clz.o(x$fpl$fadd) for __aeabi_fadd
    main.o(.text.main) refers to ffix.o(x$fpl$ffix) for __aeabi_f2iz
    main.o(.text.main) refers to main.o(.bss.str) for str
    main.o(.text.main) refers to dflt_clz.o(x$fpl$dflt) for __aeabi_i2d
    main.o(.text.main) refers to ddiv.o(x$fpl$ddiv) for __aeabi_ddiv
    main.o(.text.main) refers to d2f.o(x$fpl$d2f) for __aeabi_d2f
    main.o(.text.main) refers to main.o(.data.Velocity_Ki) for Velocity_Ki
    main.o(.text.main) refers to adc.o(.text.Get_Adc_Average) for Get_Adc_Average
    main.o(.text.main) refers to f2d.o(x$fpl$f2d) for __aeabi_f2d
    main.o(.text.main) refers to dmul.o(x$fpl$dmul) for __aeabi_dmul
    main.o(.text.main) refers to main.o(.bss.VDDA) for VDDA
    main.o(.text.main) refers to mpu6050.o(.bss.Roll) for Roll
    main.o(.text.main) refers to main.o(.rodata.str1.1) for .L.str
[...]
    CL$$btod_d2e_norm_op1                    0x08004bd8   Section       96  btod.o(CL$$btod_d2e_norm_op1)
    CL$$btod_div_common                      0x08004c38   Section      824  btod.o(CL$$btod_div_common)
    CL$$btod_e2e                             0x08004f70   Section      220  btod.o(CL$$btod_e2e)
    CL$$btod_ediv                            0x0800504c   Section       42  btod.o(CL$$btod_ediv)
    CL$$btod_emul                            0x08005076   Section       42  btod.o(CL$$btod_emul)
    CL$$btod_mult_common                     0x080050a0   Section      580  btod.o(CL$$btod_mult_common)
    i.__ARM_fpclassify                       0x080052e4   Section        0  fpclassify.o(i.__ARM_fpclassify)
    i._is_digit                              0x0800530c   Section        0  __printf_wp.o(i._is_digit)
    locale$$code                             0x0800531c   Section       44  lc_numeric_c.o(locale$$code)
    locale$$code                             0x08005348   Section       44  lc_ctype_c.o(locale$$code)
    x$fpl$d2f                                0x08005374   Section       98  d2f.o(x$fpl$d2f)
    x$fpl$ddiv                               0x080053d8   Section      688  ddiv.o(x$fpl$ddiv)
    ddiv_entry                               0x080053df   Thumb Code     0  ddiv.o(x$fpl$ddiv)
    x$fpl$dflt                               0x08005688   Section       46  dflt_clz.o(x$fpl$dflt)
    x$fpl$dmul                               0x080056b8   Section      340  dmul.o(x$fpl$dmul)
    x$fpl$dnaninf                            0x0800580c   Section      156  dnaninf.o(x$fpl$dnaninf)
    x$fpl$dretinf                            0x080058a8   Section       12  dretinf.o(x$fpl$dretinf)
    x$fpl$f2d                                0x080058b4   Section       86  f2d.o(x$fpl$f2d)
    x$fpl$fadd                               0x0800590c   Section      196  faddsub_clz.o(x$fpl$fadd)
    _fadd1                                   0x0800591b   Thumb Code     0  faddsub_clz.o(x$fpl$fadd)
    x$fpl$ffix                               0x080059d0   Section       54  ffix.o(x$fpl$ffix)
    x$fpl$ffixu                              0x08005a08   Section       62  ffixu.o(x$fpl$ffixu)
    x$fpl$fflt                               0x08005a48   Section       48  fflt_clz.o(x$fpl$fflt)
    x$fpl$ffltu                              0x08005a78   Section       38  fflt_clz.o(x$fpl$ffltu)
    x$fpl$fmul                               0x08005aa0   Section      258  fmul.o(x$fpl$fmul)
    x$fpl$fnaninf                            0x08005ba2   Section      140  fnaninf.o(x$fpl$fnaninf)
    x$fpl$fretinf                            0x08005c2e   Section       10  fretinf.o(x$fpl$fretinf)
    x$fpl$fsub                               0x08005c38   Section      234  faddsub_clz.o(x$fpl$fsub)
    _fsub1                                   0x08005c47   Thumb Code     0  faddsub_clz.o(x$fpl$fsub)
    x$fpl$printf1                            0x08005d22   Section        4  printf1.o(x$fpl$printf1)
    .constdata                               0x08005d26   Section       17  __printf_flags_wp.o(.constdata)
    x$fpl$usenofp                            0x08005d26   Section        0  usenofp.o(x$fpl$usenofp)
    maptable                                 0x08005d26   Data          17  __printf_flags_wp.o(.constdata)
    .constdata                               0x08005d38   Section      148  bigflt0.o(.constdata)
    tenpwrs_x                                0x08005d38   Data          60  bigflt0.o(.constdata)
    tenpwrs_i                                0x08005d74   Data          64  bigflt0.o(.constdata)
    [Anonymous Symbol]                       0x08005dcc   Section        0  stm32f10x_rcc.o(.rodata.ADCPrescTable)
    ADCPrescTable                            0x08005dcc   Data           4  stm32f10x_rcc.o(.rodata.ADCPrescTable)
    [Anonymous Symbol]                       0x08005dd0   Section        0  stm32f10x_rcc.o(.rodata.APBAHBPrescTable)
    APBAHBPrescTable                         0x08005dd0   Data          16  stm32f10x_rcc.o(.rodata.APBAHBPrescTable)
    [Anonymous Symbol]                       0x080091e4   Section        0  main.o(.rodata.str1.1)
    .L.str.1                                 0x080091e4   Data           4  main.o(.rodata.str1.1)
    .L.str.2                                 0x080091e8   Data           4  main.o(.rodata.str1.1)
    .L.str                                   0x080091ec   Data           6  main.o(.rodata.str1.1)
    locale$$data                             0x08009214   Section       28  lc_numeric_c.o(locale$$data)
    __lcnum_c_name                           0x08009218   Data           2  lc_numeric_c.o(locale$$data)
    __lcnum_c_start                          0x08009220   Data           0  lc_numeric_c.o(locale$$data)
    __lcnum_c_point                          0x0800922c   Data           0  lc_numeric_c.o(locale$$data)
    __lcnum_c_thousands                      0x0800922e   Data           0  lc_numeric_c.o(locale$$data)
    __lcnum_c_grouping                       0x0800922f   Data           0  lc_numeric_c.o(locale$$data)
    locale$$data                             0x08009230   Section      272  lc_ctype_c.o(locale$$data)
    __lcnum_c_end                            0x08009230   Data           0  lc_numeric_c.o(locale$$data)
    __lcctype_c_name                         0x08009234   Data           2  lc_ctype_c.o(locale$$data)
    __lcctype_c_start                        0x0800923c   Data           0  lc_ctype_c.o(locale$$data)
    __lcctype_c_end                          0x08009340   Data           0  lc_ctype_c.o(locale$$data)
    .bss                                     0x20000028   Section       96  libspace.o(.bss)
    [Anonymous Symbol]                       0x2000010c   Section        0  delay.o(.bss.fac_ms)
    fac_ms                                   0x2000010c   Data           2  delay.o(.bss.fac_ms)
    [Anonymous Symbol]                       0x2000010e   Section        0  delay.o(.bss.fac_us)
    fac_us                                   0x2000010e   Data           1  delay.o(.bss.fac_us)
    HEAP                                     0x20000218   Section      512  startup_stm32f10x_hd.o(HEAP)
    Heap_Mem                                 0x20000218   Data         512  startup_stm32f10x_hd.o(HEAP)
    STACK                                    0x20000418   Section     1024  startup_stm32f10x_hd.o(STACK)
    Stack_Mem                                0x20000418   Data        1024  startup_stm32f10x_hd.o(STACK)
    __initial_sp                             0x20000818   Data           0  startup_stm32f10x_hd.o(STACK)

    Global Symbols

    Symbol Name                              Value     Ov Type        Size  Object(Section)

    BuildAttributes$$THM_ISAv4$P$D$K$B$S$PE$A:L22UL41UL21$X:L11$S22US41US21$IEEE1$IW$~IW$USESV6$~STKCKD$USESV7$WCHAR32$ENUMINT$~SHL$OTIME$ROPI$IEEEX$EBA8$UX$STANDARDLIB$REQ8$EABIv2 0x00000000   Number         0  anon$$obj.o ABSOLUTE
    _printf_flags                            0x00000000   Number         0  printf_stubs.o ABSOLUTE
    _printf_return_value                     0x00000000   Number         0  printf_stubs.o ABSOLUTE
    _printf_sizespec                         0x00000000   Number         0  printf_stubs.o ABSOLUTE
    _printf_widthprec                        0x00000000   Number         0  printf_stubs.o ABSOLUTE
    SHT$$ARM_EXIDX$$Base                      - Undefined Reference
    SHT$$ARM_EXIDX$$Limit                     - Undefined Reference
    __ARM_exceptions_init                     - Undefined Weak Reference
    __alloca_initialize                       - Undefined Weak Reference
    __arm_preinit_                            - Undefined Weak Reference
    __cpp_initialize__aeabi_                  - Undefined Weak Reference
    __cxa_finalize                            - Undefined Weak Reference
    __sigvec_lookup                           - Undefined Weak Reference
    _atexit_init                              - Undefined Weak Reference
    _call_atexit_fns                          - Undefined Weak Reference
    _clock_init                               - Undefined Weak Reference
    _fp_trap_init                             - Undefined Weak Reference
    _fp_trap_shutdown                         - Undefined Weak Reference
    _get_lc_collate                           - Undefined Weak Reference
    _get_lc_monetary                          - Undefined Weak Reference
    _get_lc_time                              - Undefined Weak Reference
    _getenv_init                              - Undefined Weak Reference
    _handle_redirection                       - Undefined Weak Reference
    _init_alloc                               - Undefined Weak Reference
    _init_user_alloc                          - Undefined Weak Reference
    _initio                                   - Undefined Weak Reference
    _mutex_acquire                            - Undefined Weak Reference
    _mutex_release                            - Undefined Weak Reference
    _printf_truncate_signed                   - Undefined Weak Reference
    _printf_truncate_unsigned                 - Undefined Weak Reference
    _rand_init                                - Undefined Weak Reference
    _signal_finish                            - Undefined Weak Reference
    _signal_init                              - Undefined Weak Reference
    _terminate_alloc                          - Undefined Weak Reference
    _terminate_user_alloc                     - Undefined Weak Reference
    _terminateio                              - Undefined Weak Reference
    __Vectors_Size                           0x00000130   Number         0  startup_stm32f10x_hd.o ABSOLUTE
    __Vectors                                0x08000000   Data           4  startup_stm32f10x_hd.o(RESET)
    __Vectors_End                            0x08000130   Data           0  startup_stm32f10x_hd.o(RESET)
    __main                                   0x08000131   Thumb Code     8  __main.o(!!!main)
    __scatterload                            0x08000139   Thumb Code     0  __scatter.o(!!!scatter)
    __scatterload_rt2                        0x08000139   Thumb Code    44  __scatter.o(!!!scatter)
    __scatterload_rt2_thumb_only             0x08000139   Thumb Code     0  __scatter.o(!!!scatter)
    __scatterload_null                       0x08000147   Thumb Code     0  __scatter.o(!!!scatter)
    __scatterload_copy                       0x0800016d   Thumb Code    26  __scatter_copy.o(!!handler_copy)
    __scatterload_zeroinit                   0x08000189   Thumb Code    28  __scatter_zi.o(!!handler_zi)
    _printf_f                                0x080001a5   Thumb Code     0  _printf_f.o(.ARM.Collect$$_printf_percent$$00000003)
    _printf_percent                          0x080001a5   Thumb Code     0  _printf_percent.o(.ARM.Collect$$_printf_percent$$00000000)
    _printf_d                                0x080001ab   Thumb Code     0  _printf_d.o(.ARM.Collect$$_printf_percent$$00000009)
    _printf_percent_end                      0x080001b1   Thumb Code     0  _printf_percent_end.o(.ARM.Collect$$_printf_percent$$00000017)
    __rt_lib_init                            0x080001b5   Thumb Code     0  libinit.o(.ARM.Collect$$libinit$$00000000)
    __rt_lib_init_fp_1                       0x080001b7   Thumb Code     0  libinit2.o(.ARM.Collect$$libinit$$00000002)
    __rt_lib_init_heap_1                     0x080001b7   Thumb Code     0  libinit2.o(.ARM.Collect$$libinit$$0000000A)
    __rt_lib_init_lc_common                  0x080001b7   Thumb Code     0  libinit2.o(.ARM.Collect$$libinit$$0000000F)
    __rt_lib_init_preinit_1                  0x080001b7   Thumb Code     0  libinit2.o(.ARM.Collect$$libinit$$00000004)
    __rt_lib_init_rand_1                     0x080001b7   Thumb Code     0  libinit2.o(.ARM.Collect$$libinit$$0000000E)
    __rt_lib_init_user_alloc_1               0x080001b7   Thumb Code     0  libinit2.o(.ARM.Collect$$libinit$$0000000C)
    __rt_lib_init_lc_collate_1               0x080001bd   Thumb Code     0  libinit2.o(.ARM.Collect$$libinit$$00000011)
    __rt_lib_init_lc_ctype_2                 0x080001bd   Thumb Code     0  libinit2.o(.ARM.Collect$$libinit$$00000012)
    __rt_lib_init_lc_ctype_1                 0x080001c9   Thumb Code     0  libinit2.o(.ARM.Collect$$libinit$$00000013)
    __rt_lib_init_lc_monetary_1              0x080001c9   Thumb Code     0  libinit2.o(.ARM.Collect$$libinit$$00000015)
    __rt_lib_init_lc_numeric_2               0x080001c9   Thumb Code     0  libinit2.o(.ARM.Collect$$libinit$$00000016)
    __rt_lib_init_alloca_1                   0x080001d3   Thumb Code     0  libinit2.o(.ARM.Collect$$libinit$$0000002E)
    __rt_lib_init_argv_1                     0x080001d3   Thumb Code     0  libinit2.o(.ARM.Collect$$libinit$$0000002C)
    __rt_lib_init_atexit_1                   0x080001d3   Thumb Code     0  libinit2.o(.ARM.Collect$$libinit$$0000001B)
    __rt_lib_init_clock_1                    0x080001d3   Thumb Code     0  libinit2.o(.ARM.Collect$$libinit$$00000021)
    __rt_lib_init_cpp_1                      0x080001d3   Thumb Code     0  libinit2.o(.ARM.Collect$$libinit$$00000032)
    __rt_lib_init_exceptions_1               0x080001d3   Thumb Code     0  libinit2.o(.ARM.Collect$$libinit$$00000030)
    __rt_lib_init_fp_trap_1                  0x080001d3   Thumb Code     0  libinit2.o(.ARM.Collect$$libinit$$0000001F)
    __rt_lib_init_getenv_1                   0x080001d3   Thumb Code     0  libinit2.o(.ARM.Collect$$libinit$$00000023)
    __rt_lib_init_lc_numeric_1               0x080001d3   Thumb Code     0  libinit2.o(.ARM.Collect$$libinit$$00000017)
    __rt_lib_init_lc_time_1                  0x080001d3   Thumb Code     0  libinit2.o(.ARM.Collect$$libinit$$00000019)
    __rt_lib_init_return                     0x080001d3   Thumb Code     0  libinit2.o(.ARM.Collect$$libinit$$00000033)
    __rt_lib_init_signal_1                   0x080001d3   Thumb Code     0  libinit2.o(.ARM.Collect$$libinit$$0000001D)
    __rt_lib_init_stdio_1                    0x080001d3   Thumb Code     0  libinit2.o(.ARM.Collect$$libinit$$00000025)
    __rt_lib_shutdown                        0x080001d5   Thumb Code     0  libshutdown.o(.ARM.Collect$$libshutdown$$00000000)
    __rt_lib_shutdown_cpp_1                  0x080001d7   Thumb Code     0  libshutdown2.o(.ARM.Collect$$libshutdown$$00000002)
    __rt_lib_shutdown_fp_trap_1              0x080001d7   Thumb Code     0  libshutdown2.o(.ARM.Collect$$libshutdown$$00000007)
    __rt_lib_shutdown_heap_1                 0x080001d7   Thumb Code     0  libshutdown2.o(.ARM.Collect$$libshutdown$$0000000F)
    __rt_lib_shutdown_return                 0x080001d7   Thumb Code     0  libshutdown2.o(.ARM.Collect$$libshutdown$$00000010)
    __rt_lib_shutdown_signal_1               0x080001d7   Thumb Code     0  libshutdown2.o(.ARM.Collect$$libshutdown$$0000000A)
    __rt_lib_shutdown_stdio_1                0x080001d7   Thumb Code     0  libshutdown2.o(.ARM.Collect$$libshutdown$$00000004)
    __rt_lib_shutdown_user_alloc_1           0x080001d7   Thumb Code     0  libshutdown2.o(.ARM.Collect$$libshutdown$$0000000C)
    __rt_entry                               0x080001d9   Thumb Code     0  __rtentry.o(.ARM.Collect$$rtentry$$00000000)
    __rt_entry_presh_1                       0x080001d9   Thumb Code     0  __rtentry2.o(.ARM.Collect$$rtentry$$00000002)
    __rt_entry_sh                            0x080001d9   Thumb Code     0  __rtentry4.o(.ARM.Collect$$rtentry$$00000004)
    __rt_entry_li                            0x080001df   Thumb Code     0  __rtentry2.o(.ARM.Collect$$rtentry$$0000000A)
    __rt_entry_postsh_1                      0x080001df   Thumb Code     0  __rtentry2.o(.ARM.Collect$$rtentry$$00000009)
    __rt_entry_main                          0x080001e3   Thumb Code     0  __rtentry2.o(.ARM.Collect$$rtentry$$0000000D)
    __rt_entry_postli_1                      0x080001e3   Thumb Code     0  __rtentry2.o(.ARM.Collect$$rtentry$$0000000C)
    __rt_exit                                0x080001eb   Thumb Code     0  rtexit.o(.ARM.Collect$$rtexit$$00000000)
    __rt_exit_ls                             0x080001ed   Thumb Code     0  rtexit2.o(.ARM.Collect$$rtexit$$00000003)
    __rt_exit_prels_1                        0x080001ed   Thumb Code     0  rtexit2.o(.ARM.Collect$$rtexit$$00000002)
    __rt_exit_exit                           0x080001f1   Thumb Code     0  rtexit2.o(.ARM.Collect$$rtexit$$00000004)
    Reset_Handler                            0x080001f9   Thumb Code     8  startup_stm32f10x_hd.o(.text)
    SVC_Handler                              0x0800020b   Thumb Code     2  startup_stm32f10x_hd.o(.text)
    PendSV_Handler                           0x0800020f   Thumb Code     2  startup_stm32f10x_hd.o(.text)
    SysTick_Handler                          0x08000211   Thumb Code     2  startup_stm32f10x_hd.o(.text)
    ADC1_2_IRQHandler                        0x08000213   Thumb Code     0  startup_stm32f10x_hd.o(.text)
    ADC3_IRQHandler                          0x08000213   Thumb Code     0  startup_stm32f10x_hd.o(.text)
    CAN1_RX1_IRQHandler                      0x08000213   Thumb Code     0  startup_stm32f10x_hd.o(.text)
    CAN1_SCE_IRQHandler                      0x08000213   Thumb Code     0  startup_stm32f10x_hd.o(.text)
    DMA1_Channel1_IRQHandler                 0x08000213   Thumb Code     0  startup_stm32f10x_hd.o(.text)
    DMA1_Channel2_IRQHandler                 0x08000213   Thumb Code     0  startup_stm32f10x_hd.o(.text)
    DMA1_Channel3_IRQHandler                 0x08000213   Thumb Code     0  startup_stm32f10x_hd.o(.text)
    DMA1_Channel4_IRQHandler                 0x08000213   Thumb Code     0  startup_stm32f10x_hd.o(.text)
    DMA1_Channel5_IRQHandler                 0x08000213   Thumb Code     0  startup_stm32f10x_hd.o(.text)
    DMA1_Channel6_IRQHandler                 0x08000213   Thumb Code     0  startup_stm32f10x_hd.o(.text)
    DMA1_Channel7_IRQHandler                 0x08000213   Thumb Code     0  startup_stm32f10x_hd.o(.text)
    DMA2_Channel1_IRQHandler                 0x08000213   Thumb Code     0  startup_stm32f10x_hd.o(.text)
    DMA2_Channel2_IRQHandler                 0x08000213   Thumb Code     0  startup_stm32f10x_hd.o(.text)
    DMA2_Channel3_IRQHandler                 0x08000213   Thumb Code     0  startup_stm32f10x_hd.o(.text)
    DMA2_Channel4_5_IRQHandler               0x08000213   Thumb Code     0  startup_stm32f10x_hd.o(.text)
    EXTI15_10_IRQHandler                     0x08000213   Thumb Code     0  startup_stm32f10x_hd.o(.text)
    EXTI1_IRQHandler                         0x08000213   Thumb Code     0  startup_stm32f10x_hd.o(.text)
    EXTI2_IRQHandler                         0x08000213   Thumb Code     0  startup_stm32f10x_hd.o(.text)
    EXTI3_IRQHandler                         0x08000213   Thumb Code     0  startup_stm32f10x_hd.o(.text)
    EXTI4_IRQHandler                         0x08000213   Thumb Code     0  startup_stm32f10x_hd.o(.text)
    EXTI9_5_IRQHandler                       0x08000213   Thumb Code     0  startup_stm32f10x_hd.o(.text)
    FLASH_IRQHandler                         0x08000213   Thumb Code     0  startup_stm32f10x_hd.o(.text)
    FSMC_IRQHandler                          0x08000213   Thumb Code     0  startup_stm32f10x_hd.o(.text)
    I2C1_ER_IRQHandler                       0x08000213   Thumb Code     0  startup_stm32f10x_hd.o(.text)
    I2C1_EV_IRQHandler                       0x08000213   Thumb Code     0  startup_stm32f10x_hd.o(.text)
    I2C2_ER_IRQHandler                       0x08000213   Thumb Code     0  startup_stm32f10x_hd.o(.text)
    I2C2_EV_IRQHandler                       0x08000213   Thumb Code     0  startup_stm32f10x_hd.o(.text)
    PVD_IRQHandler                           0x08000213   Thumb Code     0  startup_stm32f10x_hd.o(.text)
    RCC_IRQHandler                           0x08000213   Thumb Code     0  startup_stm32f10x_hd.o(.text)
    RTCAlarm_IRQHandler                      0x08000213   Thumb Code     0  startup_stm32f10x_hd.o(.text)
    RTC_IRQHandler                           0x08000213   Thumb Code     0  startup_stm32f10x_hd.o(.text)
    SDIO_IRQHandler                          0x08000213   Thumb Code     0  startup_stm32f10x_hd.o(.text)
    SPI1_IRQHandler                          0x08000213   Thumb Code     0  startup_stm32f10x_hd.o(.text)
    SPI2_IRQHandler                          0x08000213   Thumb Code     0  startup_stm32f10x_hd.o(.text)
    SPI3_IRQHandler                          0x08000213   Thumb Code     0  startup_stm32f10x_hd.o(.text)
    TAMPER_IRQHandler                        0x08000213   Thumb Code     0  startup_stm32f10x_hd.o(.text)
    TIM1_BRK_IRQHandler                      0x08000213   Thumb Code     0  startup_stm32f10x_hd.o(.text)
    TIM1_CC_IRQHandler                       0x08000213   Thumb Code     0  startup_stm32f10x_hd.o(.text)
    TIM1_TRG_COM_IRQHandler                  0x08000213   Thumb Code     0  startup_stm32f10x_hd.o(.text)
    TIM1_UP_IRQHandler                       0x08000213   Thumb Code     0  startup_stm32f10x_hd.o(.text)
    TIM6_IRQHandler                          0x08000213   Thumb Code     0  startup_stm32f10x_hd.o(.text)
    TIM7_IRQHandler                          0x08000213   Thumb Code     0  startup_stm32f10x_hd.o(.text)
    TIM8_BRK_IRQHandler                      0x08000213   Thumb Code     0  startup_stm32f10x_hd.o(.text)
    TIM8_CC_IRQHandler                       0x08000213   Thumb Code     0  startup_stm32f10x_hd.o(.text)
    TIM8_TRG_COM_IRQHandler                  0x08000213   Thumb Code     0  startup_stm32f10x_hd.o(.text)
    TIM8_UP_IRQHandler                       0x08000213   Thumb Code     0  startup_stm32f10x_hd.o(.text)
    UART4_IRQHandler                         0x08000213   Thumb Code     0  startup_stm32f10x_hd.o(.text)
    UART5_IRQHandler                         0x08000213   Thumb Code     0  startup_stm32f10x_hd.o(.text)
    USART2_IRQHandler                        0x08000213   Thumb Code     0  startup_stm32f10x_hd.o(.text)
    USART3_IRQHandler                        0x08000213   Thumb Code     0  startup_stm32f10x_hd.o(.text)
    USBWakeUp_IRQHandler                     0x08000213   Thumb Code     0  startup_stm32f10x_hd.o(.text)
    USB_HP_CAN1_TX_IRQHandler                0x08000213   Thumb Code     0  startup_stm32f10x_hd.o(.text)
    USB_LP_CAN1_RX0_IRQHandler               0x08000213   Thumb Code     0  startup_stm32f10x_hd.o(.text)
    WWDG_IRQHandler                          0x08000213   Thumb Code     0  startup_stm32f10x_hd.o(.text)
    __user_initial_stackheap                 0x08000215   Thumb Code     0  startup_stm32f10x_hd.o(.text)
    __use_no_semihosting                     0x08000239   Thumb Code     2  use_no_semi_2.o(.text)
    __2sprintf                               0x0800023d   Thumb Code    34  noretval__2sprintf.o(.text)
    _printf_pre_padding                      0x08000265   Thumb Code    44  _printf_pad.o(.text)
    _printf_post_padding                     0x08000291   Thumb Code    34  _printf_pad.o(.text)
    _printf_int_dec                          0x080002b5   Thumb Code   104  _printf_dec.o(.text)
    __printf                                 0x0800032d   Thumb Code   308  __printf_flags_wp.o(.text)
    atoi                                     0x08000465   Thumb Code    26  atoi.o(.text)
    __use_two_region_memory                  0x0800047f   Thumb Code     2  heapauxi.o(.text)
    __rt_heap_escrow$2region                 0x08000481   Thumb Code     2  heapauxi.o(.text)
    __rt_heap_expand$2region                 0x08000483   Thumb Code     2  heapauxi.o(.text)
    __I$use$semihosting                      0x08000485   Thumb Code     0  use_no_semi.o(.text)
    __use_no_semihosting_swi                 0x08000485   Thumb Code     2  use_no_semi.o(.text)
    __aeabi_errno_addr                       0x08000489   Thumb Code     8  rt_errno_addr_intlibspace.o(.text)
    __errno$intlibspace                      0x08000489   Thumb Code     0  rt_errno_addr_intlibspace.o(.text)
    __rt_errno_addr$intlibspace              0x08000489   Thumb Code     0  rt_errno_addr_intlibspace.o(.text)
    _printf_int_common                       0x08000491   Thumb Code   178  _printf_intcommon.o(.text)
    _printf_fp_dec_real                      0x080006f3   Thumb Code   620  _printf_fp_dec.o(.text)
    _printf_char_common                      0x0800096b   Thumb Code    32  _printf_char_common.o(.text)
    _sputc                                   0x08000991   Thumb Code    10  _sputc.o(.text)
    strtol                                   0x0800099b   Thumb Code   112  strtol.o(.text)
    __user_libspace                          0x08000a0d   Thumb Code     8  libspace.o(.text)
    __user_perproc_libspace                  0x08000a0d   Thumb Code     0  libspace.o(.text)
    __user_perthread_libspace                0x08000a0d   Thumb Code     0  libspace.o(.text)
    __rt_ctype_table                         0x08000a15   Thumb Code    16  rt_ctype_table.o(.text)
    __rt_locale                              0x08000a25   Thumb Code     8  rt_locale_intlibspace.o(.text)
    _ll_udiv10                               0x08000a2d   Thumb Code   138  lludiv10.o(.text)
    _printf_fp_infnan                        0x08000ab9   Thumb Code   112  _printf_fp_infnan.o(.text)
    _strtoul                                 0x08000b39   Thumb Code   158  _strtoul.o(.text)
    _btod_etento                             0x08000bd9   Thumb Code   224  bigflt0.o(.text)
    __user_setup_stackheap                   0x08000cbd   Thumb Code    74  sys_stackheap_outer.o(.text)
    _chval                                   0x08000d07   Thumb Code    28  _chval.o(.text)
    exit                                     0x08000d23   Thumb Code    18  exit.o(.text)
    strcmp                                   0x08000d35   Thumb Code   128  strcmpv7m.o(.text)
    ADC_Cmd                                  0x08000db5   Thumb Code    18  stm32f10x_adc.o(.text.ADC_Cmd)
    ADC_DeInit                               0x08000dc9   Thumb Code    96  stm32f10x_adc.o(.text.ADC_DeInit)
    ADC_GetCalibrationStatus                 0x08000e29   Thumb Code     8  stm32f10x_adc.o(.text.ADC_GetCalibrationStatus)
    ADC_GetConversionValue                   0x08000e31   Thumb Code     6  stm32f10x_adc.o(.text.ADC_GetConversionValue)
    ADC_GetFlagStatus                        0x08000e39   Thumb Code    10  stm32f10x_adc.o(.text.ADC_GetFlagStatus)
    ADC_GetResetCalibrationStatus            0x08000e45   Thumb Code     8  stm32f10x_adc.o(.text.ADC_GetResetCalibrationStatus)
    ADC_Init                                 0x08000e4d   Thumb Code    82  stm32f10x_adc.o(.text.ADC_Init)
    ADC_RegularChannelConfig                 0x08000ea1   Thumb Code   102  stm32f10x_adc.o(.text.ADC_RegularChannelConfig)
    ADC_ResetCalibration                     0x08000f09   Thumb Code    10  stm32f10x_adc.o(.text.ADC_ResetCalibration)
    ADC_SoftwareStartConvCmd                 0x08000f15   Thumb Code    18  stm32f10x_adc.o(.text.ADC_SoftwareStartConvCmd)
    ADC_StartCalibration                     0x08000f29   Thumb Code    10  stm32f10x_adc.o(.text.ADC_StartCalibration)
    Adc_Init                                 0x08000f35   Thumb Code   130  adc.o(.text.Adc_Init)
    BusFault_Handler                         0x08000fb9   Thumb Code     2  stm32f10x_it.o(.text.BusFault_Handler)
    DebugMon_Handler                         0x08000fbd   Thumb Code     2  stm32f10x_it.o(.text.DebugMon_Handler)
    EXTI0_IRQHandler                         0x08000fc1   Thumb Code    56  drv_key.o(.text.EXTI0_IRQHandler)
    EXTI_ClearITPendingBit                   0x08000ff9   Thumb Code    12  stm32f10x_exti.o(.text.EXTI_ClearITPendingBit)
    EXTI_Init                                0x08001005   Thumb Code    96  stm32f10x_exti.o(.text.EXTI_Init)
    GPIO_EXTILineConfig                      0x08001065   Thumb Code    52  stm32f10x_gpio.o(.text.GPIO_EXTILineConfig)
    GPIO_Init                                0x08001099   Thumb Code   734  stm32f10x_gpio.o(.text.GPIO_Init)
    GPIO_PinRemapConfig                      0x08001379   Thumb Code   110  stm32f10x_gpio.o(.text.GPIO_PinRemapConfig)
    GPIO_ReadInputDataBit                    0x080013e9   Thumb Code    10  stm32f10x_gpio.o(.text.GPIO_ReadInputDataBit)
    GPIO_ResetBits                           0x080013f5   Thumb Code     4  stm32f10x_gpio.o(.text.GPIO_ResetBits)
    GPIO_SetBits                             0x080013f9   Thumb Code     4  stm32f10x_gpio.o(.text.GPIO_SetBits)
    Get_Adc_Average                          0x080013fd   Thumb Code   122  adc.o(.text.Get_Adc_Average)
    HardFault_Handler                        0x08001479   Thumb Code     2  stm32f10x_it.o(.text.HardFault_Handler)
    IIC_Delay                                0x0800147d   Thumb Code     6  mpuiic.o(.text.IIC_Delay)
    IIC_Init                                 0x08001485   Thumb Code    46  mpuiic.o(.text.IIC_Init)
    IIC_Read_Byte                            0x080014b5   Thumb Code   400  mpuiic.o(.text.IIC_Read_Byte)
    IIC_Send_Byte                            0x08001645   Thumb Code   272  mpuiic.o(.text.IIC_Send_Byte)
    IIC_Start                                0x08001755   Thumb Code    60  mpuiic.o(.text.IIC_Start)
    IIC_Stop                                 0x08001791   Thumb Code    62  mpuiic.o(.text.IIC_Stop)
    IIC_Wait_Ack                             0x080017d1   Thumb Code   150  mpuiic.o(.text.IIC_Wait_Ack)
    JTAG_Set                                 0x08001869   Thumb Code    40  sys.o(.text.JTAG_Set)
    MPU_Init                                 0x08001891   Thumb Code   526  mpu6050.o(.text.MPU_Init)
    MemManage_Handler                        0x08001aa1   Thumb Code     2  stm32f10x_it.o(.text.MemManage_Handler)
    NMI_Handler                              0x08001aa5   Thumb Code     2  stm32f10x_it.o(.text.NMI_Handler)
    NVIC_Init                                0x08001aa9   Thumb Code    96  misc.o(.text.NVIC_Init)
    NVIC_PriorityGroupConfig                 0x08001b09   Thumb Code    20  misc.o(.text.NVIC_PriorityGroupConfig)
    RCC_ADCCLKConfig                         0x08001b1d   Thumb Code    20  stm32f10x_rcc.o(.text.RCC_ADCCLKConfig)
    RCC_APB1PeriphClockCmd                   0x08001b31   Thumb Code    24  stm32f10x_rcc.o(.text.RCC_APB1PeriphClockCmd)
    RCC_APB1PeriphResetCmd                   0x08001b49   Thumb Code    24  stm32f10x_rcc.o(.text.RCC_APB1PeriphResetCmd)
    RCC_APB2PeriphClockCmd                   0x08001b61   Thumb Code    24  stm32f10x_rcc.o(.text.RCC_APB2PeriphClockCmd)
    RCC_APB2PeriphResetCmd                   0x08001b79   Thumb Code    24  stm32f10x_rcc.o(.text.RCC_APB2PeriphResetCmd)
    RCC_GetClocksFreq                        0x08001b91   Thumb Code   176  stm32f10x_rcc.o(.text.RCC_GetClocksFreq)
    Read_Len                                 0x08001c41   Thumb Code   328  mpuiic.o(.text.Read_Len)
    Stm32_Clock_Init                         0x08001d89   Thumb Code   272  sys.o(.text.Stm32_Clock_Init)
    SysTick_CLKSourceConfig                  0x08001e99   Thumb Code    26  misc.o(.text.SysTick_CLKSourceConfig)
    SystemInit                               0x08001eb5   Thumb Code   342  system_stm32f10x.o(.text.SystemInit)
    TIM2_IRQHandler                          0x0800200d   Thumb Code   256  main.o(.text.TIM2_IRQHandler)
    TIM3_IRQHandler                          0x0800210d   Thumb Code    20  drv_encoder.o(.text.TIM3_IRQHandler)
    TIM4_IRQHandler                          0x08002121   Thumb Code    20  drv_encoder.o(.text.TIM4_IRQHandler)
    TIM5_IRQHandler                          0x08002135   Thumb Code    48  drv_hcsr04.o(.text.TIM5_IRQHandler)
    TIM_ARRPreloadConfig                     0x08002165   Thumb Code    18  stm32f10x_tim.o(.text.TIM_ARRPreloadConfig)
    TIM_ClearFlag                            0x08002179   Thumb Code     6  stm32f10x_tim.o(.text.TIM_ClearFlag)
    TIM_ClearITPendingBit                    0x08002181   Thumb Code     6  stm32f10x_tim.o(.text.TIM_ClearITPendingBit)
    TIM_Cmd                                  0x08002189   Thumb Code    18  stm32f10x_tim.o(.text.TIM_Cmd)
    TIM_CtrlPWMOutputs                       0x0800219d   Thumb Code    24  stm32f10x_tim.o(.text.TIM_CtrlPWMOutputs)
    TIM_DeInit                               0x080021b5   Thumb Code   560  stm32f10x_tim.o(.text.TIM_DeInit)
    TIM_EncoderInterfaceConfig               0x080023e5   Thumb Code    56  stm32f10x_tim.o(.text.TIM_EncoderInterfaceConfig)
    TIM_GetCounter                           0x0800241d   Thumb Code     4  stm32f10x_tim.o(.text.TIM_GetCounter)
    TIM_GetITStatus                          0x08002421   Thumb Code    20  stm32f10x_tim.o(.text.TIM_GetITStatus)
    TIM_ICInit                               0x08002435   Thumb Code   658  stm32f10x_tim.o(.text.TIM_ICInit)
    TIM_ICStructInit                         0x080026c9   Thumb Code    12  stm32f10x_tim.o(.text.TIM_ICStructInit)
    TIM_ITConfig                             0x080026d5   Thumb Code    16  stm32f10x_tim.o(.text.TIM_ITConfig)
    TIM_OC1Init                              0x080026e5   Thumb Code   114  stm32f10x_tim.o(.text.TIM_OC1Init)
    TIM_OC1PreloadConfig                     0x08002759   Thumb Code    12  stm32f10x_tim.o(.text.TIM_OC1PreloadConfig)
    TIM_OC2Init                              0x08002765   Thumb Code   122  stm32f10x_tim.o(.text.TIM_OC2Init)
    TIM_OC2PreloadConfig                     0x080027e1   Thumb Code    14  stm32f10x_tim.o(.text.TIM_OC2PreloadConfig)
    TIM_OC3Init                              0x080027f1   Thumb Code   122  stm32f10x_tim.o(.text.TIM_OC3Init)
    TIM_OC3PreloadConfig                     0x0800286d   Thumb Code    12  stm32f10x_tim.o(.text.TIM_OC3PreloadConfig)
    TIM_OC4Init                              0x08002879   Thumb Code    96  stm32f10x_tim.o(.text.TIM_OC4Init)
    TIM_OC4PreloadConfig                     0x080028d9   Thumb Code    14  stm32f10x_tim.o(.text.TIM_OC4PreloadConfig)
    TIM_SetCounter                           0x080028e9   Thumb Code     4  stm32f10x_tim.o(.text.TIM_SetCounter)
    TIM_TimeBaseInit                         0x080028ed   Thumb Code   170  stm32f10x_tim.o(.text.TIM_TimeBaseInit)
    TIM_TimeBaseStructInit                   0x08002999   Thumb Code    14  stm32f10x_tim.o(.text.TIM_TimeBaseStructInit)
    USART1_IRQHandler                        0x080029a9   Thumb Code  1048  drv_uart1.o(.text.USART1_IRQHandler)
    USART_Cmd                                0x08002dc1   Thumb Code    18  stm32f10x_usart.o(.text.USART_Cmd)
    USART_GetITStatus                        0x08002dd5   Thumb Code    66  stm32f10x_usart.o(.text.USART_GetITStatus)
    USART_ITConfig                           0x08002e19   Thumb Code    46  stm32f10x_usart.o(.text.USART_ITConfig)
    USART_Init                               0x08002e49   Thumb Code   170  stm32f10x_usart.o(.text.USART_Init)
    USART_ReceiveData                        0x08002ef5   Thumb Code     8  stm32f10x_usart.o(.text.USART_ReceiveData)
    UsageFault_Handler                       0x08002efd   Thumb Code     2  stm32f10x_it.o(.text.UsageFault_Handler)
    Write_Byte                               0x08002f01   Thumb Code    70  mpu6050.o(.text.Write_Byte)
    hcsr04Init()                             0x08002f49   Thumb Code   136  drv_hcsr04.o(.text._Z10hcsr04Initv)
    LCD_WR_DATA(unsigned short)              0x08002fd1   Thumb Code    20  drv_lcd.o(.text._Z11LCD_WR_DATAt)
    LCD_ShowChar(unsigned short, unsigned short, unsigned char, unsigned short, unsigned short, unsigned char, unsigned char) 0x08002fe5   Thumb Code   334  gui.o(.text._Z12LCD_ShowChartthtthh)
    LCD_Writ_Bus(unsigned char)              0x08003135   Thumb Code   340  drv_lcd.o(.text._Z12LCD_Writ_Bush)
    Read_Encoder(unsigned char)              0x08003289   Thumb Code    42  drv_encoder.o(.text._Z12Read_Encoderh)
    init_drv_Key()                           0x080032b5   Thumb Code    98  drv_key.o(.text._Z12init_drv_Keyv)
    init_drv_LCD()                           0x08003319   Thumb Code   654  drv_lcd.o(.text._Z12init_drv_LCDv)
    init_drv_LED()                           0x080035a9   Thumb Code   234  drv_led.o(.text._Z12init_drv_LEDv)
    LCD_GPIO_Init()                          0x08003695   Thumb Code   122  drv_lcd.o(.text._Z13LCD_GPIO_Initv)
    sendLedSignal(LEDSignal)                 0x08003711   Thumb Code     2  commulink.o(.text._Z13sendLedSignal9LEDSignal)
    LCD_ShowString(unsigned short, unsigned short, const char*, unsigned short, unsigned short, unsigned char, unsigned char) 0x08003715   Thumb Code    68  gui.o(.text._Z14LCD_ShowStringttPKctthh)
    init_Commulink()                         0x08003759   Thumb Code     2  commulink.o(.text._Z14init_Commulinkv)
    init_drv_Motor()                         0x0800375d   Thumb Code    96  drv_pwmout.o(.text._Z14init_drv_Motorv)
    LCD_Address_Set(unsigned short, unsigned short, unsigned short, unsigned short) 0x080037bd   Thumb Code   142  drv_lcd.o(.text._Z15LCD_Address_Settttt)
    init_drv_PWMOut()                        0x0800384d   Thumb Code   204  drv_pwmout.o(.text._Z15init_drv_PWMOutv)
    UltraSonic_valuetance()                  0x08003919   Thumb Code   198  drv_hcsr04.o(.text._Z21UltraSonic_valuetancev)
    drv_Encoder_Init_TIM3()                  0x080039e1   Thumb Code   160  drv_encoder.o(.text._Z21drv_Encoder_Init_TIM3v)
    drv_Encoder_Init_TIM4()                  0x08003a81   Thumb Code   158  drv_encoder.o(.text._Z21drv_Encoder_Init_TIM4v)
    Play()                                   0x08003b21   Thumb Code    90  drv_beep.o(.text._Z4Playv)
    L_PWMset(int)                            0x08003b7d   Thumb Code    80  drv_pwmout.o(.text._Z8L_PWMseti)
    R_PWMset(int)                            0x08003bcd   Thumb Code    88  drv_pwmout.o(.text._Z8R_PWMseti)
    init_GUI()                               0x08003c25   Thumb Code  2116  gui.o(.text._Z8init_GUIv)
    BEEP_Init()                              0x08004469   Thumb Code    54  drv_beep.o(.text._Z9BEEP_Initv)
    _sys_exit                                0x080044a1   Thumb Code     2  usart.o(.text._sys_exit)
    delay_init                               0x080044a5   Thumb Code    66  delay.o(.text.delay_init)
    delay_ms                                 0x080044e9   Thumb Code    90  delay.o(.text.delay_ms)
    delay_us                                 0x08004545   Thumb Code    90  delay.o(.text.delay_us)
    init_drv_Uart1                           0x080045a1   Thumb Code   164  drv_uart1.o(.text.init_drv_Uart1)
    kalman_filter_init                       0x08004645   Thumb Code    30  self_filter.o(.text.kalman_filter_init)
    main                                     0x08004665   Thumb Code  1264  main.o(.text.main)
    _btod_d2e                                0x08004b55   Thumb Code    62  btod.o(CL$$btod_d2e)
    _d2e_denorm_low                          0x08004b93   Thumb Code    70  btod.o(CL$$btod_d2e_denorm_low)
    _d2e_norm_op1                            0x08004bd9   Thumb Code    96  btod.o(CL$$btod_d2e_norm_op1)
    __btod_div_common                        0x08004c39   Thumb Code   696  btod.o(CL$$btod_div_common)
    _e2e                                     0x08004f71   Thumb Code   220  btod.o(CL$$btod_e2e)
    _btod_ediv                               0x0800504d   Thumb Code    42  btod.o(CL$$btod_ediv)
    _btod_emul                               0x08005077   Thumb Code    42  btod.o(CL$$btod_emul)
    __btod_mult_common                       0x080050a1   Thumb Code   580  btod.o(CL$$btod_mult_common)
    __ARM_fpclassify                         0x080052e5   Thumb Code    40  fpclassify.o(i.__ARM_fpclassify)
    _is_digit                                0x0800530d   Thumb Code    14  __printf_wp.o(i._is_digit)
    _get_lc_numeric                          0x0800531d   Thumb Code    44  lc_numeric_c.o(locale$$code)
    _get_lc_ctype                            0x08005349   Thumb Code    44  lc_ctype_c.o(locale$$code)
    __aeabi_d2f                              0x08005375   Thumb Code     0  d2f.o(x$fpl$d2f)
    _d2f                                     0x08005375   Thumb Code    98  d2f.o(x$fpl$d2f)
    __aeabi_ddiv                             0x080053d9   Thumb Code     0  ddiv.o(x$fpl$ddiv)
    _ddiv                                    0x080053d9   Thumb Code   552  ddiv.o(x$fpl$ddiv)
    __aeabi_i2d                              0x08005689   Thumb Code     0  dflt_clz.o(x$fpl$dflt)
    _dflt                                    0x08005689   Thumb Code    46  dflt_clz.o(x$fpl$dflt)
    __aeabi_dmul                             0x080056b9   Thumb Code     0  dmul.o(x$fpl$dmul)
    _dmul                                    0x080056b9   Thumb Code   332  dmul.o(x$fpl$dmul)
    __fpl_dnaninf                            0x0800580d   Thumb Code   156  dnaninf.o(x$fpl$dnaninf)
    __fpl_dretinf                            0x080058a9   Thumb Code    12  dretinf.o(x$fpl$dretinf)
    __aeabi_f2d                              0x080058b5   Thumb Code     0  f2d.o(x$fpl$f2d)
    _f2d                                     0x080058b5   Thumb Code    86  f2d.o(x$fpl$f2d)
    __aeabi_fadd                             0x0800590d   Thumb Code     0  faddsub_clz.o(x$fpl$fadd)
    _fadd                                    0x0800590d   Thumb Code   196  faddsub_clz.o(x$fpl$fadd)
    __aeabi_f2iz                             0x080059d1   Thumb Code     0  ffix.o(x$fpl$ffix)
    _ffix                                    0x080059d1   Thumb Code    54  ffix.o(x$fpl$ffix)
    __aeabi_f2uiz                            0x08005a09   Thumb Code     0  ffixu.o(x$fpl$ffixu)
    _ffixu                                   0x08005a09   Thumb Code    62  ffixu.o(x$fpl$ffixu)
    __aeabi_i2f                              0x08005a49   Thumb Code     0  fflt_clz.o(x$fpl$fflt)
    _fflt                                    0x08005a49   Thumb Code    48  fflt_clz.o(x$fpl$fflt)
    __aeabi_ui2f                             0x08005a79   Thumb Code     0  fflt_clz.o(x$fpl$ffltu)
    _ffltu                                   0x08005a79   Thumb Code    38  fflt_clz.o(x$fpl$ffltu)
    __aeabi_fmul                             0x08005aa1   Thumb Code     0  fmul.o(x$fpl$fmul)
    _fmul                                    0x08005aa1   Thumb Code   258  fmul.o(x$fpl$fmul)
    __fpl_fnaninf                            0x08005ba3   Thumb Code   140  fnaninf.o(x$fpl$fnaninf)
    __fpl_fretinf                            0x08005c2f   Thumb Code    10  fretinf.o(x$fpl$fretinf)
    __aeabi_fsub                             0x08005c39   Thumb Code     0  faddsub_clz.o(x$fpl$fsub)
    _fsub                                    0x08005c39   Thumb Code   234  faddsub_clz.o(x$fpl$fsub)
    _printf_fp_dec                           0x08005d23   Thumb Code     4  printf1.o(x$fpl$printf1)
    __I$use$fp                               0x08005d26   Number         0  usenofp.o(x$fpl$usenofp)
    ascii_1206                               0x08005de0   Data        1140  font.o(.rodata.ascii_1206)
    ascii_1608                               0x08006254   Data        1536  font.o(.rodata.ascii_1608)
    ascii_2412                               0x08006854   Data        4560  font.o(.rodata.ascii_2412)
    ascii_3216                               0x08007a24   Data        6080  font.o(.rodata.ascii_3216)
    Region$$Table$$Base                      0x080091f4   Number         0  anon$$obj.o(Region$$Table)
    Region$$Table$$Limit                     0x08009214   Number         0  anon$$obj.o(Region$$Table)
    __ctype                                  0x0800923d   Data           0  lc_ctype_c.o(locale$$data)
    Balance_Kd                               0x20000000   Data           4  main.o(.data.Balance_Kd)
    Balance_Kp                               0x20000004   Data           4  main.o(.data.Balance_Kp)
    Flag_sudu                                0x20000008   Data           1  drv_uart1.o(.data.Flag_sudu)
    L_PWM                                    0x2000000c   Data           4  main.o(.data.L_PWM)
    Middle_angle                             0x20000010   Data           4  main.o(.data.Middle_angle)
    R_PWM                                    0x20000014   Data           4  main.o(.data.R_PWM)
    SystemCoreClock                          0x20000018   Data           4  system_stm32f10x.o(.data.SystemCoreClock)
    Velocity_Ki                              0x2000001c   Data           4  main.o(.data.Velocity_Ki)
    Velocity_Kp                              0x20000020   Data           4  main.o(.data.Velocity_Kp)
    __libspace_start                         0x20000028   Data          96  libspace.o(.bss)
    Flag_Hou                                 0x20000088   Data           1  drv_uart1.o(.bss.Flag_Hou)
    __temporary_stack_top$libspace           0x20000088   Data           0  libspace.o(.bss)
    Flag_Left                                0x20000089   Data           1  drv_uart1.o(.bss.Flag_Left)
    Flag_Qian                                0x2000008a   Data           1  drv_uart1.o(.bss.Flag_Qian)
    Flag_Right                               0x2000008b   Data           1  drv_uart1.o(.bss.Flag_Right)
    L_code                                   0x2000008c   Data           4  main.o(.bss.L_code)
    L_count                                  0x20000090   Data           4  main.o(.bss.L_count)
    PWM                                      0x20000094   Data           4  main.o(.bss.PWM)
    Pitch                                    0x20000098   Data           4  mpu6050.o(.bss.Pitch)
    RCC_CLK                                  0x2000009c   Data          20  main.o(.bss.RCC_CLK)
    R_code                                   0x200000b0   Data           4  main.o(.bss.R_code)
    R_count                                  0x200000b4   Data           4  main.o(.bss.R_count)
    Roll                                     0x200000b8   Data           4  mpu6050.o(.bss.Roll)
    VDDA                                     0x200000bc   Data           4  main.o(.bss.VDDA)
    Yaw                                      0x200000c0   Data           4  mpu6050.o(.bss.Yaw)
    all_parameters                           0x200000c4   Data           1  drv_uart1.o(.bss.all_parameters)
    ave_predata                              0x200000c6   Data          12  mpu6050.o(.bss.ave_predata)
    buffer                                   0x200000d2   Data           7  drv_uart1.o(.bss.buffer)
    buffer_index                             0x200000dc   Data           4  drv_uart1.o(.bss.buffer_index)
    countnum                                 0x200000e0   Data           4  drv_hcsr04.o(.bss.countnum)
    data_array                               0x200000e4   Data          36  drv_uart1.o(.bss.data_array)
    data_index                               0x20000108   Data           4  drv_uart1.o(.bss.data_index)
    in                                       0x20000110   Data           4  drv_uart1.o(.bss.in)
    inside_brackets                          0x20000114   Data           1  drv_uart1.o(.bss.inside_brackets)
    kf_pitch                                 0x20000118   Data          36  mpu6050.o(.bss.kf_pitch)
    kf_roll                                  0x2000013c   Data          36  mpu6050.o(.bss.kf_roll)
    predata                                  0x20000160   Data          12  mpu6050.o(.bss.predata)
    read_index                               0x2000016c   Data           1  drv_uart1.o(.bss.read_index)
    rec                                      0x2000016d   Data          80  drv_uart1.o(.bss.rec)
    res                                      0x200001bd   Data           1  mpu6050.o(.bss.res)
    str                                      0x200001be   Data          50  main.o(.bss.str)
    turn180left                              0x200001f0   Data           4  drv_uart1.o(.bss.turn180left)
    turn180right                             0x200001f4   Data           4  drv_uart1.o(.bss.turn180right)
    turn360left                              0x200001f8   Data           4  drv_uart1.o(.bss.turn360left)
    turn360right                             0x200001fc   Data           4  drv_uart1.o(.bss.turn360right)
    turn90left                               0x20000200   Data           4  drv_uart1.o(.bss.turn90left)
    turn90right                              0x20000204   Data           4  drv_uart1.o(.bss.turn90right)
    turn_PWM                                 0x20000208   Data           4  main.o(.bss.turn_PWM)
    turn_angle                               0x2000020c   Data           4  main.o(.bss.turn_angle)
    uart_receive                             0x20000210   Data           4  drv_uart1.o(.bss.uart_receive)
    update_single_value                      0x20000214   Data           1  drv_uart1.o(.bss.update_single_value)



==============================================================================

Memory Map of the image

  Image Entry point : 0x080001f9

  Load Region LR_1 (Base: 0x08000000, Size: 0x00009364, Max: 0xffffffff, ABSOLUTE)

    Execution Region ER_RO (Exec base: 0x08000000, Load base: 0x08000000, Size: 0x00009340, Max: 0xffffffff, ABSOLUTE)

    Exec Addr    Load Addr    Size         Type   Attr      Idx    E Section Name        Object

    0x08000000   0x08000000   0x00000130   Data   RO          170    RESET               startup_stm32f10x_hd.o
    0x08000130   0x08000130   0x00000008   Code   RO         2111  * !!!main             c_wu.l(__main.o)
    0x08000138   0x08000138   0x00000034   Code   RO         2643    !!!scatter          c_wu.l(__scatter.o)
    0x0800016c   0x0800016c   0x0000001a   Code   RO         2645    !!handler_copy      c_wu.l(__scatter_copy.o)
    0x08000186   0x08000186   0x00000002   PAD
    0x08000188   0x08000188   0x0000001c   Code   RO         2647    !!handler_zi        c_wu.l(__scatter_zi.o)
    0x080001a4   0x080001a4   0x00000000   Code   RO         2100    .ARM.Collect$$_printf_percent$$00000000  c_wu.l(_printf_percent.o)
    0x080001a4   0x080001a4   0x00000006   Code   RO         2099    .ARM.Collect$$_printf_percent$$00000003  c_wu.l(_printf_f.o)
    0x080001aa   0x080001aa   0x00000006   Code   RO         2098    .ARM.Collect$$_printf_percent$$00000009  c_wu.l(_printf_d.o)
    0x080001b0   0x080001b0   0x00000004   Code   RO         2257    .ARM.Collect$$_printf_percent$$00000017  c_wu.l(_printf_percent_end.o)
    0x080001b4   0x080001b4   0x00000002   Code   RO         2512    .ARM.Collect$$libinit$$00000000  c_wu.l(libinit.o)
    0x080001b6   0x080001b6   0x00000000   Code   RO         2514    .ARM.Collect$$libinit$$00000002  c_wu.l(libinit2.o)
    0x080001b6   0x080001b6   0x00000000   Code   RO         2516    .ARM.Collect$$libinit$$00000004  c_wu.l(libinit2.o)
    0x080001b6   0x080001b6   0x00000000   Code   RO         2519    .ARM.Collect$$libinit$$0000000A  c_wu.l(libinit2.o)
    0x080001b6   0x080001b6   0x00000000   Code   RO         2521    .ARM.Collect$$libinit$$0000000C  c_wu.l(libinit2.o)
    0x080001b6   0x080001b6   0x00000000   Code   RO         2523    .ARM.Collect$$libinit$$0000000E  c_wu.l(libinit2.o)
    0x080001b6   0x080001b6   0x00000006   Code   RO         2524    .ARM.Collect$$libinit$$0000000F  c_wu.l(libinit2.o)
    0x080001bc   0x080001bc   0x00000000   Code   RO         2526    .ARM.Collect$$libinit$$00000011  c_wu.l(libinit2.o)
    0x080001bc   0x080001bc   0x0000000c   Code   RO         2527    .ARM.Collect$$libinit$$00000012  c_wu.l(libinit2.o)
    0x080001c8   0x080001c8   0x00000000   Code   RO         2528    .ARM.Collect$$libinit$$00000013  c_wu.l(libinit2.o)
    0x080001c8   0x080001c8   0x00000000   Code   RO         2530    .ARM.Collect$$libinit$$00000015  c_wu.l(libinit2.o)
    0x080001c8   0x080001c8   0x0000000a   Code   RO         2531    .ARM.Collect$$libinit$$00000016  c_wu.l(libinit2.o)
    0x080001d2   0x080001d2   0x00000000   Code   RO         2532    .ARM.Collect$$libinit$$00000017  c_wu.l(libinit2.o)
    0x080001d2   0x080001d2   0x00000000   Code   RO         2534    .ARM.Collect$$libinit$$00000019  c_wu.l(libinit2.o)
    0x080001d2   0x080001d2   0x00000000   Code   RO         2536    .ARM.Collect$$libinit$$0000001B  c_wu.l(libinit2.o)
    0x080001d2   0x080001d2   0x00000000   Code   RO         2538    .ARM.Collect$$libinit$$0000001D  c_wu.l(libinit2.o)
    0x080001d2   0x080001d2   0x00000000   Code   RO         2540    .ARM.Collect$$libinit$$0000001F  c_wu.l(libinit2.o)
    0x080001d2   0x080001d2   0x00000000   Code   RO         2542    .ARM.Collect$$libinit$$00000021  c_wu.l(libinit2.o)
    0x080001d2   0x080001d2   0x00000000   Code   RO         2544    .ARM.Collect$$libinit$$00000023  c_wu.l(libinit2.o)
    0x080001d2   0x080001d2   0x00000000   Code   RO         2546    .ARM.Collect$$libinit$$00000025  c_wu.l(libinit2.o)
    0x080001d2   0x080001d2   0x00000000   Code   RO         2550    .ARM.Collect$$libinit$$0000002C  c_wu.l(libinit2.o)
    0x080001d2   0x080001d2   0x00000000   Code   RO         2552    .ARM.Collect$$libinit$$0000002E  c_wu.l(libinit2.o)
    0x080001d2   0x080001d2   0x00000000   Code   RO         2554    .ARM.Collect$$libinit$$00000030  c_wu.l(libinit2.o)
    0x080001d2   0x080001d2   0x00000000   Code   RO         2556    .ARM.Collect$$libinit$$00000032  c_wu.l(libinit2.o)
    0x080001d2   0x080001d2   0x00000002   Code   RO         2557    .ARM.Collect$$libinit$$00000033  c_wu.l(libinit2.o)
    0x080001d4   0x080001d4   0x00000002   Code   RO         2624    .ARM.Collect$$libshutdown$$00000000  c_wu.l(libshutdown.o)
    0x080001d6   0x080001d6   0x00000000   Code   RO         2626    .ARM.Collect$$libshutdown$$00000002  c_wu.l(libshutdown2.o)
    0x080001d6   0x080001d6   0x00000000   Code   RO         2628    .ARM.Collect$$libshutdown$$00000004  c_wu.l(libshutdown2.o)
    0x080001d6   0x080001d6   0x00000000   Code   RO         2631    .ARM.Collect$$libshutdown$$00000007  c_wu.l(libshutdown2.o)
    0x080001d6   0x080001d6   0x00000000   Code   RO         2634    .ARM.Collect$$libshutdown$$0000000A  c_wu.l(libshutdown2.o)
    0x080001d6   0x080001d6   0x00000000   Code   RO         2636    .ARM.Collect$$libshutdown$$0000000C  c_wu.l(libshutdown2.o)
    0x080001d6   0x080001d6   0x00000000   Code   RO         2639    .ARM.Collect$$libshutdown$$0000000F  c_wu.l(libshutdown2.o)
    0x080001d6   0x080001d6   0x00000002   Code   RO         2640    .ARM.Collect$$libshutdown$$00000010  c_wu.l(libshutdown2.o)
    0x080001d8   0x080001d8   0x00000000   Code   RO         2235    .ARM.Collect$$rtentry$$00000000  c_wu.l(__rtentry.o)
    0x080001d8   0x080001d8   0x00000000   Code   RO         2400    .ARM.Collect$$rtentry$$00000002  c_wu.l(__rtentry2.o)
    0x080001d8   0x080001d8   0x00000006   Code   RO         2412    .ARM.Collect$$rtentry$$00000004  c_wu.l(__rtentry4.o)
    0x080001de   0x080001de   0x00000000   Code   RO         2402    .ARM.Collect$$rtentry$$00000009  c_wu.l(__rtentry2.o)
    0x080001de   0x080001de   0x00000004   Code   RO         2403    .ARM.Collect$$rtentry$$0000000A  c_wu.l(__rtentry2.o)
    0x080001e2   0x080001e2   0x00000000   Code   RO         2405    .ARM.Collect$$rtentry$$0000000C  c_wu.l(__rtentry2.o)
    0x080001e2   0x080001e2   0x00000008   Code   RO         2406    .ARM.Collect$$rtentry$$0000000D  c_wu.l(__rtentry2.o)
    0x080001ea   0x080001ea   0x00000002   Code   RO         2560    .ARM.Collect$$rtexit$$00000000  c_wu.l(rtexit.o)
    0x080001ec   0x080001ec   0x00000000   Code   RO         2583    .ARM.Collect$$rtexit$$00000002  c_wu.l(rtexit2.o)
    0x080001ec   0x080001ec   0x00000004   Code   RO         2584    .ARM.Collect$$rtexit$$00000003  c_wu.l(rtexit2.o)
    0x080001f0   0x080001f0   0x00000006   Code   RO         2585    .ARM.Collect$$rtexit$$00000004  c_wu.l(rtexit2.o)
    0x080001f6   0x080001f6   0x00000002   PAD
    0x080001f8   0x080001f8   0x00000040   Code   RO          171  * .text               startup_stm32f10x_hd.o
    0x08000238   0x08000238   0x00000002   Code   RO         2038    .text               c_wu.l(use_no_semi_2.o)
    0x0800023a   0x0800023a   0x00000002   PAD
    0x0800023c   0x0800023c   0x00000028   Code   RO         2048    .text               c_wu.l(noretval__2sprintf.o)
    0x08000264   0x08000264   0x0000004e   Code   RO         2052    .text               c_wu.l(_printf_pad.o)
    0x080002b2   0x080002b2   0x00000002   PAD
    0x080002b4   0x080002b4   0x00000078   Code   RO         2054    .text               c_wu.l(_printf_dec.o)
    0x0800032c   0x0800032c   0x00000138   Code   RO         2089    .text               c_wu.l(__printf_flags_wp.o)
    0x08000464   0x08000464   0x0000001a   Code   RO         2101    .text               c_wu.l(atoi.o)
    0x0800047e   0x0800047e   0x00000006   Code   RO         2109    .text               c_wu.l(heapauxi.o)
    0x08000484   0x08000484   0x00000002   Code   RO         2233    .text               c_wu.l(use_no_semi.o)
    0x08000486   0x08000486   0x00000002   PAD
    0x08000488   0x08000488   0x00000008   Code   RO         2239    .text               c_wu.l(rt_errno_addr_intlibspace.o)
    0x08000490   0x08000490   0x000000b2   Code   RO         2245    .text               c_wu.l(_printf_intcommon.o)
    0x08000542   0x08000542   0x0000041c   Code   RO         2247    .text               c_wu.l(_printf_fp_dec.o)
    0x0800095e   0x0800095e   0x00000002   PAD
    0x08000960   0x08000960   0x00000030   Code   RO         2251    .text               c_wu.l(_printf_char_common.o)
    0x08000990   0x08000990   0x0000000a   Code   RO         2253    .text               c_wu.l(_sputc.o)
    0x0800099a   0x0800099a   0x00000070   Code   RO         2258    .text               c_wu.l(strtol.o)
    0x08000a0a   0x08000a0a   0x00000002   PAD
    0x08000a0c   0x08000a0c   0x00000008   Code   RO         2396    .text               c_wu.l(libspace.o)
    0x08000a14   0x08000a14   0x00000010   Code   RO         2414    .text               c_wu.l(rt_ctype_table.o)
    0x08000a24   0x08000a24   0x00000008   Code   RO         2423    .text               c_wu.l(rt_locale_intlibspace.o)
    0x08000a2c   0x08000a2c   0x0000008a   Code   RO         2425    .text               c_wu.l(lludiv10.o)
    0x08000ab6   0x08000ab6   0x00000002   PAD
    0x08000ab8   0x08000ab8   0x00000080   Code   RO         2427    .text               c_wu.l(_printf_fp_infnan.o)
    0x08000b38   0x08000b38   0x0000009e   Code   RO         2431    .text               c_wu.l(_strtoul.o)
    0x08000bd6   0x08000bd6   0x00000002   PAD
    0x08000bd8   0x08000bd8   0x000000e4   Code   RO         2433    .text               c_wu.l(bigflt0.o)
    0x08000cbc   0x08000cbc   0x0000004a   Code   RO         2484    .text               c_wu.l(sys_stackheap_outer.o)
    0x08000d06   0x08000d06   0x0000001c   Code   RO         2490    .text               c_wu.l(_chval.o)
    0x08000d22   0x08000d22   0x00000012   Code   RO         2497    .text               c_wu.l(exit.o)
    0x08000d34   0x08000d34   0x00000080   Code   RO         2505    .text               c_wu.l(strcmpv7m.o)
    0x08000db4   0x08000db4   0x00000012   Code   RO          205    .text.ADC_Cmd       stm32f10x_adc.o
    0x08000dc6   0x08000dc6   0x00000002   PAD
    0x08000dc8   0x08000dc8   0x00000060   Code   RO          199    .text.ADC_DeInit    stm32f10x_adc.o
    0x08000e28   0x08000e28   0x00000008   Code   RO          217    .text.ADC_GetCalibrationStatus  stm32f10x_adc.o
    0x08000e30   0x08000e30   0x00000006   Code   RO          231    .text.ADC_GetConversionValue  stm32f10x_adc.o
    0x08000e36   0x08000e36   0x00000002   PAD
    0x08000e38   0x08000e38   0x0000000a   Code   RO          263    .text.ADC_GetFlagStatus  stm32f10x_adc.o
    0x08000e42   0x08000e42   0x00000002   PAD
    0x08000e44   0x08000e44   0x00000008   Code   RO          213    .text.ADC_GetResetCalibrationStatus  stm32f10x_adc.o
    0x08000e4c   0x08000e4c   0x00000052   Code   RO          201    .text.ADC_Init      stm32f10x_adc.o
    0x08000e9e   0x08000e9e   0x00000002   PAD
    0x08000ea0   0x08000ea0   0x00000066   Code   RO          227    .text.ADC_RegularChannelConfig  stm32f10x_adc.o
    0x08000f06   0x08000f06   0x00000002   PAD
    0x08000f08   0x08000f08   0x0000000a   Code   RO          211    .text.ADC_ResetCalibration  stm32f10x_adc.o
    0x08000f12   0x08000f12   0x00000002   PAD
    0x08000f14   0x08000f14   0x00000012   Code   RO          219    .text.ADC_SoftwareStartConvCmd  stm32f10x_adc.o
    0x08000f26   0x08000f26   0x00000002   PAD
    0x08000f28   0x08000f28   0x0000000a   Code   RO          215    .text.ADC_StartCalibration  stm32f10x_adc.o
    0x08000f32   0x08000f32   0x00000002   PAD
    0x08000f34   0x08000f34   0x00000082   Code   RO         1836    .text.Adc_Init      adc.o
    0x08000fb6   0x08000fb6   0x00000002   PAD
    0x08000fb8   0x08000fb8   0x00000002   Code   RO           64    .text.BusFault_Handler  stm32f10x_it.o
    0x08000fba   0x08000fba   0x00000002   PAD
    0x08000fbc   0x08000fbc   0x00000002   Code   RO           68    .text.DebugMon_Handler  stm32f10x_it.o
    0x08000fbe   0x08000fbe   0x00000002   PAD
    0x08000fc0   0x08000fc0   0x00000038   Code   RO         1442    .text.EXTI0_IRQHandler  drv_key.o
    0x08000ff8   0x08000ff8   0x0000000c   Code   RO          537    .text.EXTI_ClearITPendingBit  stm32f10x_exti.o
    0x08001004   0x08001004   0x00000060   Code   RO          525    .text.EXTI_Init     stm32f10x_exti.o
    0x08001064   0x08001064   0x00000034   Code   RO          698    .text.GPIO_EXTILineConfig  stm32f10x_gpio.o
    0x08001098   0x08001098   0x000002de   Code   RO          670    .text.GPIO_Init     stm32f10x_gpio.o
    0x08001376   0x08001376   0x00000002   PAD
    0x08001378   0x08001378   0x0000006e   Code   RO          696    .text.GPIO_PinRemapConfig  stm32f10x_gpio.o
    0x080013e6   0x080013e6   0x00000002   PAD
    0x080013e8   0x080013e8   0x0000000a   Code   RO          674    .text.GPIO_ReadInputDataBit  stm32f10x_gpio.o
    0x080013f2   0x080013f2   0x00000002   PAD
    0x080013f4   0x080013f4   0x00000004   Code   RO          684    .text.GPIO_ResetBits  stm32f10x_gpio.o
    0x080013f8   0x080013f8   0x00000004   Code   RO          682    .text.GPIO_SetBits  stm32f10x_gpio.o
    0x080013fc   0x080013fc   0x0000007a   Code   RO         1840    .text.Get_Adc_Average  adc.o
    0x08001476   0x08001476   0x00000002   PAD
    0x08001478   0x08001478   0x00000002   Code   RO           60    .text.HardFault_Handler  stm32f10x_it.o
    0x0800147a   0x0800147a   0x00000002   PAD
    0x0800147c   0x0800147c   0x00000006   Code   RO         1484    .text.IIC_Delay     mpuiic.o
    0x08001482   0x08001482   0x00000002   PAD
    0x08001484   0x08001484   0x0000002e   Code   RO         1498    .text.IIC_Init      mpuiic.o
    0x080014b2   0x080014b2   0x00000002   PAD
    0x080014b4   0x080014b4   0x00000190   Code   RO         1494    .text.IIC_Read_Byte  mpuiic.o
    0x08001644   0x08001644   0x00000110   Code   RO         1490    .text.IIC_Send_Byte  mpuiic.o
    0x08001754   0x08001754   0x0000003c   Code   RO         1488    .text.IIC_Start     mpuiic.o
    0x08001790   0x08001790   0x0000003e   Code   RO         1496    .text.IIC_Stop      mpuiic.o
    0x080017ce   0x080017ce   0x00000002   PAD
    0x080017d0   0x080017d0   0x00000096   Code   RO         1492    .text.IIC_Wait_Ack  mpuiic.o
    0x08001866   0x08001866   0x00000002   PAD
    0x08001868   0x08001868   0x00000028   Code   RO          126    .text.JTAG_Set      sys.o
    0x08001890   0x08001890   0x0000020e   Code   RO         1523    .text.MPU_Init      mpu6050.o
    0x08001a9e   0x08001a9e   0x00000002   PAD
    0x08001aa0   0x08001aa0   0x00000002   Code   RO           62    .text.MemManage_Handler  stm32f10x_it.o
    0x08001aa2   0x08001aa2   0x00000002   PAD
    0x08001aa4   0x08001aa4   0x00000002   Code   RO           58    .text.NMI_Handler   stm32f10x_it.o
    0x08001aa6   0x08001aa6   0x00000002   PAD
    0x08001aa8   0x08001aa8   0x00000060   Code   RO          180    .text.NVIC_Init     misc.o
    0x08001b08   0x08001b08   0x00000014   Code   RO          178    .text.NVIC_PriorityGroupConfig  misc.o
    0x08001b1c   0x08001b1c   0x00000014   Code   RO          872    .text.RCC_ADCCLKConfig  stm32f10x_rcc.o
    0x08001b30   0x08001b30   0x00000018   Code   RO          888    .text.RCC_APB1PeriphClockCmd  stm32f10x_rcc.o
    0x08001b48   0x08001b48   0x00000018   Code   RO          892    .text.RCC_APB1PeriphResetCmd  stm32f10x_rcc.o
    0x08001b60   0x08001b60   0x00000018   Code   RO          886    .text.RCC_APB2PeriphClockCmd  stm32f10x_rcc.o
    0x08001b78   0x08001b78   0x00000018   Code   RO          890    .text.RCC_APB2PeriphResetCmd  stm32f10x_rcc.o
    0x08001b90   0x08001b90   0x000000b0   Code   RO          882    .text.RCC_GetClocksFreq  stm32f10x_rcc.o
    0x08001c40   0x08001c40   0x00000148   Code   RO         1506    .text.Read_Len      mpuiic.o
    0x08001d88   0x08001d88   0x00000110   Code   RO          134    .text.Stm32_Clock_Init  sys.o
    0x08001e98   0x08001e98   0x0000001a   Code   RO          186    .text.SysTick_CLKSourceConfig  misc.o
    0x08001eb2   0x08001eb2   0x00000002   PAD
    0x08001eb4   0x08001eb4   0x00000156   Code   RO           80    .text.SystemInit    system_stm32f10x.o
    0x0800200a   0x0800200a   0x00000002   PAD
    0x0800200c   0x0800200c   0x00000100   Code   RO            6    .text.TIM2_IRQHandler  main.o
    0x0800210c   0x0800210c   0x00000014   Code   RO         1822    .text.TIM3_IRQHandler  drv_encoder.o
    0x08002120   0x08002120   0x00000014   Code   RO         1820    .text.TIM4_IRQHandler  drv_encoder.o
    0x08002134   0x08002134   0x00000030   Code   RO         1939    .text.TIM5_IRQHandler  drv_hcsr04.o
    0x08002164   0x08002164   0x00000012   Code   RO         1160    .text.TIM_ARRPreloadConfig  stm32f10x_tim.o
    0x08002176   0x08002176   0x00000002   PAD
    0x08002178   0x08002178   0x00000006   Code   RO         1254    .text.TIM_ClearFlag  stm32f10x_tim.o
    0x0800217e   0x0800217e   0x00000002   PAD
    0x08002180   0x08002180   0x00000006   Code   RO         1258    .text.TIM_ClearITPendingBit  stm32f10x_tim.o
    0x08002186   0x08002186   0x00000002   PAD
    0x08002188   0x08002188   0x00000012   Code   RO         1120    .text.TIM_Cmd       stm32f10x_tim.o
    0x0800219a   0x0800219a   0x00000002   PAD
    0x0800219c   0x0800219c   0x00000018   Code   RO         1122    .text.TIM_CtrlPWMOutputs  stm32f10x_tim.o
    0x080021b4   0x080021b4   0x00000230   Code   RO         1086    .text.TIM_DeInit    stm32f10x_tim.o
    0x080023e4   0x080023e4   0x00000038   Code   RO         1150    .text.TIM_EncoderInterfaceConfig  stm32f10x_tim.o
    0x0800241c   0x0800241c   0x00000004   Code   RO         1248    .text.TIM_GetCounter  stm32f10x_tim.o
    0x08002420   0x08002420   0x00000014   Code   RO         1256    .text.TIM_GetITStatus  stm32f10x_tim.o
    0x08002434   0x08002434   0x00000292   Code   RO         1098    .text.TIM_ICInit    stm32f10x_tim.o
    0x080026c6   0x080026c6   0x00000002   PAD
    0x080026c8   0x080026c8   0x0000000c   Code   RO         1116    .text.TIM_ICStructInit  stm32f10x_tim.o
    0x080026d4   0x080026d4   0x00000010   Code   RO         1124    .text.TIM_ITConfig  stm32f10x_tim.o
    0x080026e4   0x080026e4   0x00000072   Code   RO         1090    .text.TIM_OC1Init   stm32f10x_tim.o
    0x08002756   0x08002756   0x00000002   PAD
    0x08002758   0x08002758   0x0000000c   Code   RO         1168    .text.TIM_OC1PreloadConfig  stm32f10x_tim.o
    0x08002764   0x08002764   0x0000007a   Code   RO         1092    .text.TIM_OC2Init   stm32f10x_tim.o
    0x080027de   0x080027de   0x00000002   PAD
    0x080027e0   0x080027e0   0x0000000e   Code   RO         1170    .text.TIM_OC2PreloadConfig  stm32f10x_tim.o
    0x080027ee   0x080027ee   0x00000002   PAD
    0x080027f0   0x080027f0   0x0000007a   Code   RO         1094    .text.TIM_OC3Init   stm32f10x_tim.o
    0x0800286a   0x0800286a   0x00000002   PAD
    0x0800286c   0x0800286c   0x0000000c   Code   RO         1172    .text.TIM_OC3PreloadConfig  stm32f10x_tim.o
    0x08002878   0x08002878   0x00000060   Code   RO         1096    .text.TIM_OC4Init   stm32f10x_tim.o
    0x080028d8   0x080028d8   0x0000000e   Code   RO         1174    .text.TIM_OC4PreloadConfig  stm32f10x_tim.o
    0x080028e6   0x080028e6   0x00000002   PAD
    0x080028e8   0x080028e8   0x00000004   Code   RO         1226    .text.TIM_SetCounter  stm32f10x_tim.o
    0x080028ec   0x080028ec   0x000000aa   Code   RO         1088    .text.TIM_TimeBaseInit  stm32f10x_tim.o
    0x08002996   0x08002996   0x00000002   PAD
    0x08002998   0x08002998   0x0000000e   Code   RO         1112    .text.TIM_TimeBaseStructInit  stm32f10x_tim.o
    0x080029a6   0x080029a6   0x00000002   PAD
    0x080029a8   0x080029a8   0x00000418   Code   RO         1855    .text.USART1_IRQHandler  drv_uart1.o
    0x08002dc0   0x08002dc0   0x00000012   Code   RO         1281    .text.USART_Cmd     stm32f10x_usart.o
    0x08002dd2   0x08002dd2   0x00000002   PAD
    0x08002dd4   0x08002dd4   0x00000042   Code   RO         1325    .text.USART_GetITStatus  stm32f10x_usart.o
    0x08002e16   0x08002e16   0x00000002   PAD
    0x08002e18   0x08002e18   0x0000002e   Code   RO         1283    .text.USART_ITConfig  stm32f10x_usart.o
    0x08002e46   0x08002e46   0x00000002   PAD
    0x08002e48   0x08002e48   0x000000aa   Code   RO         1273    .text.USART_Init    stm32f10x_usart.o
    0x08002ef2   0x08002ef2   0x00000002   PAD
    0x08002ef4   0x08002ef4   0x00000008   Code   RO         1299    .text.USART_ReceiveData  stm32f10x_usart.o
    0x08002efc   0x08002efc   0x00000002   Code   RO           66    .text.UsageFault_Handler  stm32f10x_it.o
    0x08002efe   0x08002efe   0x00000002   PAD
    0x08002f00   0x08002f00   0x00000046   Code   RO         1519    .text.Write_Byte    mpu6050.o
    0x08002f46   0x08002f46   0x00000002   PAD
    0x08002f48   0x08002f48   0x00000088   Code   RO         1935    .text._Z10hcsr04Initv  drv_hcsr04.o
    0x08002fd0   0x08002fd0   0x00000014   Code   RO         1411    .text._Z11LCD_WR_DATAt  drv_lcd.o
    0x08002fe4   0x08002fe4   0x0000014e   Code   RO         1989    .text._Z12LCD_ShowChartthtthh  gui.o
    0x08003132   0x08003132   0x00000002   PAD
    0x08003134   0x08003134   0x00000154   Code   RO         1407    .text._Z12LCD_Writ_Bush  drv_lcd.o
    0x08003288   0x08003288   0x0000002a   Code   RO         1818    .text._Z12Read_Encoderh  drv_encoder.o
    0x080032b2   0x080032b2   0x00000002   PAD
    0x080032b4   0x080032b4   0x00000062   Code   RO         1440    .text._Z12init_drv_Keyv  drv_key.o
    0x08003316   0x08003316   0x00000002   PAD
    0x08003318   0x08003318   0x0000028e   Code   RO         1417    .text._Z12init_drv_LCDv  drv_lcd.o
    0x080035a6   0x080035a6   0x00000002   PAD
    0x080035a8   0x080035a8   0x000000ea   Code   RO         1377    .text._Z12init_drv_LEDv  drv_led.o
    0x08003692   0x08003692   0x00000002   PAD
    0x08003694   0x08003694   0x0000007a   Code   RO         1405    .text._Z13LCD_GPIO_Initv  drv_lcd.o
    0x0800370e   0x0800370e   0x00000002   PAD
    0x08003710   0x08003710   0x00000002   Code   RO         2019    .text._Z13sendLedSignal9LEDSignal  commulink.o
    0x08003712   0x08003712   0x00000002   PAD
    0x08003714   0x08003714   0x00000044   Code   RO         1991    .text._Z14LCD_ShowStringttPKctthh  gui.o
    0x08003758   0x08003758   0x00000002   Code   RO         2025    .text._Z14init_Commulinkv  commulink.o
    0x0800375a   0x0800375a   0x00000002   PAD
    0x0800375c   0x0800375c   0x00000060   Code   RO         1799    .text._Z14init_drv_Motorv  drv_pwmout.o
    0x080037bc   0x080037bc   0x0000008e   Code   RO         1415    .text._Z15LCD_Address_Settttt  drv_lcd.o
    0x0800384a   0x0800384a   0x00000002   PAD
    0x0800384c   0x0800384c   0x000000cc   Code   RO         1801    .text._Z15init_drv_PWMOutv  drv_pwmout.o
    0x08003918   0x08003918   0x000000c6   Code   RO         1937    .text._Z21UltraSonic_valuetancev  drv_hcsr04.o
    0x080039de   0x080039de   0x00000002   PAD
    0x080039e0   0x080039e0   0x000000a0   Code   RO         1814    .text._Z21drv_Encoder_Init_TIM3v  drv_encoder.o
    0x08003a80   0x08003a80   0x0000009e   Code   RO         1816    .text._Z21drv_Encoder_Init_TIM4v  drv_encoder.o
    0x08003b1e   0x08003b1e   0x00000002   PAD
    0x08003b20   0x08003b20   0x0000005a   Code   RO         1890    .text._Z4Playv      drv_beep.o
    0x08003b7a   0x08003b7a   0x00000002   PAD
    0x08003b7c   0x08003b7c   0x00000050   Code   RO         1795    .text._Z8L_PWMseti  drv_pwmout.o
    0x08003bcc   0x08003bcc   0x00000058   Code   RO         1797    .text._Z8R_PWMseti  drv_pwmout.o
    0x08003c24   0x08003c24   0x00000844   Code   RO         2001    .text._Z8init_GUIv  gui.o
    0x08004468   0x08004468   0x00000036   Code   RO         1894    .text._Z9BEEP_Initv  drv_beep.o
    0x0800449e   0x0800449e   0x00000002   PAD
    0x080044a0   0x080044a0   0x00000002   Code   RO          153    .text._sys_exit     usart.o
    0x080044a2   0x080044a2   0x00000002   PAD
    0x080044a4   0x080044a4   0x00000042   Code   RO           97    .text.delay_init    delay.o
    0x080044e6   0x080044e6   0x00000002   PAD
    0x080044e8   0x080044e8   0x0000005a   Code   RO          101    .text.delay_ms      delay.o
    0x08004542   0x08004542   0x00000002   PAD
    0x08004544   0x08004544   0x0000005a   Code   RO           99    .text.delay_us      delay.o
    0x0800459e   0x0800459e   0x00000002   PAD
    0x080045a0   0x080045a0   0x000000a4   Code   RO         1853    .text.init_drv_Uart1  drv_uart1.o
    0x08004644   0x08004644   0x0000001e   Code   RO         1465    .text.kalman_filter_init  self_filter.o
    0x08004662   0x08004662   0x00000002   PAD
    0x08004664   0x08004664   0x000004f0   Code   RO            2    .text.main          main.o
    0x08004b54   0x08004b54   0x0000003e   Code   RO         2436    CL$$btod_d2e        c_wu.l(btod.o)
    0x08004b92   0x08004b92   0x00000046   Code   RO         2438    CL$$btod_d2e_denorm_low  c_wu.l(btod.o)
    0x08004bd8   0x08004bd8   0x00000060   Code   RO         2437    CL$$btod_d2e_norm_op1  c_wu.l(btod.o)
    0x08004c38   0x08004c38   0x00000338   Code   RO         2446    CL$$btod_div_common  c_wu.l(btod.o)
    0x08004f70   0x08004f70   0x000000dc   Code   RO         2443    CL$$btod_e2e        c_wu.l(btod.o)
    0x0800504c   0x0800504c   0x0000002a   Code   RO         2440    CL$$btod_ediv       c_wu.l(btod.o)
    0x08005076   0x08005076   0x0000002a   Code   RO         2439    CL$$btod_emul       c_wu.l(btod.o)
    0x080050a0   0x080050a0   0x00000244   Code   RO         2445    CL$$btod_mult_common  c_wu.l(btod.o)
    0x080052e4   0x080052e4   0x00000028   Code   RO         2383    i.__ARM_fpclassify  m_ws.l(fpclassify.o)
    0x0800530c   0x0800530c   0x0000000e   Code   RO         2087    i._is_digit         c_wu.l(__printf_wp.o)
    0x0800531a   0x0800531a   0x00000002   PAD
    0x0800531c   0x0800531c   0x0000002c   Code   RO         2465    locale$$code        c_wu.l(lc_numeric_c.o)
    0x08005348   0x08005348   0x0000002c   Code   RO         2495    locale$$code        c_wu.l(lc_ctype_c.o)
    0x08005374   0x08005374   0x00000062   Code   RO         2113    x$fpl$d2f           fz_ws.l(d2f.o)
    0x080053d6   0x080053d6   0x00000002   PAD
    0x080053d8   0x080053d8   0x000002b0   Code   RO         2124    x$fpl$ddiv          fz_ws.l(ddiv.o)
    0x08005688   0x08005688   0x0000002e   Code   RO         2136    x$fpl$dflt          fz_ws.l(dflt_clz.o)
    0x080056b6   0x080056b6   0x00000002   PAD
    0x080056b8   0x080056b8   0x00000154   Code   RO         2141    x$fpl$dmul          fz_ws.l(dmul.o)
    0x0800580c   0x0800580c   0x0000009c   Code   RO         2268    x$fpl$dnaninf       fz_ws.l(dnaninf.o)
    0x080058a8   0x080058a8   0x0000000c   Code   RO         2270    x$fpl$dretinf       fz_ws.l(dretinf.o)
    0x080058b4   0x080058b4   0x00000056   Code   RO         2143    x$fpl$f2d           fz_ws.l(f2d.o)
    0x0800590a   0x0800590a   0x00000002   PAD
    0x0800590c   0x0800590c   0x000000c4   Code   RO         2145    x$fpl$fadd          fz_ws.l(faddsub_clz.o)
    0x080059d0   0x080059d0   0x00000036   Code   RO         2157    x$fpl$ffix          fz_ws.l(ffix.o)
    0x08005a06   0x08005a06   0x00000002   PAD
    0x08005a08   0x08005a08   0x0000003e   Code   RO         2161    x$fpl$ffixu         fz_ws.l(ffixu.o)
    0x08005a46   0x08005a46   0x00000002   PAD
    0x08005a48   0x08005a48   0x00000030   Code   RO         2166    x$fpl$fflt          fz_ws.l(fflt_clz.o)
    0x08005a78   0x08005a78   0x00000026   Code   RO         2165    x$fpl$ffltu         fz_ws.l(fflt_clz.o)
    0x08005a9e   0x08005a9e   0x00000002   PAD
    0x08005aa0   0x08005aa0   0x00000102   Code   RO         2171    x$fpl$fmul          fz_ws.l(fmul.o)
    0x08005ba2   0x08005ba2   0x0000008c   Code   RO         2278    x$fpl$fnaninf       fz_ws.l(fnaninf.o)
    0x08005c2e   0x08005c2e   0x0000000a   Code   RO         2280    x$fpl$fretinf       fz_ws.l(fretinf.o)
    0x08005c38   0x08005c38   0x000000ea   Code   RO         2147    x$fpl$fsub          fz_ws.l(faddsub_clz.o)
    0x08005d22   0x08005d22   0x00000004   Code   RO         2173    x$fpl$printf1       fz_ws.l(printf1.o)
    0x08005d26   0x08005d26   0x00000000   Code   RO         2284    x$fpl$usenofp       fz_ws.l(usenofp.o)
    0x08005d26   0x08005d26   0x00000011   Data   RO         2090    .constdata          c_wu.l(__printf_flags_wp.o)
    0x08005d37   0x08005d37   0x00000001   PAD
    0x08005d38   0x08005d38   0x00000094   Data   RO         2434    .constdata          c_wu.l(bigflt0.o)
    0x08005dcc   0x08005dcc   0x00000004   Data   RO          907    .rodata.ADCPrescTable  stm32f10x_rcc.o
    0x08005dd0   0x08005dd0   0x00000010   Data   RO          906    .rodata.APBAHBPrescTable  stm32f10x_rcc.o
    0x08005de0   0x08005de0   0x00000474   Data   RO         1966    .rodata.ascii_1206  font.o
    0x08006254   0x08006254   0x00000600   Data   RO         1967    .rodata.ascii_1608  font.o
    0x08006854   0x08006854   0x000011d0   Data   RO         1968    .rodata.ascii_2412  font.o
    0x08007a24   0x08007a24   0x000017c0   Data   RO         1969    .rodata.ascii_3216  font.o
    0x080091e4   0x080091e4   0x0000000e   Data   RO           40    .rodata.str1.1      main.o
    0x080091f2   0x080091f2   0x00000002   PAD
    0x080091f4   0x080091f4   0x00000020   Data   RO         2641    Region$$Table       anon$$obj.o
    0x08009214   0x08009214   0x0000001c   Data   RO         2464    locale$$data        c_wu.l(lc_numeric_c.o)
    0x08009230   0x08009230   0x00000110   Data   RO         2494    locale$$data        c_wu.l(lc_ctype_c.o)


    Execution Region ER_RW (Exec base: 0x20000000, Load base: 0x08009340, Size: 0x00000024, Max: 0xffffffff, ABSOLUTE)

    Exec Addr    Load Addr    Size         Type   Attr      Idx    E Section Name        Object

    0x20000000   0x08009340   0x00000004   Data   RW           25    .data.Balance_Kd    main.o
    0x20000004   0x08009344   0x00000004   Data   RW           24    .data.Balance_Kp    main.o
    0x20000008   0x08009348   0x00000001   Data   RW         1861    .data.Flag_sudu     drv_uart1.o
    0x20000009   0x08009349   0x00000003   PAD
    0x2000000c   0x0800934c   0x00000004   Data   RW           35    .data.L_PWM         main.o
    0x20000010   0x08009350   0x00000004   Data   RW           22    .data.Middle_angle  main.o
    0x20000014   0x08009354   0x00000004   Data   RW           36    .data.R_PWM         main.o
    0x20000018   0x08009358   0x00000004   Data   RW           84    .data.SystemCoreClock  system_stm32f10x.o
    0x2000001c   0x0800935c   0x00000004   Data   RW           26    .data.Velocity_Ki   main.o
    0x20000020   0x08009360   0x00000004   Data   RW           23    .data.Velocity_Kp   main.o


    Execution Region ER_ZI (Exec base: 0x20000028, Load base: 0x08009364, Size: 0x000007f0, Max: 0xffffffff, ABSOLUTE)

    Exec Addr    Load Addr    Size         Type   Attr      Idx    E Section Name        Object

    0x20000028        -       0x00000060   Zero   RW         2397    .bss                c_wu.l(libspace.o)
    0x20000088        -       0x00000001   Zero   RW         1858    .bss.Flag_Hou       drv_uart1.o
    0x20000089        -       0x00000001   Zero   RW         1859    .bss.Flag_Left      drv_uart1.o
    0x2000008a        -       0x00000001   Zero   RW         1857    .bss.Flag_Qian      drv_uart1.o
    0x2000008b        -       0x00000001   Zero   RW         1860    .bss.Flag_Right     drv_uart1.o
    0x2000008c        -       0x00000004   Zero   RW           31    .bss.L_code         main.o
    0x20000090        -       0x00000004   Zero   RW           33    .bss.L_count        main.o
    0x20000094        -       0x00000004   Zero   RW           39    .bss.PWM            main.o
    0x20000098        -       0x00000004   Zero   RW         1550    .bss.Pitch          mpu6050.o
    0x2000009c        -       0x00000014   Zero   RW           16    .bss.RCC_CLK        main.o
    0x200000b0        -       0x00000004   Zero   RW           32    .bss.R_code         main.o
    0x200000b4        -       0x00000004   Zero   RW           34    .bss.R_count        main.o
    0x200000b8        -       0x00000004   Zero   RW         1551    .bss.Roll           mpu6050.o
    0x200000bc        -       0x00000004   Zero   RW           17    .bss.VDDA           main.o
    0x200000c0        -       0x00000004   Zero   RW         1552    .bss.Yaw            mpu6050.o
    0x200000c4        -       0x00000001   Zero   RW         1875    .bss.all_parameters  drv_uart1.o
    0x200000c5   0x08009364   0x00000001   PAD
    0x200000c6        -       0x0000000c   Zero   RW         1547    .bss.ave_predata    mpu6050.o
    0x200000d2        -       0x00000007   Zero   RW         1872    .bss.buffer         drv_uart1.o
    0x200000d9   0x08009364   0x00000003   PAD
    0x200000dc        -       0x00000004   Zero   RW         1873    .bss.buffer_index   drv_uart1.o
    0x200000e0        -       0x00000004   Zero   RW         1942    .bss.countnum       drv_hcsr04.o
    0x200000e4        -       0x00000024   Zero   RW         1869    .bss.data_array     drv_uart1.o
    0x20000108        -       0x00000004   Zero   RW         1870    .bss.data_index     drv_uart1.o
    0x2000010c        -       0x00000002   Zero   RW          104    .bss.fac_ms         delay.o
    0x2000010e        -       0x00000001   Zero   RW          103    .bss.fac_us         delay.o
    0x2000010f   0x08009364   0x00000001   PAD
    0x20000110        -       0x00000004   Zero   RW         1878    .bss.in             drv_uart1.o
    0x20000114        -       0x00000001   Zero   RW         1871    .bss.inside_brackets  drv_uart1.o
    0x20000115   0x08009364   0x00000003   PAD
    0x20000118        -       0x00000024   Zero   RW         1549    .bss.kf_pitch       mpu6050.o
    0x2000013c        -       0x00000024   Zero   RW         1548    .bss.kf_roll        mpu6050.o
    0x20000160        -       0x0000000c   Zero   RW         1546    .bss.predata        mpu6050.o
    0x2000016c        -       0x00000001   Zero   RW         1876    .bss.read_index     drv_uart1.o
    0x2000016d        -       0x00000050   Zero   RW         1877    .bss.rec            drv_uart1.o
    0x200001bd        -       0x00000001   Zero   RW         1545    .bss.res            mpu6050.o
    0x200001be        -       0x00000032   Zero   RW           38    .bss.str            main.o
    0x200001f0        -       0x00000004   Zero   RW         1865    .bss.turn180left    drv_uart1.o
    0x200001f4        -       0x00000004   Zero   RW         1866    .bss.turn180right   drv_uart1.o
    0x200001f8        -       0x00000004   Zero   RW         1867    .bss.turn360left    drv_uart1.o
    0x200001fc        -       0x00000004   Zero   RW         1868    .bss.turn360right   drv_uart1.o
    0x20000200        -       0x00000004   Zero   RW         1863    .bss.turn90left     drv_uart1.o
    0x20000204        -       0x00000004   Zero   RW         1864    .bss.turn90right    drv_uart1.o
    0x20000208        -       0x00000004   Zero   RW           29    .bss.turn_PWM       main.o
    0x2000020c        -       0x00000004   Zero   RW           30    .bss.turn_angle     main.o
    0x20000210        -       0x00000004   Zero   RW         1862    .bss.uart_receive   drv_uart1.o
    0x20000214        -       0x00000001   Zero   RW         1874    .bss.update_single_value  drv_uart1.o
    0x20000215   0x08009364   0x00000003   PAD
    0x20000218        -       0x00000200   Zero   RW          169    HEAP                startup_stm32f10x_hd.o
    0x20000418        -       0x00000400   Zero   RW          168    STACK               startup_stm32f10x_hd.o


==============================================================================

Image component sizes


      Code (inc. data)   RO Data    RW Data    ZI Data      Debug   Object Name

       252          0          0          0          0       3278   adc.o
         4          0          0          0          0      15902   commulink.o
       246          0          0          0          3       1629   delay.o
       144          0          0          0          0       3966   drv_beep.o
       400          0          0          0          0      10815   drv_encoder.o
       382          0          0          0          4       9488   drv_hcsr04.o
       154          0          0          0          0      12921   drv_key.o
      1278          0          0          0          0       7782   drv_lcd.o
       234          0          0          0          0      12423   drv_led.o
       468          0          0          0          0      11796   drv_pwmout.o
      1212         78          0          1        171      15639   drv_uart1.o
         0          0      13316          0          0       7691   font.o
      2518          6          0          0          0      25841   gui.o
      1520         32         14         28        102      14844   main.o
       142          0          0          0          0       3234   misc.o
       596          0          0          0        109       7691   mpu6050.o
      1324          0          0          0          0       5642   mpuiic.o
        30          0          0          0          0       2271   self_filter.o
        64         26        304          0       1536        800   startup_stm32f10x_hd.o
       368          0          0          0          0       9979   stm32f10x_adc.o
       108          0          0          0          0       2912   stm32f10x_exti.o
       914          0          0          0          0       8475   stm32f10x_gpio.o
        12          0          0          0          0        917   stm32f10x_it.o
       292          0         20          0          0       8155   stm32f10x_rcc.o
      2092          0          0          0          0      23550   stm32f10x_tim.o
       308          0          0          0          0       8044   stm32f10x_usart.o
       312          0          0          0          0       5543   sys.o
       342          0          0          4          0       2910   system_stm32f10x.o
         2          0          0          0          0       1767   usart.o

    ----------------------------------------------------------------------
     15840        142      13688         36       1936     245905   Object Totals
         0          0         32          0          0          0   (incl. Generated)
       122          0          2          3         11          0   (incl. Padding)

    ----------------------------------------------------------------------

      Code (inc. data)   RO Data    RW Data    ZI Data      Debug   Library Member Name

         8          0          0          0          0         68   __main.o
       312          4         17          0          0         92   __printf_flags_wp.o
        14          0          0          0          0         68   __printf_wp.o
         0          0          0          0          0          0   __rtentry.o
        12          0          0          0          0          0   __rtentry2.o
         6          0          0          0          0          0   __rtentry4.o
        52          8          0          0          0          0   __scatter.o
        26          0          0          0          0          0   __scatter_copy.o
        28          0          0          0          0          0   __scatter_zi.o
        28          0          0          0          0         68   _chval.o
        48          6          0          0          0         96   _printf_char_common.o
         6          0          0          0          0          0   _printf_d.o
       120         16          0          0          0         92   _printf_dec.o
         6          0          0          0          0          0   _printf_f.o
      1052          0          0          0          0        148   _printf_fp_dec.o
       128         16          0          0          0         84   _printf_fp_infnan.o
       178          0          0          0          0         88   _printf_intcommon.o
        78          0          0          0          0        108   _printf_pad.o
         0          0          0          0          0          0   _printf_percent.o
         4          0          0          0          0          0   _printf_percent_end.o
        10          0          0          0          0         68   _sputc.o
       158          0          0          0          0         92   _strtoul.o
        26          0          0          0          0         80   atoi.o
       228          4        148          0          0         96   bigflt0.o
      1936        128          0          0          0        672   btod.o
        18          0          0          0          0         80   exit.o
         6          0          0          0          0        152   heapauxi.o
        44         10        272          0          0         76   lc_ctype_c.o
        44         10         28          0          0         76   lc_numeric_c.o
         2          0          0          0          0          0   libinit.o
        30          0          0          0          0          0   libinit2.o
         2          0          0          0          0          0   libshutdown.o
         2          0          0          0          0          0   libshutdown2.o
         8          4          0          0         96         68   libspace.o
       138          0          0          0          0         80   lludiv10.o
        40          6          0          0          0         84   noretval__2sprintf.o
        16          4          0          0          0         76   rt_ctype_table.o
         8          4          0          0          0         68   rt_errno_addr_intlibspace.o
         8          4          0          0          0         68   rt_locale_intlibspace.o
         2          0          0          0          0          0   rtexit.o
        10          0          0          0          0          0   rtexit2.o
       128          0          0          0          0         68   strcmpv7m.o
       112          0          0          0          0         88   strtol.o
        74          0          0          0          0         80   sys_stackheap_outer.o
         2          0          0          0          0         68   use_no_semi.o
         2          0          0          0          0         68   use_no_semi_2.o
        98          4          0          0          0         92   d2f.o
       688        140          0          0          0        216   ddiv.o
        46          0          0          0          0         68   dflt_clz.o
       340         12          0          0          0        104   dmul.o
       156          4          0          0          0         92   dnaninf.o
        12          0          0          0          0         68   dretinf.o
        86          4          0          0          0         84   f2d.o
       430          8          0          0          0        168   faddsub_clz.o
        54          4          0          0          0         84   ffix.o
        62          4          0          0          0         84   ffixu.o
        86          0          0          0          0        136   fflt_clz.o
       258          4          0          0          0         84   fmul.o
       140          4          0          0          0         84   fnaninf.o
        10          0          0          0          0         68   fretinf.o
         4          0          0          0          0         68   printf1.o
         0          0          0          0          0          0   usenofp.o
        40          0          0          0          0         68   fpclassify.o

    ----------------------------------------------------------------------
      7702        412        466          0         96       4688   Library Totals
        32          0          1          0          0          0   (incl. Padding)

    ----------------------------------------------------------------------

      Code (inc. data)   RO Data    RW Data    ZI Data      Debug   Library Name

      5160        224        465          0         96       3120   c_wu.l
      2470        188          0          0          0       1500   fz_ws.l
        40          0          0          0          0         68   m_ws.l

    ----------------------------------------------------------------------
      7702        412        466          0         96       4688   Library Totals

    ----------------------------------------------------------------------

==============================================================================


      Code (inc. data)   RO Data    RW Data    ZI Data      Debug   

     23542        554      14154         36       2032     247573   Grand Totals
     23542        554      14154         36       2032     247573   ELF Image Totals
     23542        554      14154         36          0          0   ROM Totals

==============================================================================

    Total RO  Size (Code + RO Data)                37696 (  36.81kB)
    Total RW  Size (RW Data + ZI Data)              2068 (   2.02kB)
    Total ROM Size (Code + RO Data + RW Data)      37732 (  36.85kB)

==============================================================================

