<html>
<body>
<pre>
<h1>µVision Build Log</h1>
<h2>Tool Versions:</h2>
IDE-Version: ¦ÌVision V5.26.2.0
Copyright (C) 2018 ARM Ltd and ARM Germany GmbH. All rights reserved.
License Information: x ´ºÏþ, x, LIC=UJWP0-BC9VK-MMJ9I-TIJY3-BQK62-540L0
 
Tool Versions:
Toolchain:       MDK-ARM Plus  Version: 5.26.2.0
Toolchain Path:  D:\keil5.38\ARM\ARMCLANG\Bin
C Compiler:      ArmClang.exe V6.10.1
Assembler:       Armasm.exe V6.10.1
Linker/Locator:  ArmLink.exe V6.10.1
Library Manager: ArmAr.exe V6.10.1
Hex Converter:   FromElf.exe V6.10.1
CPU DLL:         SARMCM3.DLL V5.26.2.0
Dialog DLL:      DCM.DLL V1.17.2.0
Target DLL:      STLink\ST-LINKIII-KEIL_SWO.dll V3.0.5.0
Dialog DLL:      TCM.DLL V1.36.1.0
 
<h2>Project:</h2>
D:\keil5 project\delivery_medicine_car\base\USER\WhuFlyCar.uvprojx
Project File Date:  06/30/2023

<h2>Output:</h2>
*** Using Compiler 'V6.10.1', folder: 'D:\keil5.38\ARM\ARMCLANG\Bin'
Build target 'delivery_medicine_car'
assembling startup_stm32f10x_hd.s...
compiling misc.c...
compiling main.cpp...
compiling stm32f10x_crc.c...
compiling stm32f10x_bkp.c...
compiling stm32f10x_dbgmcu.c...
compiling stm32f10x_it.c...
compiling delay.c...
compiling stm32f10x_cec.c...
compiling stm32f10x_dac.c...
compiling system_stm32f10x.c...
compiling usart.c...
compiling sys.c...
compiling stm32f10x_adc.c...
compiling stm32f10x_dma.c...
compiling stm32f10x_can.c...
compiling stm32f10x_exti.c...
compiling stm32f10x_flash.c...
compiling stm32f10x_fsmc.c...
compiling stm32f10x_gpio.c...
compiling stm32f10x_iwdg.c...
compiling stm32f10x_pwr.c...
compiling stm32f10x_rcc.c...
compiling stm32f10x_i2c.c...
compiling stm32f10x_rtc.c...
compiling stm32f10x_sdio.c...
compiling stm32f10x_spi.c...
compiling stm32f10x_tim.c...
compiling stm32f10x_usart.c...
compiling stm32f10x_wwdg.c...
compiling drv_LED.cpp...
compiling drv_Main.cpp...
compiling drv_LCD.cpp...
compiling drv_Key.cpp...
compiling self_filter.c...
compiling mpuiic.c...
compiling MPU6050.c...
compiling inv_mpu_dmp_motion_driver.c...
compiling drv_PWMOut.cpp...
compiling drv_Encoder.cpp...
compiling adc.c...
compiling drv_beep.cpp...
compiling drv_Uart1.cpp...
compiling inv_mpu.c...
compiling control.cpp...
compiling drv_hcsr04.cpp...
compiling drv_Uart3.cpp...
../Drivers/drv_Uart3.hpp(1): warning: #pragma once in main file [-Wpragma-once-outside-header]
#pragma once
        ^
1 warning generated.
compiling drv_Uart3.hpp...
compiling Basic.cpp...
compiling Font.cpp...
compiling GUI_Images.cpp...
compiling GUI.cpp...
compiling Commulink.cpp...
linking...
Program Size: Code=44970 RO-data=17686 RW-data=56 ZI-data=2400  
FromELF: creating hex file...
"..\OBJ\WhuFlyCar.axf" - 0 Error(s), 1 Warning(s).

<h2>Software Packages used:</h2>

Package Vendor: Keil
                http://www.keil.com/pack/Keil.STM32F1xx_DFP.2.4.0.pack
                Keil.STM32F1xx_DFP.2.4.0
                STMicroelectronics STM32F1 Series Device Support, Drivers and Examples

<h2>Collection of Component include folders:</h2>
  .\RTE\_delivery_medicine_car
  D:\keil5.38\ARM\PACK\Keil\STM32F1xx_DFP\2.4.0\Device\Include

<h2>Collection of Component Files used:</h2>
Build Time Elapsed:  00:00:15
</pre>
</body>
</html>
